******************************************************************************
                  TI ARM Linker PC v18.12.7                    
******************************************************************************
>> Linked Fri Apr 23 11:52:52 2021

OUTPUT FILE NAME:   <Lab10Part3.out>
ENTRY POINT SYMBOL: "_c_int00_noargs"  address: 00003041


MEMORY CONFIGURATION

         name            origin    length      used     unused   attr    fill
----------------------  --------  ---------  --------  --------  ----  --------
  MAIN                  00000000   00040000  0000348c  0003cb74  R  X
  INFO                  00200000   00004000  00000000  00004000  R  X
  SRAM_CODE             01000000   00010000  000009b8  0000f648  RW X
  SRAM_DATA             20000000   00010000  000009b8  0000f648  RW  


SEGMENT ALLOCATION MAP

run origin  load origin   length   init length attrs members
----------  ----------- ---------- ----------- ----- -------
00000000    00000000    00003490   00003490    r-x
  00000000    00000000    000000e4   000000e4    r-- .intvecs
  000000e4    000000e4    00003208   00003208    r-x .text
  000032ec    000032ec    00000108   00000108    r-- .const
  000033f8    000033f8    00000098   00000098    r-- .cinit
20000000    20000000    000007b8   00000000    rw-
  20000000    20000000    00000400   00000000    rw- .sysmem
  20000400    20000400    000001f0   00000000    rw- .data
  200005f0    200005f0    000001c8   00000000    rw- .bss
2000fe00    2000fe00    00000200   00000000    rw-
  2000fe00    2000fe00    00000200   00000000    rw- .stack


SECTION ALLOCATION MAP

 output                                  attributes/
section   page    origin      length       input sections
--------  ----  ----------  ----------   ----------------
.intvecs   0    00000000    000000e4     
                  00000000    000000e4     startup_msp432p401r_ccs.obj (.intvecs:retain)

.text      0    000000e4    00003208     
                  000000e4    00000a4e     rtsv7M4_T_le_v4SPD16_eabi.lib : _printfi.c.obj (.text:__TI_printfi)
                  00000b32    00000002                                   : _lock.c.obj (.text:_nop)
                  00000b34    00000334     system_msp432p401r.obj (.text)
                  00000e68    00000284     FuncsPart3.obj (.text)
                  000010ec    00000270     rtsv7M4_T_le_v4SPD16_eabi.lib : _printfi.c.obj (.text:_pconv_a)
                  0000135c    000001d0                                   : _printfi.c.obj (.text:_pconv_g)
                  0000152c    000001b8     part3main.obj (.text)
                  000016e4    000001b6     rtsv7M4_T_le_v4SPD16_eabi.lib : fd_add_t2.asm.obj (.text)
                  0000189a    00000002                                   : div0.asm.obj (.text)
                  0000189c    0000013c                                   : _printfi.c.obj (.text:_pconv_e)
                  000019d8    00000136                                   : fd_div_t2.asm.obj (.text)
                  00001b0e    00000002     --HOLE-- [fill = 0]
                  00001b10    00000124                                   : _printfi.c.obj (.text:fcvt)
                  00001c34    00000118                                   : memory.c.obj (.text:aligned_alloc)
                  00001d4c    00000114                                   : fputs.c.obj (.text:fputs)
                  00001e60    00000110                                   : s_scalbn.c.obj (.text:scalbn)
                  00001f70    000000fc                                   : fd_mul_t2.asm.obj (.text)
                  0000206c    000000e4                                   : memory.c.obj (.text:free)
                  00002150    000000dc                                   : setvbuf.c.obj (.text:setvbuf)
                  0000222c    000000b1                                   : _printfi.c.obj (.text:_ltostr)
                  000022dd    00000001     --HOLE-- [fill = 0]
                  000022de    0000009c                                   : memcpy_t2.asm.obj (.text)
                  0000237a    00000096                                   : ull_div_t2.asm.obj (.text)
                  00002410    0000008c                                   : fputc.c.obj (.text:fputc)
                  0000249c    00000086                                   : fd_cmp_t2.asm.obj (.text:__aeabi_cdcmple)
                  00002522    00000086                                   : fd_cmp_t2.asm.obj (.text:__aeabi_cdrcmple)
                  000025a8    0000007a                                   : memset_t2.asm.obj (.text)
                  00002622    00000002     --HOLE-- [fill = 0]
                  00002624    00000074                                   : fclose.c.obj (.text:__TI_closefile)
                  00002698    00000070                                   : memory.c.obj (.text:split)
                  00002708    0000006e                                   : _printfi.c.obj (.text:_mcpy)
                  00002776    00000002     --HOLE-- [fill = 0]
                  00002778    0000006c                                   : hostrename.c.obj (.text:HOSTrename)
                  000027e4    00000068                                   : hostlseek.c.obj (.text:HOSTlseek)
                  0000284c    00000068                                   : copy_decompress_lzss.c.obj (.text:decompress:lzss:__TI_decompress_lzss)
                  000028b4    00000068                                   : printf.c.obj (.text:printf)
                  0000291c    00000064                                   : s_frexp.c.obj (.text:frexp)
                  00002980    00000064                                   : fseek.c.obj (.text:fseek)
                  000029e4    00000062                                   : _io_perm.c.obj (.text:__TI_wrt_ok)
                  00002a46    00000002     --HOLE-- [fill = 0]
                  00002a48    00000060                                   : hostopen.c.obj (.text:HOSTopen)
                  00002aa8    0000005c                                   : close.c.obj (.text:close)
                  00002b04    00000058                                   : hostread.c.obj (.text:HOSTread)
                  00002b5c    00000058                                   : hostwrite.c.obj (.text:HOSTwrite)
                  00002bb4    00000056                                   : _printfi.c.obj (.text:_pconv_f)
                  00002c0a    00000054                                   : ltoa.c.obj (.text:ltoa)
                  00002c5e    00000052                                   : _printfi.c.obj (.text:_ecpy)
                  00002cb0    0000004c                                   : fflush.c.obj (.text:__TI_doflush)
                  00002cfc    0000004c                                   : atoi.c.obj (.text:atoi)
                  00002d48    00000048                                   : exit.c.obj (.text:exit)
                  00002d90    00000048                                   : fd_toi_t2.asm.obj (.text)
                  00002dd8    00000044                                   : hostclose.c.obj (.text:HOSTclose)
                  00002e1c    00000044                                   : hostunlink.c.obj (.text:HOSTunlink)
                  00002e60    00000044                                   : autoinit.c.obj (.text:__TI_auto_init_nobinit_nopinit:__TI_auto_init_nobinit_nopinit)
                  00002ea4    00000044                                   : getdevice.c.obj (.text:getdevice)
                  00002ee8    00000040                                   : sprintf.c.obj (.text:sprintf)
                  00002f28    0000003e                                   : _printfi.c.obj (.text:_fcpy)
                  00002f66    00000002     --HOLE-- [fill = 0]
                  00002f68    00000038                                   : trgmsg.c.obj (.text:__TI_writemsg)
                  00002fa0    00000036                                   : strncpy.c.obj (.text:strncpy)
                  00002fd6    00000002     --HOLE-- [fill = 0]
                  00002fd8    00000034                                   : fopen.c.obj (.text:__TI_cleanup)
                  0000300c    00000034                                   : trgmsg.c.obj (.text:__TI_readmsg)
                  00003040    00000034                                   : boot_cortex_m.c.obj (.text:_c_int00_noargs:_c_int00_noargs)
                  00003074    00000030                                   : getdevice.c.obj (.text:finddevice)
                  000030a4    0000002e                                   : i_tofd_t2.asm.obj (.text)
                  000030d2    00000002     --HOLE-- [fill = 0]
                  000030d4    0000002c                                   : unlink.c.obj (.text:unlink)
                  00003100    00000028                                   : memory.c.obj (.text:free_list_insert)
                  00003128    00000028                                   : lseek.c.obj (.text:lseek)
                  00003150    00000028                                   : write.c.obj (.text:write)
                  00003178    00000020                                   : memchr.c.obj (.text:memchr)
                  00003198    00000020                                   : u_tofd_t2.asm.obj (.text)
                  000031b8    0000001c                                   : copy_zero_init.c.obj (.text:decompress:ZI:__TI_zero_init_nomemset:__TI_zero_init_nomemset)
                  000031d4    0000001c                                   : memory.c.obj (.text:free_list_remove)
                  000031f0    0000001c                                   : memccpy.c.obj (.text:memccpy)
                  0000320c    0000001a                                   : s_copysign.c.obj (.text:copysign)
                  00003226    00000018                                   : sprintf.c.obj (.text:_outs)
                  0000323e    00000018                                   : strcmp.c.obj (.text:strcmp)
                  00003256    00000016                                   : strchr.c.obj (.text:strchr)
                  0000326c    00000014                                   : strcpy.c.obj (.text:strcpy)
                  00003280    00000014                                   : strlen.c.obj (.text:strlen)
                  00003294    00000012                                   : wcslen.c.obj (.text:wcslen)
                  000032a6    0000000e                                   : copy_decompress_none.c.obj (.text:decompress:none:__TI_decompress_none)
                  000032b4    0000000e     startup_msp432p401r_ccs.obj (.text)
                  000032c2    0000000a     rtsv7M4_T_le_v4SPD16_eabi.lib : sprintf.c.obj (.text:_outc)
                  000032cc    00000008                                   : errno.c.obj (.text:__aeabi_errno_addr)
                  000032d4    00000008                                   : memory.c.obj (.text:malloc)
                  000032dc    00000004                                   : printf.c.obj (.text:_outc)
                  000032e0    00000004                                   : printf.c.obj (.text:_outs)
                  000032e4    00000004                                   : pre_init.c.obj (.text:_system_pre_init)
                  000032e8    00000004                                   : exit.c.obj (.text:abort:abort)

.const     0    000032ec    00000108     
                  000032ec    00000101     rtsv7M4_T_le_v4SPD16_eabi.lib : ctype.c.obj (.const:.string:_ctypes_)
                  000033ed    00000007     FuncsPart3.obj (.const:.string:$P$T0$1)

.cinit     0    000033f8    00000098     
                  000033f8    0000006e     (.cinit..data.load) [load image, compression = lzss]
                  00003466    00000002     --HOLE-- [fill = 0]
                  00003468    0000000c     (__TI_handler_table)
                  00003474    00000004     --HOLE-- [fill = 0]
                  00003478    00000008     (.cinit..bss.load) [load image, compression = zero_init]
                  00003480    00000010     (__TI_cinit_table)

.init_array 
*          0    00000000    00000000     UNINITIALIZED

.binit     0    00000000    00000000     

.sysmem    0    20000000    00000400     UNINITIALIZED
                  20000000    00000010     rtsv7M4_T_le_v4SPD16_eabi.lib : memory.c.obj (.sysmem)
                  20000010    000003f0     --HOLE--

.data      0    20000400    000001f0     UNINITIALIZED
                  20000400    000000f0     rtsv7M4_T_le_v4SPD16_eabi.lib : defs.c.obj (.data:_ftable)
                  200004f0    00000078                                   : host_device.c.obj (.data:_device)
                  20000568    00000050                                   : host_device.c.obj (.data:_stream)
                  200005b8    00000010                                   : defs.c.obj (.data)
                  200005c8    0000000c                                   : exit.c.obj (.data:$O1$$)
                  200005d4    00000008                                   : _lock.c.obj (.data:$O1$$)
                  200005dc    00000008                                   : memory.c.obj (.data:$O1$$)
                  200005e4    00000004     part3main.obj (.data)
                  200005e8    00000004     rtsv7M4_T_le_v4SPD16_eabi.lib : errno.c.obj (.data)
                  200005ec    00000004     system_msp432p401r.obj (.data)

.bss       0    200005f0    000001c8     UNINITIALIZED
                  200005f0    00000120     rtsv7M4_T_le_v4SPD16_eabi.lib : trgmsg.c.obj (.bss:_CIOBUF_)
                  20000710    000000a0     (.common:__TI_tmpnams)
                  200007b0    00000008     (.common:parmbuf)

.stack     0    2000fe00    00000200     UNINITIALIZED
                  2000fe00    00000004     rtsv7M4_T_le_v4SPD16_eabi.lib : boot_cortex_m.c.obj (.stack)
                  2000fe04    000001fc     --HOLE--

MODULE SUMMARY

       Module                        code    ro data   rw data
       ------                        ----    -------   -------
    .\
       system_msp432p401r.obj        820     0         8      
       FuncsPart3.obj                644     7         0      
       part3main.obj                 440     0         8      
       startup_msp432p401r_ccs.obj   14      228       0      
    +--+-----------------------------+-------+---------+---------+
       Total:                        1918    235       16     
                                                              
    C:\ti\ccs930\ccs\tools\compiler\ti-cgt-arm_18.12.7.LTS\lib\rtsv7M4_T_le_v4SPD16_eabi.lib
       _printfi.c.obj                4851    0         0      
       defs.c.obj                    0       0         832    
       memory.c.obj                  696     0         16     
       trgmsg.c.obj                  108     0         576    
       fd_add_t2.asm.obj             438     0         0      
       host_device.c.obj             0       0         400    
       fd_div_t2.asm.obj             310     0         0      
       fputs.c.obj                   276     0         0      
       s_scalbn.c.obj                272     0         0      
       fd_cmp_t2.asm.obj             268     0         0      
       ctype.c.obj                   0       257       0      
       fd_mul_t2.asm.obj             252     0         0      
       setvbuf.c.obj                 220     0         0      
       memcpy_t2.asm.obj             156     0         0      
       ull_div_t2.asm.obj            150     0         0      
       fputc.c.obj                   140     0         0      
       memset_t2.asm.obj             122     0         0      
       fclose.c.obj                  116     0         0      
       getdevice.c.obj               116     0         0      
       hostopen.c.obj                96      0         16     
       printf.c.obj                  112     0         0      
       hostrename.c.obj              108     0         0      
       copy_decompress_lzss.c.obj    104     0         0      
       hostlseek.c.obj               104     0         0      
       exit.c.obj                    76      0         24     
       fseek.c.obj                   100     0         0      
       s_frexp.c.obj                 100     0         0      
       _io_perm.c.obj                98      0         0      
       sprintf.c.obj                 98      0         0      
       close.c.obj                   92      0         0      
       hostread.c.obj                88      0         0      
       hostwrite.c.obj               88      0         0      
       ltoa.c.obj                    84      0         0      
       atoi.c.obj                    76      0         0      
       fflush.c.obj                  76      0         0      
       fd_toi_t2.asm.obj             72      0         0      
       autoinit.c.obj                68      0         0      
       hostclose.c.obj               68      0         0      
       hostunlink.c.obj              68      0         0      
       strncpy.c.obj                 54      0         0      
       boot_cortex_m.c.obj           52      0         0      
       fopen.c.obj                   52      0         0      
       i_tofd_t2.asm.obj             46      0         0      
       unlink.c.obj                  44      0         0      
       lseek.c.obj                   40      0         0      
       write.c.obj                   40      0         0      
       memchr.c.obj                  32      0         0      
       u_tofd_t2.asm.obj             32      0         0      
       copy_zero_init.c.obj          28      0         0      
       memccpy.c.obj                 28      0         0      
       s_copysign.c.obj              26      0         0      
       strcmp.c.obj                  24      0         0      
       strchr.c.obj                  22      0         0      
       strcpy.c.obj                  20      0         0      
       strlen.c.obj                  20      0         0      
       _lock.c.obj                   2       0         16     
       wcslen.c.obj                  18      0         0      
       errno.c.obj                   8       0         8      
       copy_decompress_none.c.obj    14      0         0      
       pre_init.c.obj                4       0         0      
       div0.asm.obj                  2       0         0      
    +--+-----------------------------+-------+---------+---------+
       Total:                        10875   257       1888   
                                                              
       Heap:                         0       0         2048   
       Stack:                        0       0         1024   
       Linker Generated:             0       146       0      
    +--+-----------------------------+-------+---------+---------+
       Grand Total:                  12793   638       4976   


LINKER GENERATED COPY TABLES

__TI_cinit_table @ 00003480 records: 2, size/record: 8, table size: 16
	.data: load addr=000033f8, load size=0000006e bytes, run addr=20000400, run size=000001f0 bytes, compression=lzss
	.bss: load addr=00003478, load size=00000008 bytes, run addr=200005f0, run size=000001c8 bytes, compression=zero_init


LINKER GENERATED HANDLER TABLE

__TI_handler_table @ 00003468 records: 3, size/record: 4, table size: 12
	index: 0, handler: __TI_decompress_lzss
	index: 1, handler: __TI_decompress_none
	index: 2, handler: __TI_zero_init


GLOBAL SYMBOLS: SORTED ALPHABETICALLY BY Name 

address   name                           
-------   ----                           
000032c1  ADC14_IRQHandler               
000032c1  AES256_IRQHandler              
000032c1  BusFault_Handler               
000032e9  C$$EXIT                        
00002f97  C$$IO$$                        
000032c1  COMP_E0_IRQHandler             
000032c1  COMP_E1_IRQHandler             
000032c1  CS_IRQHandler                  
000032c1  DMA_ERR_IRQHandler             
000032c1  DMA_INT0_IRQHandler            
000032c1  DMA_INT1_IRQHandler            
000032c1  DMA_INT2_IRQHandler            
000032c1  DMA_INT3_IRQHandler            
000032c1  DebugMon_Handler               
000032c1  Default_Handler                
000032c1  EUSCIA0_IRQHandler             
000032c1  EUSCIA1_IRQHandler             
000032c1  EUSCIA2_IRQHandler             
000032c1  EUSCIA3_IRQHandler             
000032c1  EUSCIB0_IRQHandler             
000032c1  EUSCIB1_IRQHandler             
000032c1  EUSCIB2_IRQHandler             
000032c1  EUSCIB3_IRQHandler             
000032c1  FLCTL_IRQHandler               
000032c1  FPU_IRQHandler                 
00002dd9  HOSTclose                      
000027e5  HOSTlseek                      
00002a49  HOSTopen                       
00002b05  HOSTread                       
00002779  HOSTrename                     
00002e1d  HOSTunlink                     
00002b5d  HOSTwrite                      
000032c1  HardFault_Handler              
00000e69  LCD_init                       
000032c1  MemManage_Handler              
000032c1  NMI_Handler                    
000032c1  PCM_IRQHandler                 
000032c1  PORT1_IRQHandler               
000032c1  PORT2_IRQHandler               
000032c1  PORT3_IRQHandler               
000032c1  PORT4_IRQHandler               
000032c1  PORT5_IRQHandler               
000032c1  PORT6_IRQHandler               
000032c1  PSS_IRQHandler                 
000032c1  PendSV_Handler                 
0000101b  PrintChar                      
00000f27  PulseEnablePin                 
000032c1  RTC_C_IRQHandler               
000032b5  Reset_Handler                  
000032c1  SVC_Handler                    
0000160d  SysTick_Handler                
0000160d  SysTick_Handler                
000015f3  SysTick_Init_interrupt         
200005ec  SystemCoreClock                
00000b35  SystemCoreClockUpdate          
00000dad  SystemInit                     
00001645  Systick_ms_delay               
00001615  Systick_us_delay               
000032c1  T32_INT1_IRQHandler            
000032c1  T32_INT2_IRQHandler            
000032c1  T32_INTC_IRQHandler            
000032c1  TA0_0_IRQHandler               
000032c1  TA0_N_IRQHandler               
000032c1  TA1_0_IRQHandler               
000032c1  TA1_N_IRQHandler               
000032c1  TA2_0_IRQHandler               
000032c1  TA2_N_IRQHandler               
000032c1  TA3_0_IRQHandler               
000032c1  TA3_N_IRQHandler               
00001055  UpdateTemp                     
000032c1  UsageFault_Handler             
4000480c  WDTCTL_SYM                     
000032c1  WDT_A_IRQHandler               
200005f0  __CIOBUF_                      
20010000  __STACK_END                    
00000200  __STACK_SIZE                   
00000400  __SYSMEM_SIZE                  
00003480  __TI_CINIT_Base                
00003490  __TI_CINIT_Limit               
00003468  __TI_Handler_Table_Base        
00003474  __TI_Handler_Table_Limit       
00002e61  __TI_auto_init_nobinit_nopinit 
00002fd9  __TI_cleanup                   
200005c8  __TI_cleanup_ptr               
00002625  __TI_closefile                 
0000284d  __TI_decompress_lzss           
000032a7  __TI_decompress_none           
00002cb1  __TI_doflush                   
200005cc  __TI_dtors_ptr                 
200005d0  __TI_enable_exit_profile_output
200005b8  __TI_ft_end                    
ffffffff  __TI_pprof_out_hndl            
000000e5  __TI_printfi                   
ffffffff  __TI_prof_data_size            
ffffffff  __TI_prof_data_start           
0000300d  __TI_readmsg                   
00000000  __TI_static_base__             
20000710  __TI_tmpnams                   
00002f69  __TI_writemsg                  
000029e5  __TI_wrt_ok                    
000031b9  __TI_zero_init_nomemset        
0000249d  __aeabi_cdcmpeq                
0000249d  __aeabi_cdcmple                
00002523  __aeabi_cdrcmple               
00002d91  __aeabi_d2iz                   
000016ef  __aeabi_dadd                   
000019d9  __aeabi_ddiv                   
00001f71  __aeabi_dmul                   
000016e5  __aeabi_dsub                   
000032cd  __aeabi_errno_addr             
000030a5  __aeabi_i2d                    
0000189b  __aeabi_idiv0                  
0000189b  __aeabi_ldiv0                  
000025a9  __aeabi_memclr                 
000025a9  __aeabi_memclr4                
000025a9  __aeabi_memclr8                
000022df  __aeabi_memcpy                 
000022df  __aeabi_memcpy4                
000022df  __aeabi_memcpy8                
000025ab  __aeabi_memset                 
000025ab  __aeabi_memset4                
000025ab  __aeabi_memset8                
200005c4  __aeabi_stderr                 
200005bc  __aeabi_stdin                  
200005c0  __aeabi_stdout                 
00003199  __aeabi_ui2d                   
0000237b  __aeabi_uldivmod               
ffffffff  __binit__                      
ffffffff  __c_args__                     
UNDEFED   __mpu_init                     
2000fe00  __stack                        
00003041  _c_int00_noargs                
000032ec  _ctypes_                       
200004f0  _device                        
20000400  _ftable                        
200005d4  _lock                          
00000b33  _nop                           
20000568  _stream                        
20000000  _sys_memory                    
UNDEFED   _system_post_cinit             
000032e5  _system_pre_init               
200005d8  _unlock                        
000032e9  abort                          
00000fd5  adcsetup                       
00001c35  aligned_alloc                  
00002cfd  atoi                           
ffffffff  binit                          
00002aa9  close                          
0000320d  copysign                       
0000320d  copysignl                      
200005e8  errno                          
00002d49  exit                           
00003075  finddevice                     
200005e4  flag                           
00002411  fputc                          
00001d4d  fputs                          
0000206d  free                           
0000291d  frexp                          
0000291d  frexpl                         
00002981  fseek                          
00002ea5  getdevice                      
00000000  interruptVectors               
00001e61  ldexp                          
00001e61  ldexpl                         
00003129  lseek                          
00002c0b  ltoa                           
0000152d  main                           
000032d5  malloc                         
00001c35  memalign                       
000031f1  memccpy                        
00003179  memchr                         
000022df  memcpy                         
000025b1  memset                         
200007b0  parmbuf                        
000028b5  printf                         
00000f7f  pushByte                       
00000f5b  pushNibble                     
00002411  putc                           
000030d5  remove                         
00001e61  scalbn                         
00001e61  scalbnl                        
00002151  setvbuf                        
00002ee9  sprintf                        
00003257  strchr                         
0000323f  strcmp                         
0000326d  strcpy                         
00003281  strlen                         
00002fa1  strncpy                        
000030d5  unlink                         
00003295  wcslen                         
00003151  write                          
00000fa9  write_command                  
00000fb5  write_data                     


GLOBAL SYMBOLS: SORTED BY Symbol Address 

address   name                           
-------   ----                           
00000000  __TI_static_base__             
00000000  interruptVectors               
000000e5  __TI_printfi                   
00000200  __STACK_SIZE                   
00000400  __SYSMEM_SIZE                  
00000b33  _nop                           
00000b35  SystemCoreClockUpdate          
00000dad  SystemInit                     
00000e69  LCD_init                       
00000f27  PulseEnablePin                 
00000f5b  pushNibble                     
00000f7f  pushByte                       
00000fa9  write_command                  
00000fb5  write_data                     
00000fd5  adcsetup                       
0000101b  PrintChar                      
00001055  UpdateTemp                     
0000152d  main                           
000015f3  SysTick_Init_interrupt         
0000160d  SysTick_Handler                
0000160d  SysTick_Handler                
00001615  Systick_us_delay               
00001645  Systick_ms_delay               
000016e5  __aeabi_dsub                   
000016ef  __aeabi_dadd                   
0000189b  __aeabi_idiv0                  
0000189b  __aeabi_ldiv0                  
000019d9  __aeabi_ddiv                   
00001c35  aligned_alloc                  
00001c35  memalign                       
00001d4d  fputs                          
00001e61  ldexp                          
00001e61  ldexpl                         
00001e61  scalbn                         
00001e61  scalbnl                        
00001f71  __aeabi_dmul                   
0000206d  free                           
00002151  setvbuf                        
000022df  __aeabi_memcpy                 
000022df  __aeabi_memcpy4                
000022df  __aeabi_memcpy8                
000022df  memcpy                         
0000237b  __aeabi_uldivmod               
00002411  fputc                          
00002411  putc                           
0000249d  __aeabi_cdcmpeq                
0000249d  __aeabi_cdcmple                
00002523  __aeabi_cdrcmple               
000025a9  __aeabi_memclr                 
000025a9  __aeabi_memclr4                
000025a9  __aeabi_memclr8                
000025ab  __aeabi_memset                 
000025ab  __aeabi_memset4                
000025ab  __aeabi_memset8                
000025b1  memset                         
00002625  __TI_closefile                 
00002779  HOSTrename                     
000027e5  HOSTlseek                      
0000284d  __TI_decompress_lzss           
000028b5  printf                         
0000291d  frexp                          
0000291d  frexpl                         
00002981  fseek                          
000029e5  __TI_wrt_ok                    
00002a49  HOSTopen                       
00002aa9  close                          
00002b05  HOSTread                       
00002b5d  HOSTwrite                      
00002c0b  ltoa                           
00002cb1  __TI_doflush                   
00002cfd  atoi                           
00002d49  exit                           
00002d91  __aeabi_d2iz                   
00002dd9  HOSTclose                      
00002e1d  HOSTunlink                     
00002e61  __TI_auto_init_nobinit_nopinit 
00002ea5  getdevice                      
00002ee9  sprintf                        
00002f69  __TI_writemsg                  
00002f97  C$$IO$$                        
00002fa1  strncpy                        
00002fd9  __TI_cleanup                   
0000300d  __TI_readmsg                   
00003041  _c_int00_noargs                
00003075  finddevice                     
000030a5  __aeabi_i2d                    
000030d5  remove                         
000030d5  unlink                         
00003129  lseek                          
00003151  write                          
00003179  memchr                         
00003199  __aeabi_ui2d                   
000031b9  __TI_zero_init_nomemset        
000031f1  memccpy                        
0000320d  copysign                       
0000320d  copysignl                      
0000323f  strcmp                         
00003257  strchr                         
0000326d  strcpy                         
00003281  strlen                         
00003295  wcslen                         
000032a7  __TI_decompress_none           
000032b5  Reset_Handler                  
000032c1  ADC14_IRQHandler               
000032c1  AES256_IRQHandler              
000032c1  BusFault_Handler               
000032c1  COMP_E0_IRQHandler             
000032c1  COMP_E1_IRQHandler             
000032c1  CS_IRQHandler                  
000032c1  DMA_ERR_IRQHandler             
000032c1  DMA_INT0_IRQHandler            
000032c1  DMA_INT1_IRQHandler            
000032c1  DMA_INT2_IRQHandler            
000032c1  DMA_INT3_IRQHandler            
000032c1  DebugMon_Handler               
000032c1  Default_Handler                
000032c1  EUSCIA0_IRQHandler             
000032c1  EUSCIA1_IRQHandler             
000032c1  EUSCIA2_IRQHandler             
000032c1  EUSCIA3_IRQHandler             
000032c1  EUSCIB0_IRQHandler             
000032c1  EUSCIB1_IRQHandler             
000032c1  EUSCIB2_IRQHandler             
000032c1  EUSCIB3_IRQHandler             
000032c1  FLCTL_IRQHandler               
000032c1  FPU_IRQHandler                 
000032c1  HardFault_Handler              
000032c1  MemManage_Handler              
000032c1  NMI_Handler                    
000032c1  PCM_IRQHandler                 
000032c1  PORT1_IRQHandler               
000032c1  PORT2_IRQHandler               
000032c1  PORT3_IRQHandler               
000032c1  PORT4_IRQHandler               
000032c1  PORT5_IRQHandler               
000032c1  PORT6_IRQHandler               
000032c1  PSS_IRQHandler                 
000032c1  PendSV_Handler                 
000032c1  RTC_C_IRQHandler               
000032c1  SVC_Handler                    
000032c1  T32_INT1_IRQHandler            
000032c1  T32_INT2_IRQHandler            
000032c1  T32_INTC_IRQHandler            
000032c1  TA0_0_IRQHandler               
000032c1  TA0_N_IRQHandler               
000032c1  TA1_0_IRQHandler               
000032c1  TA1_N_IRQHandler               
000032c1  TA2_0_IRQHandler               
000032c1  TA2_N_IRQHandler               
000032c1  TA3_0_IRQHandler               
000032c1  TA3_N_IRQHandler               
000032c1  UsageFault_Handler             
000032c1  WDT_A_IRQHandler               
000032cd  __aeabi_errno_addr             
000032d5  malloc                         
000032e5  _system_pre_init               
000032e9  C$$EXIT                        
000032e9  abort                          
000032ec  _ctypes_                       
00003468  __TI_Handler_Table_Base        
00003474  __TI_Handler_Table_Limit       
00003480  __TI_CINIT_Base                
00003490  __TI_CINIT_Limit               
20000000  _sys_memory                    
20000400  _ftable                        
200004f0  _device                        
20000568  _stream                        
200005b8  __TI_ft_end                    
200005bc  __aeabi_stdin                  
200005c0  __aeabi_stdout                 
200005c4  __aeabi_stderr                 
200005c8  __TI_cleanup_ptr               
200005cc  __TI_dtors_ptr                 
200005d0  __TI_enable_exit_profile_output
200005d4  _lock                          
200005d8  _unlock                        
200005e4  flag                           
200005e8  errno                          
200005ec  SystemCoreClock                
200005f0  __CIOBUF_                      
20000710  __TI_tmpnams                   
200007b0  parmbuf                        
2000fe00  __stack                        
20010000  __STACK_END                    
4000480c  WDTCTL_SYM                     
ffffffff  __TI_pprof_out_hndl            
ffffffff  __TI_prof_data_size            
ffffffff  __TI_prof_data_start           
ffffffff  __binit__                      
ffffffff  __c_args__                     
ffffffff  binit                          
UNDEFED   __mpu_init                     
UNDEFED   _system_post_cinit             

[193 symbols]
