******************************************************************************
                  TI ARM Linker PC v18.12.7                    
******************************************************************************
>> Linked Wed Mar 24 20:46:04 2021

OUTPUT FILE NAME:   <Lab9Part3.out>
ENTRY POINT SYMBOL: "_c_int00_noargs"  address: 000008f9


MEMORY CONFIGURATION

         name            origin    length      used     unused   attr    fill
----------------------  --------  ---------  --------  --------  ----  --------
  MAIN                  00000000   00040000  0000096c  0003f694  R  X
  INFO                  00200000   00004000  00000000  00004000  R  X
  SRAM_CODE             01000000   00010000  00000208  0000fdf8  RW X
  SRAM_DATA             20000000   00010000  00000208  0000fdf8  RW  


SEGMENT ALLOCATION MAP

run origin  load origin   length   init length attrs members
----------  ----------- ---------- ----------- ----- -------
00000000    00000000    0000096c   0000096c    r-x
  00000000    00000000    000000e4   000000e4    r-- .intvecs
  000000e4    000000e4    0000086c   0000086c    r-x .text
  00000950    00000950    0000001c   0000001c    r-- .cinit
20000000    20000000    00000008   00000000    rw-
  20000000    20000000    00000008   00000000    rw- .data
2000fe00    2000fe00    00000200   00000000    rw-
  2000fe00    2000fe00    00000200   00000000    rw- .stack


SECTION ALLOCATION MAP

 output                                  attributes/
section   page    origin      length       input sections
--------  ----  ----------  ----------   ----------------
.intvecs   0    00000000    000000e4     
                  00000000    000000e4     startup_msp432p401r_ccs.obj (.intvecs:retain)

.text      0    000000e4    0000086c     
                  000000e4    00000344     7SSetup_part3.obj (.text)
                  00000428    00000334     system_msp432p401r.obj (.text)
                  0000075c    0000009c     rtsv7M4_T_le_v4SPD16_eabi.lib : memcpy_t2.asm.obj (.text)
                  000007f8    00000068                                   : copy_decompress_lzss.c.obj (.text:decompress:lzss:__TI_decompress_lzss)
                  00000860    00000054     part3main.obj (.text)
                  000008b4    00000044     rtsv7M4_T_le_v4SPD16_eabi.lib : autoinit.c.obj (.text:__TI_auto_init_nobinit_nopinit:__TI_auto_init_nobinit_nopinit)
                  000008f8    00000034                                   : boot_cortex_m.c.obj (.text:_c_int00_noargs:_c_int00_noargs)
                  0000092c    0000000e                                   : copy_decompress_none.c.obj (.text:decompress:none:__TI_decompress_none)
                  0000093a    0000000e     startup_msp432p401r_ccs.obj (.text)
                  00000948    00000004     rtsv7M4_T_le_v4SPD16_eabi.lib : pre_init.c.obj (.text:_system_pre_init)
                  0000094c    00000004                                   : exit.c.obj (.text:abort:abort)

.cinit     0    00000950    0000001c     
                  00000950    0000000b     (.cinit..data.load) [load image, compression = lzss]
                  0000095b    00000001     --HOLE-- [fill = 0]
                  0000095c    00000008     (__TI_handler_table)
                  00000964    00000008     (__TI_cinit_table)

.init_array 
*          0    00000000    00000000     UNINITIALIZED

.binit     0    00000000    00000000     

.data      0    20000000    00000008     UNINITIALIZED
                  20000000    00000004     7SSetup_part3.obj (.data)
                  20000004    00000004     system_msp432p401r.obj (.data)

.stack     0    2000fe00    00000200     UNINITIALIZED
                  2000fe00    00000004     rtsv7M4_T_le_v4SPD16_eabi.lib : boot_cortex_m.c.obj (.stack)
                  2000fe04    000001fc     --HOLE--

MODULE SUMMARY

       Module                        code   ro data   rw data
       ------                        ----   -------   -------
    .\
       7SSetup_part3.obj             836    0         8      
       system_msp432p401r.obj        820    0         8      
       startup_msp432p401r_ccs.obj   14     228       0      
       part3main.obj                 84     0         0      
    +--+-----------------------------+------+---------+---------+
       Total:                        1754   228       16     
                                                             
    C:\ti\ccs930\ccs\tools\compiler\ti-cgt-arm_18.12.7.LTS\lib\rtsv7M4_T_le_v4SPD16_eabi.lib
       memcpy_t2.asm.obj             156    0         0      
       copy_decompress_lzss.c.obj    104    0         0      
       autoinit.c.obj                68     0         0      
       boot_cortex_m.c.obj           52     0         0      
       copy_decompress_none.c.obj    14     0         0      
       exit.c.obj                    4      0         0      
       pre_init.c.obj                4      0         0      
    +--+-----------------------------+------+---------+---------+
       Total:                        402    0         0      
                                                             
       Stack:                        0      0         1024   
       Linker Generated:             0      27        0      
    +--+-----------------------------+------+---------+---------+
       Grand Total:                  2156   255       1040   


LINKER GENERATED COPY TABLES

__TI_cinit_table @ 00000964 records: 1, size/record: 8, table size: 8
	.data: load addr=00000950, load size=0000000b bytes, run addr=20000000, run size=00000008 bytes, compression=lzss


LINKER GENERATED HANDLER TABLE

__TI_handler_table @ 0000095c records: 2, size/record: 4, table size: 8
	index: 0, handler: __TI_decompress_lzss
	index: 1, handler: __TI_decompress_none


GLOBAL SYMBOLS: SORTED ALPHABETICALLY BY Name 

address   name                          
-------   ----                          
00000947  ADC14_IRQHandler              
00000947  AES256_IRQHandler             
00000947  BusFault_Handler              
0000094d  C$$EXIT                       
00000947  COMP_E0_IRQHandler            
00000947  COMP_E1_IRQHandler            
00000947  CS_IRQHandler                 
00000239  CaseManager                   
00000947  DMA_ERR_IRQHandler            
00000947  DMA_INT0_IRQHandler           
00000947  DMA_INT1_IRQHandler           
00000947  DMA_INT2_IRQHandler           
00000947  DMA_INT3_IRQHandler           
00000947  DebugMon_Handler              
00000947  Default_Handler               
00000947  EUSCIA0_IRQHandler            
00000947  EUSCIA1_IRQHandler            
00000947  EUSCIA2_IRQHandler            
00000947  EUSCIA3_IRQHandler            
00000947  EUSCIB0_IRQHandler            
00000947  EUSCIB1_IRQHandler            
00000947  EUSCIB2_IRQHandler            
00000947  EUSCIB3_IRQHandler            
00000947  FLCTL_IRQHandler              
00000947  FPU_IRQHandler                
00000947  HardFault_Handler             
00000947  MemManage_Handler             
00000947  NMI_Handler                   
00000947  PCM_IRQHandler                
00000947  PORT1_IRQHandler              
00000947  PORT2_IRQHandler              
00000947  PORT3_IRQHandler              
0000022b  PORT4_IRQHandler              
0000022b  PORT4_IRQHandler              
00000947  PORT5_IRQHandler              
00000947  PORT6_IRQHandler              
00000947  PSS_IRQHandler                
00000947  PendSV_Handler                
00000947  RTC_C_IRQHandler              
0000093b  Reset_Handler                 
00000947  SVC_Handler                   
000000e5  Setup_Init                    
00000947  SysTick_Handler               
20000004  SystemCoreClock               
00000429  SystemCoreClockUpdate         
000006a1  SystemInit                    
00000947  T32_INT1_IRQHandler           
00000947  T32_INT2_IRQHandler           
00000947  T32_INTC_IRQHandler           
00000947  TA0_0_IRQHandler              
00000947  TA0_N_IRQHandler              
00000947  TA1_0_IRQHandler              
00000947  TA1_N_IRQHandler              
00000947  TA2_0_IRQHandler              
000001cb  TA2_N_IRQHandler              
000001cb  TA2_N_IRQHandler              
00000947  TA3_0_IRQHandler              
00000947  TA3_N_IRQHandler              
00000947  UsageFault_Handler            
4000480c  WDTCTL_SYM                    
00000947  WDT_A_IRQHandler              
20010000  __STACK_END                   
00000200  __STACK_SIZE                  
00000964  __TI_CINIT_Base               
0000096c  __TI_CINIT_Limit              
0000095c  __TI_Handler_Table_Base       
00000964  __TI_Handler_Table_Limit      
000008b5  __TI_auto_init_nobinit_nopinit
000007f9  __TI_decompress_lzss          
0000092d  __TI_decompress_none          
ffffffff  __TI_pprof_out_hndl           
ffffffff  __TI_prof_data_size           
ffffffff  __TI_prof_data_start          
00000000  __TI_static_base__            
0000075d  __aeabi_memcpy                
0000075d  __aeabi_memcpy4               
0000075d  __aeabi_memcpy8               
ffffffff  __binit__                     
ffffffff  __c_args__                    
UNDEFED   __mpu_init                    
2000fe00  __stack                       
000008f9  _c_int00_noargs               
UNDEFED   _system_post_cinit            
00000949  _system_pre_init              
0000094d  abort                         
ffffffff  binit                         
000001ab  debouncer                     
00000000  interruptVectors              
0000088d  main                          
0000075d  memcpy                        
20000000  n                             


GLOBAL SYMBOLS: SORTED BY Symbol Address 

address   name                          
-------   ----                          
00000000  __TI_static_base__            
00000000  interruptVectors              
000000e5  Setup_Init                    
000001ab  debouncer                     
000001cb  TA2_N_IRQHandler              
000001cb  TA2_N_IRQHandler              
00000200  __STACK_SIZE                  
0000022b  PORT4_IRQHandler              
0000022b  PORT4_IRQHandler              
00000239  CaseManager                   
00000429  SystemCoreClockUpdate         
000006a1  SystemInit                    
0000075d  __aeabi_memcpy                
0000075d  __aeabi_memcpy4               
0000075d  __aeabi_memcpy8               
0000075d  memcpy                        
000007f9  __TI_decompress_lzss          
0000088d  main                          
000008b5  __TI_auto_init_nobinit_nopinit
000008f9  _c_int00_noargs               
0000092d  __TI_decompress_none          
0000093b  Reset_Handler                 
00000947  ADC14_IRQHandler              
00000947  AES256_IRQHandler             
00000947  BusFault_Handler              
00000947  COMP_E0_IRQHandler            
00000947  COMP_E1_IRQHandler            
00000947  CS_IRQHandler                 
00000947  DMA_ERR_IRQHandler            
00000947  DMA_INT0_IRQHandler           
00000947  DMA_INT1_IRQHandler           
00000947  DMA_INT2_IRQHandler           
00000947  DMA_INT3_IRQHandler           
00000947  DebugMon_Handler              
00000947  Default_Handler               
00000947  EUSCIA0_IRQHandler            
00000947  EUSCIA1_IRQHandler            
00000947  EUSCIA2_IRQHandler            
00000947  EUSCIA3_IRQHandler            
00000947  EUSCIB0_IRQHandler            
00000947  EUSCIB1_IRQHandler            
00000947  EUSCIB2_IRQHandler            
00000947  EUSCIB3_IRQHandler            
00000947  FLCTL_IRQHandler              
00000947  FPU_IRQHandler                
00000947  HardFault_Handler             
00000947  MemManage_Handler             
00000947  NMI_Handler                   
00000947  PCM_IRQHandler                
00000947  PORT1_IRQHandler              
00000947  PORT2_IRQHandler              
00000947  PORT3_IRQHandler              
00000947  PORT5_IRQHandler              
00000947  PORT6_IRQHandler              
00000947  PSS_IRQHandler                
00000947  PendSV_Handler                
00000947  RTC_C_IRQHandler              
00000947  SVC_Handler                   
00000947  SysTick_Handler               
00000947  T32_INT1_IRQHandler           
00000947  T32_INT2_IRQHandler           
00000947  T32_INTC_IRQHandler           
00000947  TA0_0_IRQHandler              
00000947  TA0_N_IRQHandler              
00000947  TA1_0_IRQHandler              
00000947  TA1_N_IRQHandler              
00000947  TA2_0_IRQHandler              
00000947  TA3_0_IRQHandler              
00000947  TA3_N_IRQHandler              
00000947  UsageFault_Handler            
00000947  WDT_A_IRQHandler              
00000949  _system_pre_init              
0000094d  C$$EXIT                       
0000094d  abort                         
0000095c  __TI_Handler_Table_Base       
00000964  __TI_CINIT_Base               
00000964  __TI_Handler_Table_Limit      
0000096c  __TI_CINIT_Limit              
20000000  n                             
20000004  SystemCoreClock               
2000fe00  __stack                       
20010000  __STACK_END                   
4000480c  WDTCTL_SYM                    
ffffffff  __TI_pprof_out_hndl           
ffffffff  __TI_prof_data_size           
ffffffff  __TI_prof_data_start          
ffffffff  __binit__                     
ffffffff  __c_args__                    
ffffffff  binit                         
UNDEFED   __mpu_init                    
UNDEFED   _system_post_cinit            

[91 symbols]
