******************************************************************************
                  TI ARM Linker PC v18.12.7                    
******************************************************************************
>> Linked Fri Apr 16 15:33:45 2021

OUTPUT FILE NAME:   <Final Project.out>
ENTRY POINT SYMBOL: "_c_int00_noargs"  address: 00000b15


MEMORY CONFIGURATION

         name            origin    length      used     unused   attr    fill
----------------------  --------  ---------  --------  --------  ----  --------
  MAIN                  00000000   00040000  00000bd4  0003f42c  R  X
  INFO                  00200000   00004000  00000000  00004000  R  X
  SRAM_CODE             01000000   00010000  00000204  0000fdfc  RW X
  SRAM_DATA             20000000   00010000  00000204  0000fdfc  RW  


SEGMENT ALLOCATION MAP

run origin  load origin   length   init length attrs members
----------  ----------- ---------- ----------- ----- -------
00000000    00000000    00000bd8   00000bd8    r-x
  00000000    00000000    000000e4   000000e4    r-- .intvecs
  000000e4    000000e4    00000aac   00000aac    r-x .text
  00000b90    00000b90    0000002c   0000002c    r-- .const
  00000bc0    00000bc0    00000018   00000018    r-- .cinit
20000000    20000000    00000004   00000000    rw-
  20000000    20000000    00000004   00000000    rw- .data
2000fe00    2000fe00    00000200   00000000    rw-
  2000fe00    2000fe00    00000200   00000000    rw- .stack


SECTION ALLOCATION MAP

 output                                  attributes/
section   page    origin      length       input sections
--------  ----  ----------  ----------   ----------------
.intvecs   0    00000000    000000e4     
                  00000000    000000e4     startup_msp432p401r_ccs.obj (.intvecs:retain)

.text      0    000000e4    00000aac     
                  000000e4    00000390     Initializer.obj (.text)
                  00000474    00000334     system_msp432p401r.obj (.text)
                  000007a8    00000224     FinalFuncs.obj (.text)
                  000009cc    0000009c     rtsv7M4_T_le_v4SPD16_eabi.lib : memcpy_t2.asm.obj (.text)
                  00000a68    00000068                                   : copy_decompress_lzss.c.obj (.text:decompress:lzss:__TI_decompress_lzss)
                  00000ad0    00000044                                   : autoinit.c.obj (.text:__TI_auto_init_nobinit_nopinit:__TI_auto_init_nobinit_nopinit)
                  00000b14    00000034                                   : boot_cortex_m.c.obj (.text:_c_int00_noargs:_c_int00_noargs)
                  00000b48    00000024     main.obj (.text)
                  00000b6c    0000000e     rtsv7M4_T_le_v4SPD16_eabi.lib : copy_decompress_none.c.obj (.text:decompress:none:__TI_decompress_none)
                  00000b7a    0000000e     startup_msp432p401r_ccs.obj (.text)
                  00000b88    00000004     rtsv7M4_T_le_v4SPD16_eabi.lib : pre_init.c.obj (.text:_system_pre_init)
                  00000b8c    00000004                                   : exit.c.obj (.text:abort:abort)

.const     0    00000b90    0000002c     
                  00000b90    0000002c     FinalFuncs.obj (.const:menu1)

.cinit     0    00000bc0    00000018     
                  00000bc0    00000008     (.cinit..data.load) [load image, compression = lzss]
                  00000bc8    00000008     (__TI_handler_table)
                  00000bd0    00000008     (__TI_cinit_table)

.init_array 
*          0    00000000    00000000     UNINITIALIZED

.binit     0    00000000    00000000     

.data      0    20000000    00000004     UNINITIALIZED
                  20000000    00000004     system_msp432p401r.obj (.data)

.stack     0    2000fe00    00000200     UNINITIALIZED
                  2000fe00    00000004     rtsv7M4_T_le_v4SPD16_eabi.lib : boot_cortex_m.c.obj (.stack)
                  2000fe04    000001fc     --HOLE--

MODULE SUMMARY

       Module                        code   ro data   rw data
       ------                        ----   -------   -------
    .\
       Initializer.obj               912    0         0      
       system_msp432p401r.obj        820    0         8      
       FinalFuncs.obj                548    44        0      
       startup_msp432p401r_ccs.obj   14     228       0      
       main.obj                      36     0         0      
    +--+-----------------------------+------+---------+---------+
       Total:                        2330   272       8      
                                                             
    C:\ti\ccs930\ccs\tools\compiler\ti-cgt-arm_18.12.7.LTS\lib\rtsv7M4_T_le_v4SPD16_eabi.lib
       memcpy_t2.asm.obj             156    0         0      
       copy_decompress_lzss.c.obj    104    0         0      
       autoinit.c.obj                68     0         0      
       boot_cortex_m.c.obj           52     0         0      
       copy_decompress_none.c.obj    14     0         0      
       exit.c.obj                    4      0         0      
       pre_init.c.obj                4      0         0      
    +--+-----------------------------+------+---------+---------+
       Total:                        402    0         0      
                                                             
       Stack:                        0      0         1024   
       Linker Generated:             0      24        0      
    +--+-----------------------------+------+---------+---------+
       Grand Total:                  2732   296       1032   


LINKER GENERATED COPY TABLES

__TI_cinit_table @ 00000bd0 records: 1, size/record: 8, table size: 8
	.data: load addr=00000bc0, load size=00000008 bytes, run addr=20000000, run size=00000004 bytes, compression=lzss


LINKER GENERATED HANDLER TABLE

__TI_handler_table @ 00000bc8 records: 2, size/record: 4, table size: 8
	index: 0, handler: __TI_decompress_lzss
	index: 1, handler: __TI_decompress_none


GLOBAL SYMBOLS: SORTED ALPHABETICALLY BY Name 

address   name                          
-------   ----                          
00000b87  ADC14_IRQHandler              
00000b87  AES256_IRQHandler             
00000b87  BusFault_Handler              
00000b8d  C$$EXIT                       
00000b87  COMP_E0_IRQHandler            
00000b87  COMP_E1_IRQHandler            
00000b87  CS_IRQHandler                 
00000b87  DMA_ERR_IRQHandler            
00000b87  DMA_INT0_IRQHandler           
00000b87  DMA_INT1_IRQHandler           
00000b87  DMA_INT2_IRQHandler           
00000b87  DMA_INT3_IRQHandler           
00000b87  DebugMon_Handler              
00000b87  Default_Handler               
00000b87  EUSCIA0_IRQHandler            
00000b87  EUSCIA1_IRQHandler            
00000b87  EUSCIA2_IRQHandler            
00000b87  EUSCIA3_IRQHandler            
00000b87  EUSCIB0_IRQHandler            
00000b87  EUSCIB1_IRQHandler            
00000b87  EUSCIB2_IRQHandler            
00000b87  EUSCIB3_IRQHandler            
00000b87  FLCTL_IRQHandler              
00000b87  FPU_IRQHandler                
00000b87  HardFault_Handler             
00000857  Keypad_Read                   
0000024b  Keypad_init                   
000000e5  LCD_init                      
00000b87  MemManage_Handler             
00000b87  NMI_Handler                   
00000b87  PCM_IRQHandler                
00000b87  PORT1_IRQHandler              
00000b87  PORT2_IRQHandler              
00000b87  PORT3_IRQHandler              
00000b87  PORT4_IRQHandler              
00000b87  PORT5_IRQHandler              
00000b87  PORT6_IRQHandler              
00000b87  PSS_IRQHandler                
00000b87  PendSV_Handler                
0000097b  PrintMainMenu                 
00000947  PrintMenu1                    
000007a9  PulseEnablePin                
00000b87  RTC_C_IRQHandler              
00000b7b  Reset_Handler                 
00000b87  SVC_Handler                   
0000027f  Setup_Init                    
00000b87  SysTick_Handler               
20000000  SystemCoreClock               
00000475  SystemCoreClockUpdate         
000006ed  SystemInit                    
000001d3  Systick_ms_delay              
000001a3  Systick_us_delay              
00000b87  T32_INT1_IRQHandler           
00000b87  T32_INT2_IRQHandler           
00000b87  T32_INTC_IRQHandler           
00000b87  TA0_0_IRQHandler              
00000b87  TA0_N_IRQHandler              
00000b87  TA1_0_IRQHandler              
00000b87  TA1_N_IRQHandler              
00000b87  TA2_0_IRQHandler              
00000b87  TA2_N_IRQHandler              
00000b87  TA3_0_IRQHandler              
00000b87  TA3_N_IRQHandler              
00000b87  UsageFault_Handler            
4000480c  WDTCTL_SYM                    
00000b87  WDT_A_IRQHandler              
20010000  __STACK_END                   
00000200  __STACK_SIZE                  
00000bd0  __TI_CINIT_Base               
00000bd8  __TI_CINIT_Limit              
00000bc8  __TI_Handler_Table_Base       
00000bd0  __TI_Handler_Table_Limit      
00000ad1  __TI_auto_init_nobinit_nopinit
00000a69  __TI_decompress_lzss          
00000b6d  __TI_decompress_none          
ffffffff  __TI_pprof_out_hndl           
ffffffff  __TI_prof_data_size           
ffffffff  __TI_prof_data_start          
00000000  __TI_static_base__            
000009cd  __aeabi_memcpy                
000009cd  __aeabi_memcpy4               
000009cd  __aeabi_memcpy8               
ffffffff  __binit__                     
ffffffff  __c_args__                    
UNDEFED   __mpu_init                    
2000fe00  __stack                       
00000b15  _c_int00_noargs               
UNDEFED   _system_post_cinit            
00000b89  _system_pre_init              
00000b8d  abort                         
00000205  adcsetup                      
ffffffff  binit                         
00000000  interruptVectors              
00000b49  main                          
000009cd  memcpy                        
00000b90  menu1                         
00000801  pushByte                      
000007dd  pushNibble                    
0000082b  write_command                 
00000837  write_data                    


GLOBAL SYMBOLS: SORTED BY Symbol Address 

address   name                          
-------   ----                          
00000000  __TI_static_base__            
00000000  interruptVectors              
000000e5  LCD_init                      
000001a3  Systick_us_delay              
000001d3  Systick_ms_delay              
00000200  __STACK_SIZE                  
00000205  adcsetup                      
0000024b  Keypad_init                   
0000027f  Setup_Init                    
00000475  SystemCoreClockUpdate         
000006ed  SystemInit                    
000007a9  PulseEnablePin                
000007dd  pushNibble                    
00000801  pushByte                      
0000082b  write_command                 
00000837  write_data                    
00000857  Keypad_Read                   
00000947  PrintMenu1                    
0000097b  PrintMainMenu                 
000009cd  __aeabi_memcpy                
000009cd  __aeabi_memcpy4               
000009cd  __aeabi_memcpy8               
000009cd  memcpy                        
00000a69  __TI_decompress_lzss          
00000ad1  __TI_auto_init_nobinit_nopinit
00000b15  _c_int00_noargs               
00000b49  main                          
00000b6d  __TI_decompress_none          
00000b7b  Reset_Handler                 
00000b87  ADC14_IRQHandler              
00000b87  AES256_IRQHandler             
00000b87  BusFault_Handler              
00000b87  COMP_E0_IRQHandler            
00000b87  COMP_E1_IRQHandler            
00000b87  CS_IRQHandler                 
00000b87  DMA_ERR_IRQHandler            
00000b87  DMA_INT0_IRQHandler           
00000b87  DMA_INT1_IRQHandler           
00000b87  DMA_INT2_IRQHandler           
00000b87  DMA_INT3_IRQHandler           
00000b87  DebugMon_Handler              
00000b87  Default_Handler               
00000b87  EUSCIA0_IRQHandler            
00000b87  EUSCIA1_IRQHandler            
00000b87  EUSCIA2_IRQHandler            
00000b87  EUSCIA3_IRQHandler            
00000b87  EUSCIB0_IRQHandler            
00000b87  EUSCIB1_IRQHandler            
00000b87  EUSCIB2_IRQHandler            
00000b87  EUSCIB3_IRQHandler            
00000b87  FLCTL_IRQHandler              
00000b87  FPU_IRQHandler                
00000b87  HardFault_Handler             
00000b87  MemManage_Handler             
00000b87  NMI_Handler                   
00000b87  PCM_IRQHandler                
00000b87  PORT1_IRQHandler              
00000b87  PORT2_IRQHandler              
00000b87  PORT3_IRQHandler              
00000b87  PORT4_IRQHandler              
00000b87  PORT5_IRQHandler              
00000b87  PORT6_IRQHandler              
00000b87  PSS_IRQHandler                
00000b87  PendSV_Handler                
00000b87  RTC_C_IRQHandler              
00000b87  SVC_Handler                   
00000b87  SysTick_Handler               
00000b87  T32_INT1_IRQHandler           
00000b87  T32_INT2_IRQHandler           
00000b87  T32_INTC_IRQHandler           
00000b87  TA0_0_IRQHandler              
00000b87  TA0_N_IRQHandler              
00000b87  TA1_0_IRQHandler              
00000b87  TA1_N_IRQHandler              
00000b87  TA2_0_IRQHandler              
00000b87  TA2_N_IRQHandler              
00000b87  TA3_0_IRQHandler              
00000b87  TA3_N_IRQHandler              
00000b87  UsageFault_Handler            
00000b87  WDT_A_IRQHandler              
00000b89  _system_pre_init              
00000b8d  C$$EXIT                       
00000b8d  abort                         
00000b90  menu1                         
00000bc8  __TI_Handler_Table_Base       
00000bd0  __TI_CINIT_Base               
00000bd0  __TI_Handler_Table_Limit      
00000bd8  __TI_CINIT_Limit              
20000000  SystemCoreClock               
2000fe00  __stack                       
20010000  __STACK_END                   
4000480c  WDTCTL_SYM                    
ffffffff  __TI_pprof_out_hndl           
ffffffff  __TI_prof_data_size           
ffffffff  __TI_prof_data_start          
ffffffff  __binit__                     
ffffffff  __c_args__                    
ffffffff  binit                         
UNDEFED   __mpu_init                    
UNDEFED   _system_post_cinit            

[100 symbols]
