******************************************************************************
                  TI ARM Linker PC v18.12.7                    
******************************************************************************
>> Linked Fri Apr 23 11:57:35 2021

OUTPUT FILE NAME:   <FinalProject.out>
ENTRY POINT SYMBOL: "_c_int00_noargs"  address: 000017d9


MEMORY CONFIGURATION

         name            origin    length      used     unused   attr    fill
----------------------  --------  ---------  --------  --------  ----  --------
  MAIN                  00000000   00040000  000019a6  0003e65a  R  X
  INFO                  00200000   00004000  00000000  00004000  R  X
  SRAM_CODE             01000000   00010000  00000228  0000fdd8  RW X
  SRAM_DATA             20000000   00010000  00000228  0000fdd8  RW  


SEGMENT ALLOCATION MAP

run origin  load origin   length   init length attrs members
----------  ----------- ---------- ----------- ----- -------
00000000    00000000    000019a8   000019a8    r-x
  00000000    00000000    000000e4   000000e4    r-- .intvecs
  000000e4    000000e4    000017b6   000017b6    r-x .text
  0000189a    0000189a    000000dc   000000dc    r-- .const
  00001978    00001978    00000030   00000030    r-- .cinit
20000000    20000000    00000028   00000000    rw-
  20000000    20000000    00000024   00000000    rw- .bss
  20000024    20000024    00000004   00000000    rw- .data
2000fe00    2000fe00    00000200   00000000    rw-
  2000fe00    2000fe00    00000200   00000000    rw- .stack


SECTION ALLOCATION MAP

 output                                  attributes/
section   page    origin      length       input sections
--------  ----  ----------  ----------   ----------------
.intvecs   0    00000000    000000e4     
                  00000000    000000e4     startup_msp432p401r_ccs.obj (.intvecs:retain)

.text      0    000000e4    000017b6     
                  000000e4    000005bc     main.obj (.text)
                  000006a0    000004dc     Initializer.obj (.text)
                  00000b7c    000003b0     FinalFuncs.obj (.text)
                  00000f2c    00000334     system_msp432p401r.obj (.text)
                  00001260    000001b6     rtsv7M4_T_le_v4SPD16_eabi.lib : fd_add_t2.asm.obj (.text)
                  00001416    00000136                                   : fd_div_t2.asm.obj (.text)
                  0000154c    000000fc                                   : fd_mul_t2.asm.obj (.text)
                  00001648    0000009c                                   : memcpy_t2.asm.obj (.text)
                  000016e4    00000068                                   : copy_decompress_lzss.c.obj (.text:decompress:lzss:__TI_decompress_lzss)
                  0000174c    00000048                                   : fd_toi_t2.asm.obj (.text)
                  00001794    00000044                                   : autoinit.c.obj (.text:__TI_auto_init_nobinit_nopinit:__TI_auto_init_nobinit_nopinit)
                  000017d8    00000034                                   : boot_cortex_m.c.obj (.text:_c_int00_noargs:_c_int00_noargs)
                  0000180c    0000002e                                   : i_tofd_t2.asm.obj (.text)
                  0000183a    00000020                                   : u_tofd_t2.asm.obj (.text)
                  0000185a    0000001c                                   : copy_zero_init.c.obj (.text:decompress:ZI:__TI_zero_init_nomemset:__TI_zero_init_nomemset)
                  00001876    0000000e                                   : copy_decompress_none.c.obj (.text:decompress:none:__TI_decompress_none)
                  00001884    0000000e     startup_msp432p401r_ccs.obj (.text)
                  00001892    00000004     rtsv7M4_T_le_v4SPD16_eabi.lib : pre_init.c.obj (.text:_system_pre_init)
                  00001896    00000004                                   : exit.c.obj (.text:abort:abort)

.const     0    0000189a    000000dc     
                  0000189a    0000002c     FinalFuncs.obj (.const:menu1)
                  000018c6    0000002c     FinalFuncs.obj (.const:menu2)
                  000018f2    0000002c     FinalFuncs.obj (.const:menu3)
                  0000191e    0000002c     FinalFuncs.obj (.const:menu4)
                  0000194a    0000002c     FinalFuncs.obj (.const:menu5)

.cinit     0    00001978    00000030     
                  00001978    0000000c     (__TI_handler_table)
                  00001984    00000004     --HOLE-- [fill = 0]
                  00001988    00000008     (.cinit..bss.load) [load image, compression = zero_init]
                  00001990    00000008     (.cinit..data.load) [load image, compression = lzss]
                  00001998    00000010     (__TI_cinit_table)

.init_array 
*          0    00000000    00000000     UNINITIALIZED

.binit     0    00000000    00000000     

.bss       0    20000000    00000024     UNINITIALIZED
                  20000000    00000004     (.common:B_on)
                  20000004    00000004     (.common:G_on)
                  20000008    00000004     (.common:R_on)
                  2000000c    00000004     (.common:rgbb)
                  20000010    00000004     (.common:rgbg)
                  20000014    00000004     (.common:rgbr)
                  20000018    00000004     (.common:set_b_off)
                  2000001c    00000004     (.common:set_g_off)
                  20000020    00000004     (.common:set_r_off)

.data      0    20000024    00000004     UNINITIALIZED
                  20000024    00000004     system_msp432p401r.obj (.data)

.stack     0    2000fe00    00000200     UNINITIALIZED
                  2000fe00    00000004     rtsv7M4_T_le_v4SPD16_eabi.lib : boot_cortex_m.c.obj (.stack)
                  2000fe04    000001fc     --HOLE--

MODULE SUMMARY

       Module                        code   ro data   rw data
       ------                        ----   -------   -------
    .\
       main.obj                      1468   0         72     
       Initializer.obj               1244   0         0      
       FinalFuncs.obj                944    220       0      
       system_msp432p401r.obj        820    0         8      
       startup_msp432p401r_ccs.obj   14     228       0      
    +--+-----------------------------+------+---------+---------+
       Total:                        4490   448       80     
                                                             
    C:\ti\ccs930\ccs\tools\compiler\ti-cgt-arm_18.12.7.LTS\lib\rtsv7M4_T_le_v4SPD16_eabi.lib
       fd_add_t2.asm.obj             438    0         0      
       fd_div_t2.asm.obj             310    0         0      
       fd_mul_t2.asm.obj             252    0         0      
       memcpy_t2.asm.obj             156    0         0      
       copy_decompress_lzss.c.obj    104    0         0      
       fd_toi_t2.asm.obj             72     0         0      
       autoinit.c.obj                68     0         0      
       boot_cortex_m.c.obj           52     0         0      
       i_tofd_t2.asm.obj             46     0         0      
       u_tofd_t2.asm.obj             32     0         0      
       copy_zero_init.c.obj          28     0         0      
       copy_decompress_none.c.obj    14     0         0      
       exit.c.obj                    4      0         0      
       pre_init.c.obj                4      0         0      
    +--+-----------------------------+------+---------+---------+
       Total:                        1580   0         0      
                                                             
       Stack:                        0      0         1024   
       Linker Generated:             0      44        0      
    +--+-----------------------------+------+---------+---------+
       Grand Total:                  6070   492       1104   


LINKER GENERATED COPY TABLES

__TI_cinit_table @ 00001998 records: 2, size/record: 8, table size: 16
	.bss: load addr=00001988, load size=00000008 bytes, run addr=20000000, run size=00000024 bytes, compression=zero_init
	.data: load addr=00001990, load size=00000008 bytes, run addr=20000024, run size=00000004 bytes, compression=lzss


LINKER GENERATED HANDLER TABLE

__TI_handler_table @ 00001978 records: 3, size/record: 4, table size: 12
	index: 0, handler: __TI_decompress_lzss
	index: 1, handler: __TI_decompress_none
	index: 2, handler: __TI_zero_init


GLOBAL SYMBOLS: SORTED ALPHABETICALLY BY Name 

address   name                          
-------   ----                          
00001891  ADC14_IRQHandler              
00001891  AES256_IRQHandler             
20000000  B_on                          
00001891  BusFault_Handler              
00001897  C$$EXIT                       
00001891  COMP_E0_IRQHandler            
00001891  COMP_E1_IRQHandler            
00001891  CS_IRQHandler                 
00001891  DMA_ERR_IRQHandler            
00001891  DMA_INT0_IRQHandler           
00001891  DMA_INT1_IRQHandler           
00001891  DMA_INT2_IRQHandler           
00001891  DMA_INT3_IRQHandler           
00001891  DebugMon_Handler              
00001891  Default_Handler               
00001891  EUSCIA0_IRQHandler            
00001891  EUSCIA1_IRQHandler            
00001891  EUSCIA2_IRQHandler            
00001891  EUSCIA3_IRQHandler            
00001891  EUSCIB0_IRQHandler            
00001891  EUSCIB1_IRQHandler            
00001891  EUSCIB2_IRQHandler            
00001891  EUSCIB3_IRQHandler            
00001891  FLCTL_IRQHandler              
00001891  FPU_IRQHandler                
20000004  G_on                          
00001891  HardFault_Handler             
00000c2b  Keypad_Read                   
0000097d  Keypad_init                   
00000a75  LCDPWM                        
00000817  LCD_init                      
00001891  MemManage_Handler             
000009e5  MotorConfig                   
00001891  NMI_Handler                   
00001891  PCM_IRQHandler                
00001891  PORT1_IRQHandler              
00001891  PORT2_IRQHandler              
00000ee1  PORT3_IRQHandler              
00000ee1  PORT3_IRQHandler              
00001891  PORT4_IRQHandler              
00001891  PORT5_IRQHandler              
00001891  PORT6_IRQHandler              
00001891  PSS_IRQHandler                
00001891  PendSV_Handler                
00000e69  Press_Convert                 
00000e1d  PrintMenu                     
00000d1b  PrintMenu1                    
00000b7d  PulseEnablePin                
00000a13  RGBConfig                     
00001891  RTC_C_IRQHandler              
20000008  R_on                          
00001885  Reset_Handler                 
00001891  SVC_Handler                   
000009bd  ServoConfig                   
000006a1  Setup_Init                    
00001891  SysTick_Handler               
20000024  SystemCoreClock               
00000f2d  SystemCoreClockUpdate         
000011a5  SystemInit                    
00000905  Systick_ms_delay              
000008d5  Systick_us_delay              
00001891  T32_INT1_IRQHandler           
0000050d  T32_INT2_IRQHandler           
0000050d  T32_INT2_IRQHandler           
00001891  T32_INTC_IRQHandler           
00001891  TA0_0_IRQHandler              
00001891  TA0_N_IRQHandler              
00001891  TA1_0_IRQHandler              
00001891  TA1_N_IRQHandler              
00001891  TA2_0_IRQHandler              
00001891  TA2_N_IRQHandler              
00001891  TA3_0_IRQHandler              
00001891  TA3_N_IRQHandler              
00001891  UsageFault_Handler            
4000480c  WDTCTL_SYM                    
00001891  WDT_A_IRQHandler              
20010000  __STACK_END                   
00000200  __STACK_SIZE                  
00001998  __TI_CINIT_Base               
000019a8  __TI_CINIT_Limit              
00001978  __TI_Handler_Table_Base       
00001984  __TI_Handler_Table_Limit      
00001795  __TI_auto_init_nobinit_nopinit
000016e5  __TI_decompress_lzss          
00001877  __TI_decompress_none          
ffffffff  __TI_pprof_out_hndl           
ffffffff  __TI_prof_data_size           
ffffffff  __TI_prof_data_start          
00000000  __TI_static_base__            
0000185b  __TI_zero_init_nomemset       
0000174d  __aeabi_d2iz                  
0000126b  __aeabi_dadd                  
00001417  __aeabi_ddiv                  
0000154d  __aeabi_dmul                  
00001261  __aeabi_dsub                  
0000180d  __aeabi_i2d                   
00001649  __aeabi_memcpy                
00001649  __aeabi_memcpy4               
00001649  __aeabi_memcpy8               
0000183b  __aeabi_ui2d                  
ffffffff  __binit__                     
ffffffff  __c_args__                    
UNDEFED   __mpu_init                    
2000fe00  __stack                       
000017d9  _c_int00_noargs               
UNDEFED   _system_post_cinit            
00001893  _system_pre_init              
00001897  abort                         
00000937  adcsetup                      
ffffffff  binit                         
00000ecd  debouncer                     
00000000  interruptVectors              
00000115  main                          
00001649  memcpy                        
0000189a  menu1                         
000018c6  menu2                         
000018f2  menu3                         
0000191e  menu4                         
0000194a  menu5                         
00000bd5  pushByte                      
00000bb1  pushNibble                    
2000000c  rgbb                          
20000010  rgbg                          
20000014  rgbr                          
20000018  set_b_off                     
2000001c  set_g_off                     
20000020  set_r_off                     
00000bff  write_command                 
00000c0b  write_data                    


GLOBAL SYMBOLS: SORTED BY Symbol Address 

address   name                          
-------   ----                          
00000000  __TI_static_base__            
00000000  interruptVectors              
00000115  main                          
00000200  __STACK_SIZE                  
0000050d  T32_INT2_IRQHandler           
0000050d  T32_INT2_IRQHandler           
000006a1  Setup_Init                    
00000817  LCD_init                      
000008d5  Systick_us_delay              
00000905  Systick_ms_delay              
00000937  adcsetup                      
0000097d  Keypad_init                   
000009bd  ServoConfig                   
000009e5  MotorConfig                   
00000a13  RGBConfig                     
00000a75  LCDPWM                        
00000b7d  PulseEnablePin                
00000bb1  pushNibble                    
00000bd5  pushByte                      
00000bff  write_command                 
00000c0b  write_data                    
00000c2b  Keypad_Read                   
00000d1b  PrintMenu1                    
00000e1d  PrintMenu                     
00000e69  Press_Convert                 
00000ecd  debouncer                     
00000ee1  PORT3_IRQHandler              
00000ee1  PORT3_IRQHandler              
00000f2d  SystemCoreClockUpdate         
000011a5  SystemInit                    
00001261  __aeabi_dsub                  
0000126b  __aeabi_dadd                  
00001417  __aeabi_ddiv                  
0000154d  __aeabi_dmul                  
00001649  __aeabi_memcpy                
00001649  __aeabi_memcpy4               
00001649  __aeabi_memcpy8               
00001649  memcpy                        
000016e5  __TI_decompress_lzss          
0000174d  __aeabi_d2iz                  
00001795  __TI_auto_init_nobinit_nopinit
000017d9  _c_int00_noargs               
0000180d  __aeabi_i2d                   
0000183b  __aeabi_ui2d                  
0000185b  __TI_zero_init_nomemset       
00001877  __TI_decompress_none          
00001885  Reset_Handler                 
00001891  ADC14_IRQHandler              
00001891  AES256_IRQHandler             
00001891  BusFault_Handler              
00001891  COMP_E0_IRQHandler            
00001891  COMP_E1_IRQHandler            
00001891  CS_IRQHandler                 
00001891  DMA_ERR_IRQHandler            
00001891  DMA_INT0_IRQHandler           
00001891  DMA_INT1_IRQHandler           
00001891  DMA_INT2_IRQHandler           
00001891  DMA_INT3_IRQHandler           
00001891  DebugMon_Handler              
00001891  Default_Handler               
00001891  EUSCIA0_IRQHandler            
00001891  EUSCIA1_IRQHandler            
00001891  EUSCIA2_IRQHandler            
00001891  EUSCIA3_IRQHandler            
00001891  EUSCIB0_IRQHandler            
00001891  EUSCIB1_IRQHandler            
00001891  EUSCIB2_IRQHandler            
00001891  EUSCIB3_IRQHandler            
00001891  FLCTL_IRQHandler              
00001891  FPU_IRQHandler                
00001891  HardFault_Handler             
00001891  MemManage_Handler             
00001891  NMI_Handler                   
00001891  PCM_IRQHandler                
00001891  PORT1_IRQHandler              
00001891  PORT2_IRQHandler              
00001891  PORT4_IRQHandler              
00001891  PORT5_IRQHandler              
00001891  PORT6_IRQHandler              
00001891  PSS_IRQHandler                
00001891  PendSV_Handler                
00001891  RTC_C_IRQHandler              
00001891  SVC_Handler                   
00001891  SysTick_Handler               
00001891  T32_INT1_IRQHandler           
00001891  T32_INTC_IRQHandler           
00001891  TA0_0_IRQHandler              
00001891  TA0_N_IRQHandler              
00001891  TA1_0_IRQHandler              
00001891  TA1_N_IRQHandler              
00001891  TA2_0_IRQHandler              
00001891  TA2_N_IRQHandler              
00001891  TA3_0_IRQHandler              
00001891  TA3_N_IRQHandler              
00001891  UsageFault_Handler            
00001891  WDT_A_IRQHandler              
00001893  _system_pre_init              
00001897  C$$EXIT                       
00001897  abort                         
0000189a  menu1                         
000018c6  menu2                         
000018f2  menu3                         
0000191e  menu4                         
0000194a  menu5                         
00001978  __TI_Handler_Table_Base       
00001984  __TI_Handler_Table_Limit      
00001998  __TI_CINIT_Base               
000019a8  __TI_CINIT_Limit              
20000000  B_on                          
20000004  G_on                          
20000008  R_on                          
2000000c  rgbb                          
20000010  rgbg                          
20000014  rgbr                          
20000018  set_b_off                     
2000001c  set_g_off                     
20000020  set_r_off                     
20000024  SystemCoreClock               
2000fe00  __stack                       
20010000  __STACK_END                   
4000480c  WDTCTL_SYM                    
ffffffff  __TI_pprof_out_hndl           
ffffffff  __TI_prof_data_size           
ffffffff  __TI_prof_data_start          
ffffffff  __binit__                     
ffffffff  __c_args__                    
ffffffff  binit                         
UNDEFED   __mpu_init                    
UNDEFED   _system_post_cinit            

[129 symbols]
