******************************************************************************
                  TI ARM Linker PC v18.12.4                    
******************************************************************************
>> Linked Sat Apr 24 14:19:22 2021

OUTPUT FILE NAME:   <FinalProject.out>
ENTRY POINT SYMBOL: "_c_int00_noargs"  address: 00001745


MEMORY CONFIGURATION

         name            origin    length      used     unused   attr    fill
----------------------  --------  ---------  --------  --------  ----  --------
  MAIN                  00000000   00040000  00001912  0003e6ee  R  X
  INFO                  00200000   00004000  00000000  00004000  R  X
  SRAM_CODE             01000000   00010000  00000228  0000fdd8  RW X
  SRAM_DATA             20000000   00010000  00000228  0000fdd8  RW  


SEGMENT ALLOCATION MAP

run origin  load origin   length   init length attrs members
----------  ----------- ---------- ----------- ----- -------
00000000    00000000    00001918   00001918    r-x
  00000000    00000000    000000e4   000000e4    r-- .intvecs
  000000e4    000000e4    00001722   00001722    r-x .text
  00001806    00001806    000000dc   000000dc    r-- .const
  000018e8    000018e8    00000030   00000030    r-- .cinit
20000000    20000000    00000028   00000000    rw-
  20000000    20000000    00000024   00000000    rw- .bss
  20000024    20000024    00000004   00000000    rw- .data
2000fe00    2000fe00    00000200   00000000    rw-
  2000fe00    2000fe00    00000200   00000000    rw- .stack


SECTION ALLOCATION MAP

 output                                  attributes/
section   page    origin      length       input sections
--------  ----  ----------  ----------   ----------------
.intvecs   0    00000000    000000e4     
                  00000000    000000e4     startup_msp432p401r_ccs.obj (.intvecs:retain)

.text      0    000000e4    00001722     
                  000000e4    000005bc     main.obj (.text)
                  000006a0    00000454     Initializer.obj (.text)
                  00000af4    000003a4     FinalFuncs.obj (.text)
                  00000e98    00000334     system_msp432p401r.obj (.text)
                  000011cc    000001b6     rtsv7M4_T_le_v4SPD16_eabi.lib : fd_add_t2.asm.obj (.text)
                  00001382    00000136                                   : fd_div_t2.asm.obj (.text)
                  000014b8    000000fc                                   : fd_mul_t2.asm.obj (.text)
                  000015b4    0000009c                                   : memcpy_t2.asm.obj (.text)
                  00001650    00000068                                   : copy_decompress_lzss.c.obj (.text:decompress:lzss:__TI_decompress_lzss)
                  000016b8    00000048                                   : fd_toi_t2.asm.obj (.text)
                  00001700    00000044                                   : autoinit.c.obj (.text:__TI_auto_init_nobinit_nopinit:__TI_auto_init_nobinit_nopinit)
                  00001744    00000034                                   : boot_cortex_m.c.obj (.text:_c_int00_noargs:_c_int00_noargs)
                  00001778    0000002e                                   : i_tofd_t2.asm.obj (.text)
                  000017a6    00000020                                   : u_tofd_t2.asm.obj (.text)
                  000017c6    0000001c                                   : copy_zero_init.c.obj (.text:decompress:ZI:__TI_zero_init_nomemset:__TI_zero_init_nomemset)
                  000017e2    0000000e                                   : copy_decompress_none.c.obj (.text:decompress:none:__TI_decompress_none)
                  000017f0    0000000e     startup_msp432p401r_ccs.obj (.text)
                  000017fe    00000004     rtsv7M4_T_le_v4SPD16_eabi.lib : pre_init.c.obj (.text:_system_pre_init)
                  00001802    00000004                                   : exit.c.obj (.text:abort:abort)

.const     0    00001806    000000dc     
                  00001806    0000002c     FinalFuncs.obj (.const:menu1)
                  00001832    0000002c     FinalFuncs.obj (.const:menu2)
                  0000185e    0000002c     FinalFuncs.obj (.const:menu3)
                  0000188a    0000002c     FinalFuncs.obj (.const:menu4)
                  000018b6    0000002c     FinalFuncs.obj (.const:menu5)

.cinit     0    000018e8    00000030     
                  000018e8    0000000c     (__TI_handler_table)
                  000018f4    00000004     --HOLE-- [fill = 0]
                  000018f8    00000008     (.cinit..bss.load) [load image, compression = zero_init]
                  00001900    00000008     (.cinit..data.load) [load image, compression = lzss]
                  00001908    00000010     (__TI_cinit_table)

.init_array 
*          0    00000000    00000000     UNINITIALIZED

.binit     0    00000000    00000000     

.bss       0    20000000    00000024     UNINITIALIZED
                  20000000    00000004     (.common:B_on)
                  20000004    00000004     (.common:G_on)
                  20000008    00000004     (.common:R_on)
                  2000000c    00000004     (.common:rgbb)
                  20000010    00000004     (.common:rgbg)
                  20000014    00000004     (.common:rgbr)
                  20000018    00000004     (.common:set_b_off)
                  2000001c    00000004     (.common:set_g_off)
                  20000020    00000004     (.common:set_r_off)

.data      0    20000024    00000004     UNINITIALIZED
                  20000024    00000004     system_msp432p401r.obj (.data)

.stack     0    2000fe00    00000200     UNINITIALIZED
                  2000fe00    00000004     rtsv7M4_T_le_v4SPD16_eabi.lib : boot_cortex_m.c.obj (.stack)
                  2000fe04    000001fc     --HOLE--

MODULE SUMMARY

       Module                        code   ro data   rw data
       ------                        ----   -------   -------
    .\
       main.obj                      1468   0         72     
       FinalFuncs.obj                932    220       0      
       Initializer.obj               1108   0         0      
       system_msp432p401r.obj        820    0         8      
       startup_msp432p401r_ccs.obj   14     228       0      
    +--+-----------------------------+------+---------+---------+
       Total:                        4342   448       80     
                                                             
    E:\ccs\tools\compiler\ti-cgt-arm_18.12.4.LTS\lib\rtsv7M4_T_le_v4SPD16_eabi.lib
       fd_add_t2.asm.obj             438    0         0      
       fd_div_t2.asm.obj             310    0         0      
       fd_mul_t2.asm.obj             252    0         0      
       memcpy_t2.asm.obj             156    0         0      
       copy_decompress_lzss.c.obj    104    0         0      
       fd_toi_t2.asm.obj             72     0         0      
       autoinit.c.obj                68     0         0      
       boot_cortex_m.c.obj           52     0         0      
       i_tofd_t2.asm.obj             46     0         0      
       u_tofd_t2.asm.obj             32     0         0      
       copy_zero_init.c.obj          28     0         0      
       copy_decompress_none.c.obj    14     0         0      
       exit.c.obj                    4      0         0      
       pre_init.c.obj                4      0         0      
    +--+-----------------------------+------+---------+---------+
       Total:                        1580   0         0      
                                                             
       Stack:                        0      0         1024   
       Linker Generated:             0      44        0      
    +--+-----------------------------+------+---------+---------+
       Grand Total:                  5922   492       1104   


LINKER GENERATED COPY TABLES

__TI_cinit_table @ 00001908 records: 2, size/record: 8, table size: 16
	.bss: load addr=000018f8, load size=00000008 bytes, run addr=20000000, run size=00000024 bytes, compression=zero_init
	.data: load addr=00001900, load size=00000008 bytes, run addr=20000024, run size=00000004 bytes, compression=lzss


LINKER GENERATED HANDLER TABLE

__TI_handler_table @ 000018e8 records: 3, size/record: 4, table size: 12
	index: 0, handler: __TI_decompress_lzss
	index: 1, handler: __TI_decompress_none
	index: 2, handler: __TI_zero_init


GLOBAL SYMBOLS: SORTED ALPHABETICALLY BY Name 

address   name                          
-------   ----                          
000017fd  ADC14_IRQHandler              
000017fd  AES256_IRQHandler             
20000000  B_on                          
000017fd  BusFault_Handler              
00001803  C$$EXIT                       
000017fd  COMP_E0_IRQHandler            
000017fd  COMP_E1_IRQHandler            
000017fd  CS_IRQHandler                 
000017fd  DMA_ERR_IRQHandler            
000017fd  DMA_INT0_IRQHandler           
000017fd  DMA_INT1_IRQHandler           
000017fd  DMA_INT2_IRQHandler           
000017fd  DMA_INT3_IRQHandler           
000017fd  DebugMon_Handler              
000017fd  Default_Handler               
000017fd  EUSCIA0_IRQHandler            
000017fd  EUSCIA1_IRQHandler            
000017fd  EUSCIA2_IRQHandler            
000017fd  EUSCIA3_IRQHandler            
000017fd  EUSCIB0_IRQHandler            
000017fd  EUSCIB1_IRQHandler            
000017fd  EUSCIB2_IRQHandler            
000017fd  EUSCIB3_IRQHandler            
000017fd  FLCTL_IRQHandler              
000017fd  FPU_IRQHandler                
20000004  G_on                          
000017fd  HardFault_Handler             
00000ba3  Keypad_Read                   
000008f5  Keypad_init                   
000009cd  LCDPWM                        
0000078f  LCD_init                      
000017fd  MemManage_Handler             
0000095d  MotorConfig                   
000017fd  NMI_Handler                   
000017fd  PCM_IRQHandler                
000017fd  PORT1_IRQHandler              
000017fd  PORT2_IRQHandler              
00000e45  PORT3_IRQHandler              
00000e45  PORT3_IRQHandler              
000017fd  PORT4_IRQHandler              
000017fd  PORT5_IRQHandler              
000017fd  PORT6_IRQHandler              
000017fd  PSS_IRQHandler                
000017fd  PendSV_Handler                
00000de1  Press_Convert                 
00000d95  PrintMenu                     
00000c93  PrintMenu1                    
00000af5  PulseEnablePin                
0000098b  RGBConfig                     
000017fd  RTC_C_IRQHandler              
20000008  R_on                          
000017f1  Reset_Handler                 
000017fd  SVC_Handler                   
00000935  ServoConfig                   
000006a1  Setup_Init                    
000017fd  SysTick_Handler               
20000024  SystemCoreClock               
00000e99  SystemCoreClockUpdate         
00001111  SystemInit                    
0000087d  Systick_ms_delay              
0000084d  Systick_us_delay              
000017fd  T32_INT1_IRQHandler           
0000050d  T32_INT2_IRQHandler           
0000050d  T32_INT2_IRQHandler           
000017fd  T32_INTC_IRQHandler           
000017fd  TA0_0_IRQHandler              
000017fd  TA0_N_IRQHandler              
000017fd  TA1_0_IRQHandler              
000017fd  TA1_N_IRQHandler              
000017fd  TA2_0_IRQHandler              
000017fd  TA2_N_IRQHandler              
000017fd  TA3_0_IRQHandler              
000017fd  TA3_N_IRQHandler              
000017fd  UsageFault_Handler            
4000480c  WDTCTL_SYM                    
000017fd  WDT_A_IRQHandler              
20010000  __STACK_END                   
00000200  __STACK_SIZE                  
00001908  __TI_CINIT_Base               
00001918  __TI_CINIT_Limit              
000018e8  __TI_Handler_Table_Base       
000018f4  __TI_Handler_Table_Limit      
00001701  __TI_auto_init_nobinit_nopinit
00001651  __TI_decompress_lzss          
000017e3  __TI_decompress_none          
ffffffff  __TI_pprof_out_hndl           
ffffffff  __TI_prof_data_size           
ffffffff  __TI_prof_data_start          
00000000  __TI_static_base__            
000017c7  __TI_zero_init_nomemset       
000016b9  __aeabi_d2iz                  
000011d7  __aeabi_dadd                  
00001383  __aeabi_ddiv                  
000014b9  __aeabi_dmul                  
000011cd  __aeabi_dsub                  
00001779  __aeabi_i2d                   
000015b5  __aeabi_memcpy                
000015b5  __aeabi_memcpy4               
000015b5  __aeabi_memcpy8               
000017a7  __aeabi_ui2d                  
ffffffff  __binit__                     
ffffffff  __c_args__                    
UNDEFED   __mpu_init                    
2000fe00  __stack                       
00001745  _c_int00_noargs               
UNDEFED   _system_post_cinit            
000017ff  _system_pre_init              
00001803  abort                         
000008af  adcsetup                      
ffffffff  binit                         
00000000  interruptVectors              
00000115  main                          
000015b5  memcpy                        
00001806  menu1                         
00001832  menu2                         
0000185e  menu3                         
0000188a  menu4                         
000018b6  menu5                         
00000b4d  pushByte                      
00000b29  pushNibble                    
2000000c  rgbb                          
20000010  rgbg                          
20000014  rgbr                          
20000018  set_b_off                     
2000001c  set_g_off                     
20000020  set_r_off                     
00000b77  write_command                 
00000b83  write_data                    


GLOBAL SYMBOLS: SORTED BY Symbol Address 

address   name                          
-------   ----                          
00000000  __TI_static_base__            
00000000  interruptVectors              
00000115  main                          
00000200  __STACK_SIZE                  
0000050d  T32_INT2_IRQHandler           
0000050d  T32_INT2_IRQHandler           
000006a1  Setup_Init                    
0000078f  LCD_init                      
0000084d  Systick_us_delay              
0000087d  Systick_ms_delay              
000008af  adcsetup                      
000008f5  Keypad_init                   
00000935  ServoConfig                   
0000095d  MotorConfig                   
0000098b  RGBConfig                     
000009cd  LCDPWM                        
00000af5  PulseEnablePin                
00000b29  pushNibble                    
00000b4d  pushByte                      
00000b77  write_command                 
00000b83  write_data                    
00000ba3  Keypad_Read                   
00000c93  PrintMenu1                    
00000d95  PrintMenu                     
00000de1  Press_Convert                 
00000e45  PORT3_IRQHandler              
00000e45  PORT3_IRQHandler              
00000e99  SystemCoreClockUpdate         
00001111  SystemInit                    
000011cd  __aeabi_dsub                  
000011d7  __aeabi_dadd                  
00001383  __aeabi_ddiv                  
000014b9  __aeabi_dmul                  
000015b5  __aeabi_memcpy                
000015b5  __aeabi_memcpy4               
000015b5  __aeabi_memcpy8               
000015b5  memcpy                        
00001651  __TI_decompress_lzss          
000016b9  __aeabi_d2iz                  
00001701  __TI_auto_init_nobinit_nopinit
00001745  _c_int00_noargs               
00001779  __aeabi_i2d                   
000017a7  __aeabi_ui2d                  
000017c7  __TI_zero_init_nomemset       
000017e3  __TI_decompress_none          
000017f1  Reset_Handler                 
000017fd  ADC14_IRQHandler              
000017fd  AES256_IRQHandler             
000017fd  BusFault_Handler              
000017fd  COMP_E0_IRQHandler            
000017fd  COMP_E1_IRQHandler            
000017fd  CS_IRQHandler                 
000017fd  DMA_ERR_IRQHandler            
000017fd  DMA_INT0_IRQHandler           
000017fd  DMA_INT1_IRQHandler           
000017fd  DMA_INT2_IRQHandler           
000017fd  DMA_INT3_IRQHandler           
000017fd  DebugMon_Handler              
000017fd  Default_Handler               
000017fd  EUSCIA0_IRQHandler            
000017fd  EUSCIA1_IRQHandler            
000017fd  EUSCIA2_IRQHandler            
000017fd  EUSCIA3_IRQHandler            
000017fd  EUSCIB0_IRQHandler            
000017fd  EUSCIB1_IRQHandler            
000017fd  EUSCIB2_IRQHandler            
000017fd  EUSCIB3_IRQHandler            
000017fd  FLCTL_IRQHandler              
000017fd  FPU_IRQHandler                
000017fd  HardFault_Handler             
000017fd  MemManage_Handler             
000017fd  NMI_Handler                   
000017fd  PCM_IRQHandler                
000017fd  PORT1_IRQHandler              
000017fd  PORT2_IRQHandler              
000017fd  PORT4_IRQHandler              
000017fd  PORT5_IRQHandler              
000017fd  PORT6_IRQHandler              
000017fd  PSS_IRQHandler                
000017fd  PendSV_Handler                
000017fd  RTC_C_IRQHandler              
000017fd  SVC_Handler                   
000017fd  SysTick_Handler               
000017fd  T32_INT1_IRQHandler           
000017fd  T32_INTC_IRQHandler           
000017fd  TA0_0_IRQHandler              
000017fd  TA0_N_IRQHandler              
000017fd  TA1_0_IRQHandler              
000017fd  TA1_N_IRQHandler              
000017fd  TA2_0_IRQHandler              
000017fd  TA2_N_IRQHandler              
000017fd  TA3_0_IRQHandler              
000017fd  TA3_N_IRQHandler              
000017fd  UsageFault_Handler            
000017fd  WDT_A_IRQHandler              
000017ff  _system_pre_init              
00001803  C$$EXIT                       
00001803  abort                         
00001806  menu1                         
00001832  menu2                         
0000185e  menu3                         
0000188a  menu4                         
000018b6  menu5                         
000018e8  __TI_Handler_Table_Base       
000018f4  __TI_Handler_Table_Limit      
00001908  __TI_CINIT_Base               
00001918  __TI_CINIT_Limit              
20000000  B_on                          
20000004  G_on                          
20000008  R_on                          
2000000c  rgbb                          
20000010  rgbg                          
20000014  rgbr                          
20000018  set_b_off                     
2000001c  set_g_off                     
20000020  set_r_off                     
20000024  SystemCoreClock               
2000fe00  __stack                       
20010000  __STACK_END                   
4000480c  WDTCTL_SYM                    
ffffffff  __TI_pprof_out_hndl           
ffffffff  __TI_prof_data_size           
ffffffff  __TI_prof_data_start          
ffffffff  __binit__                     
ffffffff  __c_args__                    
ffffffff  binit                         
UNDEFED   __mpu_init                    
UNDEFED   _system_post_cinit            

[128 symbols]
