******************************************************************************
                  TI ARM Linker PC v18.12.7                    
******************************************************************************
>> Linked Thu Apr 22 17:17:18 2021

OUTPUT FILE NAME:   <FinalProject.out>
ENTRY POINT SYMBOL: "_c_int00_noargs"  address: 00003879


MEMORY CONFIGURATION

         name            origin    length      used     unused   attr    fill
----------------------  --------  ---------  --------  --------  ----  --------
  MAIN                  00000000   00040000  00003d51  0003c2af  R  X
  INFO                  00200000   00004000  00000000  00004000  R  X
  SRAM_CODE             01000000   00010000  000009b4  0000f64c  RW X
  SRAM_DATA             20000000   00010000  000009b4  0000f64c  RW  


SEGMENT ALLOCATION MAP

run origin  load origin   length   init length attrs members
----------  ----------- ---------- ----------- ----- -------
00000000    00000000    00003d58   00003d58    r-x
  00000000    00000000    000000e4   000000e4    r-- .intvecs
  000000e4    000000e4    00003a00   00003a00    r-x .text
  00003ae4    00003ae4    000001dd   000001dd    r-- .const
  00003cc8    00003cc8    00000090   00000090    r-- .cinit
20000000    20000000    000007b4   00000000    rw-
  20000000    20000000    00000400   00000000    rw- .sysmem
  20000400    20000400    000001ec   00000000    rw- .data
  200005ec    200005ec    000001c8   00000000    rw- .bss
2000fe00    2000fe00    00000200   00000000    rw-
  2000fe00    2000fe00    00000200   00000000    rw- .stack


SECTION ALLOCATION MAP

 output                                  attributes/
section   page    origin      length       input sections
--------  ----  ----------  ----------   ----------------
.intvecs   0    00000000    000000e4     
                  00000000    000000e4     startup_msp432p401r_ccs.obj (.intvecs:retain)

.text      0    000000e4    00003a00     
                  000000e4    00000a4e     rtsv7M4_T_le_v4SPD16_eabi.lib : _printfi.c.obj (.text:__TI_printfi)
                  00000b32    00000002                                   : _lock.c.obj (.text:_nop)
                  00000b34    00000498     Initializer.obj (.text)
                  00000fcc    00000430     FinalFuncs.obj (.text)
                  000013fc    000003ec     main.obj (.text)
                  000017e8    00000334     system_msp432p401r.obj (.text)
                  00001b1c    00000270     rtsv7M4_T_le_v4SPD16_eabi.lib : _printfi.c.obj (.text:_pconv_a)
                  00001d8c    000001d0                                   : _printfi.c.obj (.text:_pconv_g)
                  00001f5c    000001b6                                   : fd_add_t2.asm.obj (.text)
                  00002112    00000002                                   : div0.asm.obj (.text)
                  00002114    0000013c                                   : _printfi.c.obj (.text:_pconv_e)
                  00002250    00000136                                   : fd_div_t2.asm.obj (.text)
                  00002386    00000002     --HOLE-- [fill = 0]
                  00002388    00000124                                   : _printfi.c.obj (.text:fcvt)
                  000024ac    00000118                                   : memory.c.obj (.text:aligned_alloc)
                  000025c4    00000114                                   : fputs.c.obj (.text:fputs)
                  000026d8    00000110                                   : s_scalbn.c.obj (.text:scalbn)
                  000027e8    000000fc                                   : fd_mul_t2.asm.obj (.text)
                  000028e4    000000e4                                   : memory.c.obj (.text:free)
                  000029c8    000000dc                                   : setvbuf.c.obj (.text:setvbuf)
                  00002aa4    000000b1                                   : _printfi.c.obj (.text:_ltostr)
                  00002b55    00000001     --HOLE-- [fill = 0]
                  00002b56    0000009c                                   : memcpy_t2.asm.obj (.text)
                  00002bf2    00000096                                   : ull_div_t2.asm.obj (.text)
                  00002c88    0000008c                                   : fputc.c.obj (.text:fputc)
                  00002d14    00000086                                   : fd_cmp_t2.asm.obj (.text:__aeabi_cdcmple)
                  00002d9a    00000086                                   : fd_cmp_t2.asm.obj (.text:__aeabi_cdrcmple)
                  00002e20    0000007a                                   : memset_t2.asm.obj (.text)
                  00002e9a    00000002     --HOLE-- [fill = 0]
                  00002e9c    00000074                                   : fclose.c.obj (.text:__TI_closefile)
                  00002f10    00000070                                   : memory.c.obj (.text:split)
                  00002f80    0000006e                                   : _printfi.c.obj (.text:_mcpy)
                  00002fee    00000002     --HOLE-- [fill = 0]
                  00002ff0    0000006c                                   : hostrename.c.obj (.text:HOSTrename)
                  0000305c    00000068                                   : hostlseek.c.obj (.text:HOSTlseek)
                  000030c4    00000068                                   : copy_decompress_lzss.c.obj (.text:decompress:lzss:__TI_decompress_lzss)
                  0000312c    00000068                                   : printf.c.obj (.text:printf)
                  00003194    00000064                                   : s_frexp.c.obj (.text:frexp)
                  000031f8    00000064                                   : fseek.c.obj (.text:fseek)
                  0000325c    00000062                                   : _io_perm.c.obj (.text:__TI_wrt_ok)
                  000032be    00000002     --HOLE-- [fill = 0]
                  000032c0    00000060                                   : hostopen.c.obj (.text:HOSTopen)
                  00003320    0000005c                                   : close.c.obj (.text:close)
                  0000337c    00000058                                   : hostread.c.obj (.text:HOSTread)
                  000033d4    00000058                                   : hostwrite.c.obj (.text:HOSTwrite)
                  0000342c    00000056                                   : _printfi.c.obj (.text:_pconv_f)
                  00003482    00000054                                   : ltoa.c.obj (.text:ltoa)
                  000034d6    00000052                                   : _printfi.c.obj (.text:_ecpy)
                  00003528    0000004c                                   : fflush.c.obj (.text:__TI_doflush)
                  00003574    0000004c                                   : atoi.c.obj (.text:atoi)
                  000035c0    00000048                                   : exit.c.obj (.text:exit)
                  00003608    00000048                                   : fd_toi_t2.asm.obj (.text)
                  00003650    00000044                                   : hostclose.c.obj (.text:HOSTclose)
                  00003694    00000044                                   : hostunlink.c.obj (.text:HOSTunlink)
                  000036d8    00000044                                   : autoinit.c.obj (.text:__TI_auto_init_nobinit_nopinit:__TI_auto_init_nobinit_nopinit)
                  0000371c    00000044                                   : getdevice.c.obj (.text:getdevice)
                  00003760    0000003e                                   : _printfi.c.obj (.text:_fcpy)
                  0000379e    00000002     --HOLE-- [fill = 0]
                  000037a0    00000038                                   : trgmsg.c.obj (.text:__TI_writemsg)
                  000037d8    00000036                                   : strncpy.c.obj (.text:strncpy)
                  0000380e    00000002     --HOLE-- [fill = 0]
                  00003810    00000034                                   : fopen.c.obj (.text:__TI_cleanup)
                  00003844    00000034                                   : trgmsg.c.obj (.text:__TI_readmsg)
                  00003878    00000034                                   : boot_cortex_m.c.obj (.text:_c_int00_noargs:_c_int00_noargs)
                  000038ac    00000030                                   : getdevice.c.obj (.text:finddevice)
                  000038dc    0000002e                                   : i_tofd_t2.asm.obj (.text)
                  0000390a    00000002     --HOLE-- [fill = 0]
                  0000390c    0000002c                                   : unlink.c.obj (.text:unlink)
                  00003938    00000028                                   : memory.c.obj (.text:free_list_insert)
                  00003960    00000028                                   : lseek.c.obj (.text:lseek)
                  00003988    00000028                                   : write.c.obj (.text:write)
                  000039b0    00000020                                   : memchr.c.obj (.text:memchr)
                  000039d0    0000001c                                   : copy_zero_init.c.obj (.text:decompress:ZI:__TI_zero_init_nomemset:__TI_zero_init_nomemset)
                  000039ec    0000001c                                   : memory.c.obj (.text:free_list_remove)
                  00003a08    0000001c                                   : memccpy.c.obj (.text:memccpy)
                  00003a24    0000001a                                   : s_copysign.c.obj (.text:copysign)
                  00003a3e    00000018                                   : strcmp.c.obj (.text:strcmp)
                  00003a56    00000016                                   : strchr.c.obj (.text:strchr)
                  00003a6c    00000014                                   : strcpy.c.obj (.text:strcpy)
                  00003a80    00000014                                   : strlen.c.obj (.text:strlen)
                  00003a94    00000012                                   : wcslen.c.obj (.text:wcslen)
                  00003aa6    0000000e                                   : copy_decompress_none.c.obj (.text:decompress:none:__TI_decompress_none)
                  00003ab4    0000000e     startup_msp432p401r_ccs.obj (.text)
                  00003ac2    00000002     --HOLE-- [fill = 0]
                  00003ac4    00000008     rtsv7M4_T_le_v4SPD16_eabi.lib : errno.c.obj (.text:__aeabi_errno_addr)
                  00003acc    00000008                                   : memory.c.obj (.text:malloc)
                  00003ad4    00000004                                   : printf.c.obj (.text:_outc)
                  00003ad8    00000004                                   : printf.c.obj (.text:_outs)
                  00003adc    00000004                                   : pre_init.c.obj (.text:_system_pre_init)
                  00003ae0    00000004                                   : exit.c.obj (.text:abort:abort)

.const     0    00003ae4    000001dd     
                  00003ae4    00000101     rtsv7M4_T_le_v4SPD16_eabi.lib : ctype.c.obj (.const:.string:_ctypes_)
                  00003be5    0000002c     FinalFuncs.obj (.const:menu1)
                  00003c11    0000002c     FinalFuncs.obj (.const:menu2)
                  00003c3d    0000002c     FinalFuncs.obj (.const:menu3)
                  00003c69    0000002c     FinalFuncs.obj (.const:menu4)
                  00003c95    0000002c     FinalFuncs.obj (.const:menu5)

.cinit     0    00003cc8    00000090     
                  00003cc8    0000006c     (.cinit..data.load) [load image, compression = lzss]
                  00003d34    0000000c     (__TI_handler_table)
                  00003d40    00000008     (.cinit..bss.load) [load image, compression = zero_init]
                  00003d48    00000010     (__TI_cinit_table)

.init_array 
*          0    00000000    00000000     UNINITIALIZED

.binit     0    00000000    00000000     

.sysmem    0    20000000    00000400     UNINITIALIZED
                  20000000    00000010     rtsv7M4_T_le_v4SPD16_eabi.lib : memory.c.obj (.sysmem)
                  20000010    000003f0     --HOLE--

.data      0    20000400    000001ec     UNINITIALIZED
                  20000400    000000f0     rtsv7M4_T_le_v4SPD16_eabi.lib : defs.c.obj (.data:_ftable)
                  200004f0    00000078                                   : host_device.c.obj (.data:_device)
                  20000568    00000050                                   : host_device.c.obj (.data:_stream)
                  200005b8    00000010                                   : defs.c.obj (.data)
                  200005c8    0000000c                                   : exit.c.obj (.data:$O1$$)
                  200005d4    00000008                                   : _lock.c.obj (.data:$O1$$)
                  200005dc    00000008                                   : memory.c.obj (.data:$O1$$)
                  200005e4    00000004                                   : errno.c.obj (.data)
                  200005e8    00000004     system_msp432p401r.obj (.data)

.bss       0    200005ec    000001c8     UNINITIALIZED
                  200005ec    00000120     rtsv7M4_T_le_v4SPD16_eabi.lib : trgmsg.c.obj (.bss:_CIOBUF_)
                  2000070c    000000a0     (.common:__TI_tmpnams)
                  200007ac    00000008     (.common:parmbuf)

.stack     0    2000fe00    00000200     UNINITIALIZED
                  2000fe00    00000004     rtsv7M4_T_le_v4SPD16_eabi.lib : boot_cortex_m.c.obj (.stack)
                  2000fe04    000001fc     --HOLE--

MODULE SUMMARY

       Module                        code    ro data   rw data
       ------                        ----    -------   -------
    .\
       FinalFuncs.obj                1072    220       0      
       Initializer.obj               1176    0         0      
       main.obj                      1004    0         0      
       system_msp432p401r.obj        820     0         8      
       startup_msp432p401r_ccs.obj   14      228       0      
    +--+-----------------------------+-------+---------+---------+
       Total:                        4086    448       8      
                                                              
    C:\ti\ccs930\ccs\tools\compiler\ti-cgt-arm_18.12.7.LTS\lib\rtsv7M4_T_le_v4SPD16_eabi.lib
       _printfi.c.obj                4851    0         0      
       defs.c.obj                    0       0         832    
       memory.c.obj                  696     0         16     
       trgmsg.c.obj                  108     0         576    
       fd_add_t2.asm.obj             438     0         0      
       host_device.c.obj             0       0         400    
       fd_div_t2.asm.obj             310     0         0      
       fputs.c.obj                   276     0         0      
       s_scalbn.c.obj                272     0         0      
       fd_cmp_t2.asm.obj             268     0         0      
       ctype.c.obj                   0       257       0      
       fd_mul_t2.asm.obj             252     0         0      
       setvbuf.c.obj                 220     0         0      
       memcpy_t2.asm.obj             156     0         0      
       ull_div_t2.asm.obj            150     0         0      
       fputc.c.obj                   140     0         0      
       memset_t2.asm.obj             122     0         0      
       fclose.c.obj                  116     0         0      
       getdevice.c.obj               116     0         0      
       hostopen.c.obj                96      0         16     
       printf.c.obj                  112     0         0      
       hostrename.c.obj              108     0         0      
       copy_decompress_lzss.c.obj    104     0         0      
       hostlseek.c.obj               104     0         0      
       exit.c.obj                    76      0         24     
       fseek.c.obj                   100     0         0      
       s_frexp.c.obj                 100     0         0      
       _io_perm.c.obj                98      0         0      
       close.c.obj                   92      0         0      
       hostread.c.obj                88      0         0      
       hostwrite.c.obj               88      0         0      
       ltoa.c.obj                    84      0         0      
       atoi.c.obj                    76      0         0      
       fflush.c.obj                  76      0         0      
       fd_toi_t2.asm.obj             72      0         0      
       autoinit.c.obj                68      0         0      
       hostclose.c.obj               68      0         0      
       hostunlink.c.obj              68      0         0      
       strncpy.c.obj                 54      0         0      
       boot_cortex_m.c.obj           52      0         0      
       fopen.c.obj                   52      0         0      
       i_tofd_t2.asm.obj             46      0         0      
       unlink.c.obj                  44      0         0      
       lseek.c.obj                   40      0         0      
       write.c.obj                   40      0         0      
       memchr.c.obj                  32      0         0      
       copy_zero_init.c.obj          28      0         0      
       memccpy.c.obj                 28      0         0      
       s_copysign.c.obj              26      0         0      
       strcmp.c.obj                  24      0         0      
       strchr.c.obj                  22      0         0      
       strcpy.c.obj                  20      0         0      
       strlen.c.obj                  20      0         0      
       _lock.c.obj                   2       0         16     
       wcslen.c.obj                  18      0         0      
       errno.c.obj                   8       0         8      
       copy_decompress_none.c.obj    14      0         0      
       pre_init.c.obj                4       0         0      
       div0.asm.obj                  2       0         0      
    +--+-----------------------------+-------+---------+---------+
       Total:                        10745   257       1888   
                                                              
       Heap:                         0       0         2048   
       Stack:                        0       0         1024   
       Linker Generated:             0       144       0      
    +--+-----------------------------+-------+---------+---------+
       Grand Total:                  14831   849       4968   


LINKER GENERATED COPY TABLES

__TI_cinit_table @ 00003d48 records: 2, size/record: 8, table size: 16
	.data: load addr=00003cc8, load size=0000006c bytes, run addr=20000400, run size=000001ec bytes, compression=lzss
	.bss: load addr=00003d40, load size=00000008 bytes, run addr=200005ec, run size=000001c8 bytes, compression=zero_init


LINKER GENERATED HANDLER TABLE

__TI_handler_table @ 00003d34 records: 3, size/record: 4, table size: 12
	index: 0, handler: __TI_decompress_lzss
	index: 1, handler: __TI_decompress_none
	index: 2, handler: __TI_zero_init


GLOBAL SYMBOLS: SORTED ALPHABETICALLY BY Name 

address   name                           
-------   ----                           
00003ac1  ADC14_IRQHandler               
00003ac1  AES256_IRQHandler              
00003ac1  BusFault_Handler               
00003ae1  C$$EXIT                        
000037cf  C$$IO$$                        
00003ac1  COMP_E0_IRQHandler             
00003ac1  COMP_E1_IRQHandler             
00003ac1  CS_IRQHandler                  
00003ac1  DMA_ERR_IRQHandler             
00003ac1  DMA_INT0_IRQHandler            
00003ac1  DMA_INT1_IRQHandler            
00003ac1  DMA_INT2_IRQHandler            
00003ac1  DMA_INT3_IRQHandler            
00003ac1  DebugMon_Handler               
00003ac1  Default_Handler                
00003ac1  EUSCIA0_IRQHandler             
00003ac1  EUSCIA1_IRQHandler             
00003ac1  EUSCIA2_IRQHandler             
00003ac1  EUSCIA3_IRQHandler             
00003ac1  EUSCIB0_IRQHandler             
00003ac1  EUSCIB1_IRQHandler             
00003ac1  EUSCIB2_IRQHandler             
00003ac1  EUSCIB3_IRQHandler             
00003ac1  FLCTL_IRQHandler               
00003ac1  FPU_IRQHandler                 
00003651  HOSTclose                      
0000305d  HOSTlseek                      
000032c1  HOSTopen                       
0000337d  HOSTread                       
00002ff1  HOSTrename                     
00003695  HOSTunlink                     
000033d5  HOSTwrite                      
00003ac1  HardFault_Handler              
0000107b  Keypad_Read                    
00000dfd  Keypad_init                    
00000ec1  LCDPWM                         
00000c97  LCD_init                       
00003ac1  MemManage_Handler              
00000e59  MotorConfig                    
00001321  MotorSpeed                     
00003ac1  NMI_Handler                    
00003ac1  PCM_IRQHandler                 
00003ac1  PORT1_IRQHandler               
00003ac1  PORT2_IRQHandler               
000013a3  PORT3_IRQHandler               
000013a3  PORT3_IRQHandler               
00003ac1  PORT4_IRQHandler               
00003ac1  PORT5_IRQHandler               
00003ac1  PORT6_IRQHandler               
00003ac1  PSS_IRQHandler                 
00003ac1  PendSV_Handler                 
000012b9  Press_Convert                  
0000126d  PrintMenu                      
0000116b  PrintMenu1                     
00000fcd  PulseEnablePin                 
00000e87  RGBConfig                      
0000134d  RGBSpeed                       
00003ac1  RTC_C_IRQHandler               
00003ab5  Reset_Handler                  
00003ac1  SVC_Handler                    
00000e31  ServoConfig                    
00000b35  Setup_Init                     
00003ac1  SysTick_Handler                
200005e8  SystemCoreClock                
000017e9  SystemCoreClockUpdate          
00001a61  SystemInit                     
00000d85  Systick_ms_delay               
00000d55  Systick_us_delay               
00003ac1  T32_INT1_IRQHandler            
00001393  T32_INT2_IRQHandler            
00001393  T32_INT2_IRQHandler            
00003ac1  T32_INTC_IRQHandler            
00003ac1  TA0_0_IRQHandler               
00003ac1  TA0_N_IRQHandler               
00003ac1  TA1_0_IRQHandler               
00003ac1  TA1_N_IRQHandler               
00003ac1  TA2_0_IRQHandler               
00003ac1  TA2_N_IRQHandler               
00003ac1  TA3_0_IRQHandler               
00003ac1  TA3_N_IRQHandler               
00003ac1  UsageFault_Handler             
4000480c  WDTCTL_SYM                     
00003ac1  WDT_A_IRQHandler               
200005ec  __CIOBUF_                      
20010000  __STACK_END                    
00000200  __STACK_SIZE                   
00000400  __SYSMEM_SIZE                  
00003d48  __TI_CINIT_Base                
00003d58  __TI_CINIT_Limit               
00003d34  __TI_Handler_Table_Base        
00003d40  __TI_Handler_Table_Limit       
000036d9  __TI_auto_init_nobinit_nopinit 
00003811  __TI_cleanup                   
200005c8  __TI_cleanup_ptr               
00002e9d  __TI_closefile                 
000030c5  __TI_decompress_lzss           
00003aa7  __TI_decompress_none           
00003529  __TI_doflush                   
200005cc  __TI_dtors_ptr                 
200005d0  __TI_enable_exit_profile_output
200005b8  __TI_ft_end                    
ffffffff  __TI_pprof_out_hndl            
000000e5  __TI_printfi                   
ffffffff  __TI_prof_data_size            
ffffffff  __TI_prof_data_start           
00003845  __TI_readmsg                   
00000000  __TI_static_base__             
2000070c  __TI_tmpnams                   
000037a1  __TI_writemsg                  
0000325d  __TI_wrt_ok                    
000039d1  __TI_zero_init_nomemset        
00002d15  __aeabi_cdcmpeq                
00002d15  __aeabi_cdcmple                
00002d9b  __aeabi_cdrcmple               
00003609  __aeabi_d2iz                   
00001f67  __aeabi_dadd                   
00002251  __aeabi_ddiv                   
000027e9  __aeabi_dmul                   
00001f5d  __aeabi_dsub                   
00003ac5  __aeabi_errno_addr             
000038dd  __aeabi_i2d                    
00002113  __aeabi_idiv0                  
00002113  __aeabi_ldiv0                  
00002e21  __aeabi_memclr                 
00002e21  __aeabi_memclr4                
00002e21  __aeabi_memclr8                
00002b57  __aeabi_memcpy                 
00002b57  __aeabi_memcpy4                
00002b57  __aeabi_memcpy8                
00002e23  __aeabi_memset                 
00002e23  __aeabi_memset4                
00002e23  __aeabi_memset8                
200005c4  __aeabi_stderr                 
200005bc  __aeabi_stdin                  
200005c0  __aeabi_stdout                 
00002bf3  __aeabi_uldivmod               
ffffffff  __binit__                      
ffffffff  __c_args__                     
UNDEFED   __mpu_init                     
2000fe00  __stack                        
00003879  _c_int00_noargs                
00003ae4  _ctypes_                       
200004f0  _device                        
20000400  _ftable                        
200005d4  _lock                          
00000b33  _nop                           
20000568  _stream                        
20000000  _sys_memory                    
UNDEFED   _system_post_cinit             
00003add  _system_pre_init               
200005d8  _unlock                        
00003ae1  abort                          
00000db7  adcsetup                       
000024ad  aligned_alloc                  
00003575  atoi                           
ffffffff  binit                          
00003321  close                          
00003a25  copysign                       
00003a25  copysignl                      
00001383  debouncer                      
200005e4  errno                          
000035c1  exit                           
000038ad  finddevice                     
00002c89  fputc                          
000025c5  fputs                          
000028e5  free                           
00003195  frexp                          
00003195  frexpl                         
000031f9  fseek                          
0000371d  getdevice                      
00000000  interruptVectors               
000026d9  ldexp                          
000026d9  ldexpl                         
00003961  lseek                          
00003483  ltoa                           
0000142d  main                           
00003acd  malloc                         
000024ad  memalign                       
00003a09  memccpy                        
000039b1  memchr                         
00002b57  memcpy                         
00002e29  memset                         
00003be5  menu1                          
00003c11  menu2                          
00003c3d  menu3                          
00003c69  menu4                          
00003c95  menu5                          
200007ac  parmbuf                        
0000312d  printf                         
00001025  pushByte                       
00001001  pushNibble                     
00002c89  putc                           
0000390d  remove                         
000026d9  scalbn                         
000026d9  scalbnl                        
000029c9  setvbuf                        
00003a57  strchr                         
00003a3f  strcmp                         
00003a6d  strcpy                         
00003a81  strlen                         
000037d9  strncpy                        
0000390d  unlink                         
00003a95  wcslen                         
00003989  write                          
0000104f  write_command                  
0000105b  write_data                     


GLOBAL SYMBOLS: SORTED BY Symbol Address 

address   name                           
-------   ----                           
00000000  __TI_static_base__             
00000000  interruptVectors               
000000e5  __TI_printfi                   
00000200  __STACK_SIZE                   
00000400  __SYSMEM_SIZE                  
00000b33  _nop                           
00000b35  Setup_Init                     
00000c97  LCD_init                       
00000d55  Systick_us_delay               
00000d85  Systick_ms_delay               
00000db7  adcsetup                       
00000dfd  Keypad_init                    
00000e31  ServoConfig                    
00000e59  MotorConfig                    
00000e87  RGBConfig                      
00000ec1  LCDPWM                         
00000fcd  PulseEnablePin                 
00001001  pushNibble                     
00001025  pushByte                       
0000104f  write_command                  
0000105b  write_data                     
0000107b  Keypad_Read                    
0000116b  PrintMenu1                     
0000126d  PrintMenu                      
000012b9  Press_Convert                  
00001321  MotorSpeed                     
0000134d  RGBSpeed                       
00001383  debouncer                      
00001393  T32_INT2_IRQHandler            
00001393  T32_INT2_IRQHandler            
000013a3  PORT3_IRQHandler               
000013a3  PORT3_IRQHandler               
0000142d  main                           
000017e9  SystemCoreClockUpdate          
00001a61  SystemInit                     
00001f5d  __aeabi_dsub                   
00001f67  __aeabi_dadd                   
00002113  __aeabi_idiv0                  
00002113  __aeabi_ldiv0                  
00002251  __aeabi_ddiv                   
000024ad  aligned_alloc                  
000024ad  memalign                       
000025c5  fputs                          
000026d9  ldexp                          
000026d9  ldexpl                         
000026d9  scalbn                         
000026d9  scalbnl                        
000027e9  __aeabi_dmul                   
000028e5  free                           
000029c9  setvbuf                        
00002b57  __aeabi_memcpy                 
00002b57  __aeabi_memcpy4                
00002b57  __aeabi_memcpy8                
00002b57  memcpy                         
00002bf3  __aeabi_uldivmod               
00002c89  fputc                          
00002c89  putc                           
00002d15  __aeabi_cdcmpeq                
00002d15  __aeabi_cdcmple                
00002d9b  __aeabi_cdrcmple               
00002e21  __aeabi_memclr                 
00002e21  __aeabi_memclr4                
00002e21  __aeabi_memclr8                
00002e23  __aeabi_memset                 
00002e23  __aeabi_memset4                
00002e23  __aeabi_memset8                
00002e29  memset                         
00002e9d  __TI_closefile                 
00002ff1  HOSTrename                     
0000305d  HOSTlseek                      
000030c5  __TI_decompress_lzss           
0000312d  printf                         
00003195  frexp                          
00003195  frexpl                         
000031f9  fseek                          
0000325d  __TI_wrt_ok                    
000032c1  HOSTopen                       
00003321  close                          
0000337d  HOSTread                       
000033d5  HOSTwrite                      
00003483  ltoa                           
00003529  __TI_doflush                   
00003575  atoi                           
000035c1  exit                           
00003609  __aeabi_d2iz                   
00003651  HOSTclose                      
00003695  HOSTunlink                     
000036d9  __TI_auto_init_nobinit_nopinit 
0000371d  getdevice                      
000037a1  __TI_writemsg                  
000037cf  C$$IO$$                        
000037d9  strncpy                        
00003811  __TI_cleanup                   
00003845  __TI_readmsg                   
00003879  _c_int00_noargs                
000038ad  finddevice                     
000038dd  __aeabi_i2d                    
0000390d  remove                         
0000390d  unlink                         
00003961  lseek                          
00003989  write                          
000039b1  memchr                         
000039d1  __TI_zero_init_nomemset        
00003a09  memccpy                        
00003a25  copysign                       
00003a25  copysignl                      
00003a3f  strcmp                         
00003a57  strchr                         
00003a6d  strcpy                         
00003a81  strlen                         
00003a95  wcslen                         
00003aa7  __TI_decompress_none           
00003ab5  Reset_Handler                  
00003ac1  ADC14_IRQHandler               
00003ac1  AES256_IRQHandler              
00003ac1  BusFault_Handler               
00003ac1  COMP_E0_IRQHandler             
00003ac1  COMP_E1_IRQHandler             
00003ac1  CS_IRQHandler                  
00003ac1  DMA_ERR_IRQHandler             
00003ac1  DMA_INT0_IRQHandler            
00003ac1  DMA_INT1_IRQHandler            
00003ac1  DMA_INT2_IRQHandler            
00003ac1  DMA_INT3_IRQHandler            
00003ac1  DebugMon_Handler               
00003ac1  Default_Handler                
00003ac1  EUSCIA0_IRQHandler             
00003ac1  EUSCIA1_IRQHandler             
00003ac1  EUSCIA2_IRQHandler             
00003ac1  EUSCIA3_IRQHandler             
00003ac1  EUSCIB0_IRQHandler             
00003ac1  EUSCIB1_IRQHandler             
00003ac1  EUSCIB2_IRQHandler             
00003ac1  EUSCIB3_IRQHandler             
00003ac1  FLCTL_IRQHandler               
00003ac1  FPU_IRQHandler                 
00003ac1  HardFault_Handler              
00003ac1  MemManage_Handler              
00003ac1  NMI_Handler                    
00003ac1  PCM_IRQHandler                 
00003ac1  PORT1_IRQHandler               
00003ac1  PORT2_IRQHandler               
00003ac1  PORT4_IRQHandler               
00003ac1  PORT5_IRQHandler               
00003ac1  PORT6_IRQHandler               
00003ac1  PSS_IRQHandler                 
00003ac1  PendSV_Handler                 
00003ac1  RTC_C_IRQHandler               
00003ac1  SVC_Handler                    
00003ac1  SysTick_Handler                
00003ac1  T32_INT1_IRQHandler            
00003ac1  T32_INTC_IRQHandler            
00003ac1  TA0_0_IRQHandler               
00003ac1  TA0_N_IRQHandler               
00003ac1  TA1_0_IRQHandler               
00003ac1  TA1_N_IRQHandler               
00003ac1  TA2_0_IRQHandler               
00003ac1  TA2_N_IRQHandler               
00003ac1  TA3_0_IRQHandler               
00003ac1  TA3_N_IRQHandler               
00003ac1  UsageFault_Handler             
00003ac1  WDT_A_IRQHandler               
00003ac5  __aeabi_errno_addr             
00003acd  malloc                         
00003add  _system_pre_init               
00003ae1  C$$EXIT                        
00003ae1  abort                          
00003ae4  _ctypes_                       
00003be5  menu1                          
00003c11  menu2                          
00003c3d  menu3                          
00003c69  menu4                          
00003c95  menu5                          
00003d34  __TI_Handler_Table_Base        
00003d40  __TI_Handler_Table_Limit       
00003d48  __TI_CINIT_Base                
00003d58  __TI_CINIT_Limit               
20000000  _sys_memory                    
20000400  _ftable                        
200004f0  _device                        
20000568  _stream                        
200005b8  __TI_ft_end                    
200005bc  __aeabi_stdin                  
200005c0  __aeabi_stdout                 
200005c4  __aeabi_stderr                 
200005c8  __TI_cleanup_ptr               
200005cc  __TI_dtors_ptr                 
200005d0  __TI_enable_exit_profile_output
200005d4  _lock                          
200005d8  _unlock                        
200005e4  errno                          
200005e8  SystemCoreClock                
200005ec  __CIOBUF_                      
2000070c  __TI_tmpnams                   
200007ac  parmbuf                        
2000fe00  __stack                        
20010000  __STACK_END                    
4000480c  WDTCTL_SYM                     
ffffffff  __TI_pprof_out_hndl            
ffffffff  __TI_prof_data_size            
ffffffff  __TI_prof_data_start           
ffffffff  __binit__                      
ffffffff  __c_args__                     
ffffffff  binit                          
UNDEFED   __mpu_init                     
UNDEFED   _system_post_cinit             

[206 symbols]
