******************************************************************************
                  TI ARM Linker PC v18.12.7                    
******************************************************************************
>> Linked Thu Mar  4 17:36:07 2021

OUTPUT FILE NAME:   <Lab6Part1.out>
ENTRY POINT SYMBOL: "_c_int00_noargs"  address: 00002df9


MEMORY CONFIGURATION

         name            origin    length      used     unused   attr    fill
----------------------  --------  ---------  --------  --------  ----  --------
  MAIN                  00000000   00040000  000031fd  0003ce03  R  X
  INFO                  00200000   00004000  00000000  00004000  R  X
  SRAM_CODE             01000000   00010000  000009b4  0000f64c  RW X
  SRAM_DATA             20000000   00010000  000009b4  0000f64c  RW  


SEGMENT ALLOCATION MAP

run origin  load origin   length   init length attrs members
----------  ----------- ---------- ----------- ----- -------
00000000    00000000    00003200   00003200    r-x
  00000000    00000000    000000e4   000000e4    r-- .intvecs
  000000e4    000000e4    00002f80   00002f80    r-x .text
  00003064    00003064    00000101   00000101    r-- .const
  00003168    00003168    00000098   00000098    r-- .cinit
20000000    20000000    000007b4   00000000    rw-
  20000000    20000000    00000400   00000000    rw- .sysmem
  20000400    20000400    000001ec   00000000    rw- .data
  200005ec    200005ec    000001c8   00000000    rw- .bss
2000fe00    2000fe00    00000200   00000000    rw-
  2000fe00    2000fe00    00000200   00000000    rw- .stack


SECTION ALLOCATION MAP

 output                                  attributes/
section   page    origin      length       input sections
--------  ----  ----------  ----------   ----------------
.intvecs   0    00000000    000000e4     
                  00000000    000000e4     startup_msp432p401r_ccs.obj (.intvecs:retain)

.text      0    000000e4    00002f80     
                  000000e4    00000a4e     rtsv7M4_T_le_v4SPD16_eabi.lib : _printfi.c.obj (.text:__TI_printfi)
                  00000b32    00000002                                   : _lock.c.obj (.text:_nop)
                  00000b34    00000334     system_msp432p401r.obj (.text)
                  00000e68    00000270     rtsv7M4_T_le_v4SPD16_eabi.lib : _printfi.c.obj (.text:_pconv_a)
                  000010d8    00000234     part1main.obj (.text)
                  0000130c    000001d0     rtsv7M4_T_le_v4SPD16_eabi.lib : _printfi.c.obj (.text:_pconv_g)
                  000014dc    000001b6                                   : fd_add_t2.asm.obj (.text)
                  00001692    00000002                                   : div0.asm.obj (.text)
                  00001694    0000013c                                   : _printfi.c.obj (.text:_pconv_e)
                  000017d0    00000136                                   : fd_div_t2.asm.obj (.text)
                  00001906    00000002     --HOLE-- [fill = 0]
                  00001908    00000124                                   : _printfi.c.obj (.text:fcvt)
                  00001a2c    00000118                                   : memory.c.obj (.text:aligned_alloc)
                  00001b44    00000114                                   : fputs.c.obj (.text:fputs)
                  00001c58    00000110                                   : s_scalbn.c.obj (.text:scalbn)
                  00001d68    000000fc                                   : fd_mul_t2.asm.obj (.text)
                  00001e64    000000e4                                   : memory.c.obj (.text:free)
                  00001f48    000000dc                                   : setvbuf.c.obj (.text:setvbuf)
                  00002024    000000b1                                   : _printfi.c.obj (.text:_ltostr)
                  000020d5    00000001     --HOLE-- [fill = 0]
                  000020d6    0000009c                                   : memcpy_t2.asm.obj (.text)
                  00002172    00000096                                   : ull_div_t2.asm.obj (.text)
                  00002208    0000008c                                   : fputc.c.obj (.text:fputc)
                  00002294    00000086                                   : fd_cmp_t2.asm.obj (.text:__aeabi_cdcmple)
                  0000231a    00000086                                   : fd_cmp_t2.asm.obj (.text:__aeabi_cdrcmple)
                  000023a0    0000007a                                   : memset_t2.asm.obj (.text)
                  0000241a    00000002     --HOLE-- [fill = 0]
                  0000241c    00000074                                   : fclose.c.obj (.text:__TI_closefile)
                  00002490    00000070                                   : memory.c.obj (.text:split)
                  00002500    0000006e                                   : _printfi.c.obj (.text:_mcpy)
                  0000256e    00000002     --HOLE-- [fill = 0]
                  00002570    0000006c                                   : hostrename.c.obj (.text:HOSTrename)
                  000025dc    00000068                                   : hostlseek.c.obj (.text:HOSTlseek)
                  00002644    00000068                                   : copy_decompress_lzss.c.obj (.text:decompress:lzss:__TI_decompress_lzss)
                  000026ac    00000068                                   : printf.c.obj (.text:printf)
                  00002714    00000064                                   : s_frexp.c.obj (.text:frexp)
                  00002778    00000064                                   : fseek.c.obj (.text:fseek)
                  000027dc    00000062                                   : _io_perm.c.obj (.text:__TI_wrt_ok)
                  0000283e    00000002     --HOLE-- [fill = 0]
                  00002840    00000060                                   : hostopen.c.obj (.text:HOSTopen)
                  000028a0    0000005c                                   : close.c.obj (.text:close)
                  000028fc    00000058                                   : hostread.c.obj (.text:HOSTread)
                  00002954    00000058                                   : hostwrite.c.obj (.text:HOSTwrite)
                  000029ac    00000056                                   : _printfi.c.obj (.text:_pconv_f)
                  00002a02    00000054                                   : ltoa.c.obj (.text:ltoa)
                  00002a56    00000052                                   : _printfi.c.obj (.text:_ecpy)
                  00002aa8    0000004c                                   : fflush.c.obj (.text:__TI_doflush)
                  00002af4    0000004c                                   : atoi.c.obj (.text:atoi)
                  00002b40    00000048                                   : exit.c.obj (.text:exit)
                  00002b88    00000048                                   : fd_toi_t2.asm.obj (.text)
                  00002bd0    00000044                                   : hostclose.c.obj (.text:HOSTclose)
                  00002c14    00000044                                   : hostunlink.c.obj (.text:HOSTunlink)
                  00002c58    00000044                                   : autoinit.c.obj (.text:__TI_auto_init_nobinit_nopinit:__TI_auto_init_nobinit_nopinit)
                  00002c9c    00000044                                   : getdevice.c.obj (.text:getdevice)
                  00002ce0    0000003e                                   : _printfi.c.obj (.text:_fcpy)
                  00002d1e    00000002     --HOLE-- [fill = 0]
                  00002d20    00000038                                   : trgmsg.c.obj (.text:__TI_writemsg)
                  00002d58    00000036                                   : strncpy.c.obj (.text:strncpy)
                  00002d8e    00000002     --HOLE-- [fill = 0]
                  00002d90    00000034                                   : fopen.c.obj (.text:__TI_cleanup)
                  00002dc4    00000034                                   : trgmsg.c.obj (.text:__TI_readmsg)
                  00002df8    00000034                                   : boot_cortex_m.c.obj (.text:_c_int00_noargs:_c_int00_noargs)
                  00002e2c    00000030                                   : getdevice.c.obj (.text:finddevice)
                  00002e5c    0000002e                                   : i_tofd_t2.asm.obj (.text)
                  00002e8a    00000002     --HOLE-- [fill = 0]
                  00002e8c    0000002c                                   : unlink.c.obj (.text:unlink)
                  00002eb8    00000028                                   : memory.c.obj (.text:free_list_insert)
                  00002ee0    00000028                                   : lseek.c.obj (.text:lseek)
                  00002f08    00000028                                   : write.c.obj (.text:write)
                  00002f30    00000020                                   : memchr.c.obj (.text:memchr)
                  00002f50    0000001c                                   : copy_zero_init.c.obj (.text:decompress:ZI:__TI_zero_init_nomemset:__TI_zero_init_nomemset)
                  00002f6c    0000001c                                   : memory.c.obj (.text:free_list_remove)
                  00002f88    0000001c                                   : memccpy.c.obj (.text:memccpy)
                  00002fa4    0000001a                                   : s_copysign.c.obj (.text:copysign)
                  00002fbe    00000018                                   : strcmp.c.obj (.text:strcmp)
                  00002fd6    00000016                                   : strchr.c.obj (.text:strchr)
                  00002fec    00000014                                   : strcpy.c.obj (.text:strcpy)
                  00003000    00000014                                   : strlen.c.obj (.text:strlen)
                  00003014    00000012                                   : wcslen.c.obj (.text:wcslen)
                  00003026    0000000e                                   : copy_decompress_none.c.obj (.text:decompress:none:__TI_decompress_none)
                  00003034    0000000e     startup_msp432p401r_ccs.obj (.text)
                  00003042    00000002     --HOLE-- [fill = 0]
                  00003044    00000008     rtsv7M4_T_le_v4SPD16_eabi.lib : errno.c.obj (.text:__aeabi_errno_addr)
                  0000304c    00000008                                   : memory.c.obj (.text:malloc)
                  00003054    00000004                                   : printf.c.obj (.text:_outc)
                  00003058    00000004                                   : printf.c.obj (.text:_outs)
                  0000305c    00000004                                   : pre_init.c.obj (.text:_system_pre_init)
                  00003060    00000004                                   : exit.c.obj (.text:abort:abort)

.const     0    00003064    00000101     
                  00003064    00000101     rtsv7M4_T_le_v4SPD16_eabi.lib : ctype.c.obj (.const:.string:_ctypes_)

.cinit     0    00003168    00000098     
                  00003168    0000006e     (.cinit..data.load) [load image, compression = lzss]
                  000031d6    00000002     --HOLE-- [fill = 0]
                  000031d8    0000000c     (__TI_handler_table)
                  000031e4    00000004     --HOLE-- [fill = 0]
                  000031e8    00000008     (.cinit..bss.load) [load image, compression = zero_init]
                  000031f0    00000010     (__TI_cinit_table)

.init_array 
*          0    00000000    00000000     UNINITIALIZED

.binit     0    00000000    00000000     

.sysmem    0    20000000    00000400     UNINITIALIZED
                  20000000    00000010     rtsv7M4_T_le_v4SPD16_eabi.lib : memory.c.obj (.sysmem)
                  20000010    000003f0     --HOLE--

.data      0    20000400    000001ec     UNINITIALIZED
                  20000400    000000f0     rtsv7M4_T_le_v4SPD16_eabi.lib : defs.c.obj (.data:_ftable)
                  200004f0    00000078                                   : host_device.c.obj (.data:_device)
                  20000568    00000050                                   : host_device.c.obj (.data:_stream)
                  200005b8    00000010                                   : defs.c.obj (.data)
                  200005c8    0000000c                                   : exit.c.obj (.data:$O1$$)
                  200005d4    00000008                                   : _lock.c.obj (.data:$O1$$)
                  200005dc    00000008                                   : memory.c.obj (.data:$O1$$)
                  200005e4    00000004                                   : errno.c.obj (.data)
                  200005e8    00000004     system_msp432p401r.obj (.data)

.bss       0    200005ec    000001c8     UNINITIALIZED
                  200005ec    00000120     rtsv7M4_T_le_v4SPD16_eabi.lib : trgmsg.c.obj (.bss:_CIOBUF_)
                  2000070c    000000a0     (.common:__TI_tmpnams)
                  200007ac    00000008     (.common:parmbuf)

.stack     0    2000fe00    00000200     UNINITIALIZED
                  2000fe00    00000004     rtsv7M4_T_le_v4SPD16_eabi.lib : boot_cortex_m.c.obj (.stack)
                  2000fe04    000001fc     --HOLE--

MODULE SUMMARY

       Module                        code    ro data   rw data
       ------                        ----    -------   -------
    .\
       system_msp432p401r.obj        820     0         8      
       part1main.obj                 564     0         0      
       startup_msp432p401r_ccs.obj   14      228       0      
    +--+-----------------------------+-------+---------+---------+
       Total:                        1398    228       8      
                                                              
    C:\ti\ccs930\ccs\tools\compiler\ti-cgt-arm_18.12.7.LTS\lib\rtsv7M4_T_le_v4SPD16_eabi.lib
       _printfi.c.obj                4851    0         0      
       defs.c.obj                    0       0         832    
       memory.c.obj                  696     0         16     
       trgmsg.c.obj                  108     0         576    
       fd_add_t2.asm.obj             438     0         0      
       host_device.c.obj             0       0         400    
       fd_div_t2.asm.obj             310     0         0      
       fputs.c.obj                   276     0         0      
       s_scalbn.c.obj                272     0         0      
       fd_cmp_t2.asm.obj             268     0         0      
       ctype.c.obj                   0       257       0      
       fd_mul_t2.asm.obj             252     0         0      
       setvbuf.c.obj                 220     0         0      
       memcpy_t2.asm.obj             156     0         0      
       ull_div_t2.asm.obj            150     0         0      
       fputc.c.obj                   140     0         0      
       memset_t2.asm.obj             122     0         0      
       fclose.c.obj                  116     0         0      
       getdevice.c.obj               116     0         0      
       hostopen.c.obj                96      0         16     
       printf.c.obj                  112     0         0      
       hostrename.c.obj              108     0         0      
       copy_decompress_lzss.c.obj    104     0         0      
       hostlseek.c.obj               104     0         0      
       exit.c.obj                    76      0         24     
       fseek.c.obj                   100     0         0      
       s_frexp.c.obj                 100     0         0      
       _io_perm.c.obj                98      0         0      
       close.c.obj                   92      0         0      
       hostread.c.obj                88      0         0      
       hostwrite.c.obj               88      0         0      
       ltoa.c.obj                    84      0         0      
       atoi.c.obj                    76      0         0      
       fflush.c.obj                  76      0         0      
       fd_toi_t2.asm.obj             72      0         0      
       autoinit.c.obj                68      0         0      
       hostclose.c.obj               68      0         0      
       hostunlink.c.obj              68      0         0      
       strncpy.c.obj                 54      0         0      
       boot_cortex_m.c.obj           52      0         0      
       fopen.c.obj                   52      0         0      
       i_tofd_t2.asm.obj             46      0         0      
       unlink.c.obj                  44      0         0      
       lseek.c.obj                   40      0         0      
       write.c.obj                   40      0         0      
       memchr.c.obj                  32      0         0      
       copy_zero_init.c.obj          28      0         0      
       memccpy.c.obj                 28      0         0      
       s_copysign.c.obj              26      0         0      
       strcmp.c.obj                  24      0         0      
       strchr.c.obj                  22      0         0      
       strcpy.c.obj                  20      0         0      
       strlen.c.obj                  20      0         0      
       _lock.c.obj                   2       0         16     
       wcslen.c.obj                  18      0         0      
       errno.c.obj                   8       0         8      
       copy_decompress_none.c.obj    14      0         0      
       pre_init.c.obj                4       0         0      
       div0.asm.obj                  2       0         0      
    +--+-----------------------------+-------+---------+---------+
       Total:                        10745   257       1888   
                                                              
       Heap:                         0       0         2048   
       Stack:                        0       0         1024   
       Linker Generated:             0       146       0      
    +--+-----------------------------+-------+---------+---------+
       Grand Total:                  12143   631       4968   


LINKER GENERATED COPY TABLES

__TI_cinit_table @ 000031f0 records: 2, size/record: 8, table size: 16
	.data: load addr=00003168, load size=0000006e bytes, run addr=20000400, run size=000001ec bytes, compression=lzss
	.bss: load addr=000031e8, load size=00000008 bytes, run addr=200005ec, run size=000001c8 bytes, compression=zero_init


LINKER GENERATED HANDLER TABLE

__TI_handler_table @ 000031d8 records: 3, size/record: 4, table size: 12
	index: 0, handler: __TI_decompress_lzss
	index: 1, handler: __TI_decompress_none
	index: 2, handler: __TI_zero_init


GLOBAL SYMBOLS: SORTED ALPHABETICALLY BY Name 

address   name                           
-------   ----                           
00003041  ADC14_IRQHandler               
00003041  AES256_IRQHandler              
00003041  BusFault_Handler               
00003061  C$$EXIT                        
00002d4f  C$$IO$$                        
00003041  COMP_E0_IRQHandler             
00003041  COMP_E1_IRQHandler             
00003041  CS_IRQHandler                  
00003041  DMA_ERR_IRQHandler             
00003041  DMA_INT0_IRQHandler            
00003041  DMA_INT1_IRQHandler            
00003041  DMA_INT2_IRQHandler            
00003041  DMA_INT3_IRQHandler            
00003041  DebugMon_Handler               
00003041  Default_Handler                
00003041  EUSCIA0_IRQHandler             
00003041  EUSCIA1_IRQHandler             
00003041  EUSCIA2_IRQHandler             
00003041  EUSCIA3_IRQHandler             
00003041  EUSCIB0_IRQHandler             
00003041  EUSCIB1_IRQHandler             
00003041  EUSCIB2_IRQHandler             
00003041  EUSCIB3_IRQHandler             
00003041  FLCTL_IRQHandler               
00003041  FPU_IRQHandler                 
00002bd1  HOSTclose                      
000025dd  HOSTlseek                      
00002841  HOSTopen                       
000028fd  HOSTread                       
00002571  HOSTrename                     
00002c15  HOSTunlink                     
00002955  HOSTwrite                      
00003041  HardFault_Handler              
00001229  Keypad_Print                   
00001139  Keypad_Read                    
00001105  Keypad_init                    
00003041  MemManage_Handler              
00003041  NMI_Handler                    
00003041  PCM_IRQHandler                 
00003041  PORT1_IRQHandler               
00003041  PORT2_IRQHandler               
00003041  PORT3_IRQHandler               
00003041  PORT4_IRQHandler               
00003041  PORT5_IRQHandler               
00003041  PORT6_IRQHandler               
00003041  PSS_IRQHandler                 
00003041  PendSV_Handler                 
00003041  RTC_C_IRQHandler               
00003035  Reset_Handler                  
00003041  SVC_Handler                    
00003041  SysTick_Handler                
0000126d  SysTick_delay                  
200005e8  SystemCoreClock                
00000b35  SystemCoreClockUpdate          
00000dad  SystemInit                     
00003041  T32_INT1_IRQHandler            
00003041  T32_INT2_IRQHandler            
00003041  T32_INTC_IRQHandler            
00003041  TA0_0_IRQHandler               
00003041  TA0_N_IRQHandler               
00003041  TA1_0_IRQHandler               
00003041  TA1_N_IRQHandler               
00003041  TA2_0_IRQHandler               
00003041  TA2_N_IRQHandler               
00003041  TA3_0_IRQHandler               
00003041  TA3_N_IRQHandler               
00003041  UsageFault_Handler             
4000480c  WDTCTL_SYM                     
00003041  WDT_A_IRQHandler               
200005ec  __CIOBUF_                      
20010000  __STACK_END                    
00000200  __STACK_SIZE                   
00000400  __SYSMEM_SIZE                  
000031f0  __TI_CINIT_Base                
00003200  __TI_CINIT_Limit               
000031d8  __TI_Handler_Table_Base        
000031e4  __TI_Handler_Table_Limit       
00002c59  __TI_auto_init_nobinit_nopinit 
00002d91  __TI_cleanup                   
200005c8  __TI_cleanup_ptr               
0000241d  __TI_closefile                 
00002645  __TI_decompress_lzss           
00003027  __TI_decompress_none           
00002aa9  __TI_doflush                   
200005cc  __TI_dtors_ptr                 
200005d0  __TI_enable_exit_profile_output
200005b8  __TI_ft_end                    
ffffffff  __TI_pprof_out_hndl            
000000e5  __TI_printfi                   
ffffffff  __TI_prof_data_size            
ffffffff  __TI_prof_data_start           
00002dc5  __TI_readmsg                   
00000000  __TI_static_base__             
2000070c  __TI_tmpnams                   
00002d21  __TI_writemsg                  
000027dd  __TI_wrt_ok                    
00002f51  __TI_zero_init_nomemset        
00002295  __aeabi_cdcmpeq                
00002295  __aeabi_cdcmple                
0000231b  __aeabi_cdrcmple               
00002b89  __aeabi_d2iz                   
000014e7  __aeabi_dadd                   
000017d1  __aeabi_ddiv                   
00001d69  __aeabi_dmul                   
000014dd  __aeabi_dsub                   
00003045  __aeabi_errno_addr             
00002e5d  __aeabi_i2d                    
00001693  __aeabi_idiv0                  
00001693  __aeabi_ldiv0                  
000023a1  __aeabi_memclr                 
000023a1  __aeabi_memclr4                
000023a1  __aeabi_memclr8                
000020d7  __aeabi_memcpy                 
000020d7  __aeabi_memcpy4                
000020d7  __aeabi_memcpy8                
000023a3  __aeabi_memset                 
000023a3  __aeabi_memset4                
000023a3  __aeabi_memset8                
200005c4  __aeabi_stderr                 
200005bc  __aeabi_stdin                  
200005c0  __aeabi_stdout                 
00002173  __aeabi_uldivmod               
ffffffff  __binit__                      
ffffffff  __c_args__                     
UNDEFED   __mpu_init                     
2000fe00  __stack                        
00002df9  _c_int00_noargs                
00003064  _ctypes_                       
200004f0  _device                        
20000400  _ftable                        
200005d4  _lock                          
00000b33  _nop                           
20000568  _stream                        
20000000  _sys_memory                    
UNDEFED   _system_post_cinit             
0000305d  _system_pre_init               
200005d8  _unlock                        
00003061  abort                          
00001a2d  aligned_alloc                  
00002af5  atoi                           
ffffffff  binit                          
000028a1  close                          
00002fa5  copysign                       
00002fa5  copysignl                      
200005e4  errno                          
00002b41  exit                           
00002e2d  finddevice                     
00002209  fputc                          
00001b45  fputs                          
00001e65  free                           
00002715  frexp                          
00002715  frexpl                         
00002779  fseek                          
00002c9d  getdevice                      
00000000  interruptVectors               
00001c59  ldexp                          
00001c59  ldexpl                         
00002ee1  lseek                          
00002a03  ltoa                           
000010d9  main                           
0000304d  malloc                         
00001a2d  memalign                       
00002f89  memccpy                        
00002f31  memchr                         
000020d7  memcpy                         
000023a9  memset                         
200007ac  parmbuf                        
000026ad  printf                         
00002209  putc                           
00002e8d  remove                         
00001c59  scalbn                         
00001c59  scalbnl                        
00001f49  setvbuf                        
00002fd7  strchr                         
00002fbf  strcmp                         
00002fed  strcpy                         
00003001  strlen                         
00002d59  strncpy                        
00002e8d  unlink                         
00003015  wcslen                         
00002f09  write                          


GLOBAL SYMBOLS: SORTED BY Symbol Address 

address   name                           
-------   ----                           
00000000  __TI_static_base__             
00000000  interruptVectors               
000000e5  __TI_printfi                   
00000200  __STACK_SIZE                   
00000400  __SYSMEM_SIZE                  
00000b33  _nop                           
00000b35  SystemCoreClockUpdate          
00000dad  SystemInit                     
000010d9  main                           
00001105  Keypad_init                    
00001139  Keypad_Read                    
00001229  Keypad_Print                   
0000126d  SysTick_delay                  
000014dd  __aeabi_dsub                   
000014e7  __aeabi_dadd                   
00001693  __aeabi_idiv0                  
00001693  __aeabi_ldiv0                  
000017d1  __aeabi_ddiv                   
00001a2d  aligned_alloc                  
00001a2d  memalign                       
00001b45  fputs                          
00001c59  ldexp                          
00001c59  ldexpl                         
00001c59  scalbn                         
00001c59  scalbnl                        
00001d69  __aeabi_dmul                   
00001e65  free                           
00001f49  setvbuf                        
000020d7  __aeabi_memcpy                 
000020d7  __aeabi_memcpy4                
000020d7  __aeabi_memcpy8                
000020d7  memcpy                         
00002173  __aeabi_uldivmod               
00002209  fputc                          
00002209  putc                           
00002295  __aeabi_cdcmpeq                
00002295  __aeabi_cdcmple                
0000231b  __aeabi_cdrcmple               
000023a1  __aeabi_memclr                 
000023a1  __aeabi_memclr4                
000023a1  __aeabi_memclr8                
000023a3  __aeabi_memset                 
000023a3  __aeabi_memset4                
000023a3  __aeabi_memset8                
000023a9  memset                         
0000241d  __TI_closefile                 
00002571  HOSTrename                     
000025dd  HOSTlseek                      
00002645  __TI_decompress_lzss           
000026ad  printf                         
00002715  frexp                          
00002715  frexpl                         
00002779  fseek                          
000027dd  __TI_wrt_ok                    
00002841  HOSTopen                       
000028a1  close                          
000028fd  HOSTread                       
00002955  HOSTwrite                      
00002a03  ltoa                           
00002aa9  __TI_doflush                   
00002af5  atoi                           
00002b41  exit                           
00002b89  __aeabi_d2iz                   
00002bd1  HOSTclose                      
00002c15  HOSTunlink                     
00002c59  __TI_auto_init_nobinit_nopinit 
00002c9d  getdevice                      
00002d21  __TI_writemsg                  
00002d4f  C$$IO$$                        
00002d59  strncpy                        
00002d91  __TI_cleanup                   
00002dc5  __TI_readmsg                   
00002df9  _c_int00_noargs                
00002e2d  finddevice                     
00002e5d  __aeabi_i2d                    
00002e8d  remove                         
00002e8d  unlink                         
00002ee1  lseek                          
00002f09  write                          
00002f31  memchr                         
00002f51  __TI_zero_init_nomemset        
00002f89  memccpy                        
00002fa5  copysign                       
00002fa5  copysignl                      
00002fbf  strcmp                         
00002fd7  strchr                         
00002fed  strcpy                         
00003001  strlen                         
00003015  wcslen                         
00003027  __TI_decompress_none           
00003035  Reset_Handler                  
00003041  ADC14_IRQHandler               
00003041  AES256_IRQHandler              
00003041  BusFault_Handler               
00003041  COMP_E0_IRQHandler             
00003041  COMP_E1_IRQHandler             
00003041  CS_IRQHandler                  
00003041  DMA_ERR_IRQHandler             
00003041  DMA_INT0_IRQHandler            
00003041  DMA_INT1_IRQHandler            
00003041  DMA_INT2_IRQHandler            
00003041  DMA_INT3_IRQHandler            
00003041  DebugMon_Handler               
00003041  Default_Handler                
00003041  EUSCIA0_IRQHandler             
00003041  EUSCIA1_IRQHandler             
00003041  EUSCIA2_IRQHandler             
00003041  EUSCIA3_IRQHandler             
00003041  EUSCIB0_IRQHandler             
00003041  EUSCIB1_IRQHandler             
00003041  EUSCIB2_IRQHandler             
00003041  EUSCIB3_IRQHandler             
00003041  FLCTL_IRQHandler               
00003041  FPU_IRQHandler                 
00003041  HardFault_Handler              
00003041  MemManage_Handler              
00003041  NMI_Handler                    
00003041  PCM_IRQHandler                 
00003041  PORT1_IRQHandler               
00003041  PORT2_IRQHandler               
00003041  PORT3_IRQHandler               
00003041  PORT4_IRQHandler               
00003041  PORT5_IRQHandler               
00003041  PORT6_IRQHandler               
00003041  PSS_IRQHandler                 
00003041  PendSV_Handler                 
00003041  RTC_C_IRQHandler               
00003041  SVC_Handler                    
00003041  SysTick_Handler                
00003041  T32_INT1_IRQHandler            
00003041  T32_INT2_IRQHandler            
00003041  T32_INTC_IRQHandler            
00003041  TA0_0_IRQHandler               
00003041  TA0_N_IRQHandler               
00003041  TA1_0_IRQHandler               
00003041  TA1_N_IRQHandler               
00003041  TA2_0_IRQHandler               
00003041  TA2_N_IRQHandler               
00003041  TA3_0_IRQHandler               
00003041  TA3_N_IRQHandler               
00003041  UsageFault_Handler             
00003041  WDT_A_IRQHandler               
00003045  __aeabi_errno_addr             
0000304d  malloc                         
0000305d  _system_pre_init               
00003061  C$$EXIT                        
00003061  abort                          
00003064  _ctypes_                       
000031d8  __TI_Handler_Table_Base        
000031e4  __TI_Handler_Table_Limit       
000031f0  __TI_CINIT_Base                
00003200  __TI_CINIT_Limit               
20000000  _sys_memory                    
20000400  _ftable                        
200004f0  _device                        
20000568  _stream                        
200005b8  __TI_ft_end                    
200005bc  __aeabi_stdin                  
200005c0  __aeabi_stdout                 
200005c4  __aeabi_stderr                 
200005c8  __TI_cleanup_ptr               
200005cc  __TI_dtors_ptr                 
200005d0  __TI_enable_exit_profile_output
200005d4  _lock                          
200005d8  _unlock                        
200005e4  errno                          
200005e8  SystemCoreClock                
200005ec  __CIOBUF_                      
2000070c  __TI_tmpnams                   
200007ac  parmbuf                        
2000fe00  __stack                        
20010000  __STACK_END                    
4000480c  WDTCTL_SYM                     
ffffffff  __TI_pprof_out_hndl            
ffffffff  __TI_prof_data_size            
ffffffff  __TI_prof_data_start           
ffffffff  __binit__                      
ffffffff  __c_args__                     
ffffffff  binit                          
UNDEFED   __mpu_init                     
UNDEFED   _system_post_cinit             

[181 symbols]
