******************************************************************************
                  TI ARM Linker PC v18.12.7                    
******************************************************************************
>> Linked Thu Mar 25 19:03:28 2021

OUTPUT FILE NAME:   <Lab9Part2.out>
ENTRY POINT SYMBOL: "_c_int00_noargs"  address: 00000799


MEMORY CONFIGURATION

         name            origin    length      used     unused   attr    fill
----------------------  --------  ---------  --------  --------  ----  --------
  MAIN                  00000000   00040000  00000828  0003f7d8  R  X
  INFO                  00200000   00004000  00000000  00004000  R  X
  SRAM_CODE             01000000   00010000  00000208  0000fdf8  RW X
  SRAM_DATA             20000000   00010000  00000208  0000fdf8  RW  


SEGMENT ALLOCATION MAP

run origin  load origin   length   init length attrs members
----------  ----------- ---------- ----------- ----- -------
00000000    00000000    0000082c   0000082c    r-x
  00000000    00000000    000000e4   000000e4    r-- .intvecs
  000000e4    000000e4    00000728   00000728    r-x .text
  00000810    00000810    0000001c   0000001c    r-- .cinit
20000000    20000000    00000008   00000000    rw-
  20000000    20000000    00000008   00000000    rw- .data
2000fe00    2000fe00    00000200   00000000    rw-
  2000fe00    2000fe00    00000200   00000000    rw- .stack


SECTION ALLOCATION MAP

 output                                  attributes/
section   page    origin      length       input sections
--------  ----  ----------  ----------   ----------------
.intvecs   0    00000000    000000e4     
                  00000000    000000e4     startup_msp432p401r_ccs.obj (.intvecs:retain)

.text      0    000000e4    00000728     
                  000000e4    00000334     system_msp432p401r.obj (.text)
                  00000418    00000238     7SSetup_part2.obj (.text)
                  00000650    0000009c     rtsv7M4_T_le_v4SPD16_eabi.lib : memcpy_t2.asm.obj (.text)
                  000006ec    00000068                                   : copy_decompress_lzss.c.obj (.text:decompress:lzss:__TI_decompress_lzss)
                  00000754    00000044                                   : autoinit.c.obj (.text:__TI_auto_init_nobinit_nopinit:__TI_auto_init_nobinit_nopinit)
                  00000798    00000034                                   : boot_cortex_m.c.obj (.text:_c_int00_noargs:_c_int00_noargs)
                  000007cc    0000001c     part2main.obj (.text)
                  000007e8    0000000e     rtsv7M4_T_le_v4SPD16_eabi.lib : copy_decompress_none.c.obj (.text:decompress:none:__TI_decompress_none)
                  000007f6    0000000e     startup_msp432p401r_ccs.obj (.text)
                  00000804    00000004     rtsv7M4_T_le_v4SPD16_eabi.lib : pre_init.c.obj (.text:_system_pre_init)
                  00000808    00000004                                   : exit.c.obj (.text:abort:abort)

.cinit     0    00000810    0000001c     
                  00000810    0000000b     (.cinit..data.load) [load image, compression = lzss]
                  0000081b    00000001     --HOLE-- [fill = 0]
                  0000081c    00000008     (__TI_handler_table)
                  00000824    00000008     (__TI_cinit_table)

.init_array 
*          0    00000000    00000000     UNINITIALIZED

.binit     0    00000000    00000000     

.data      0    20000000    00000008     UNINITIALIZED
                  20000000    00000004     7SSetup_part2.obj (.data)
                  20000004    00000004     system_msp432p401r.obj (.data)

.stack     0    2000fe00    00000200     UNINITIALIZED
                  2000fe00    00000004     rtsv7M4_T_le_v4SPD16_eabi.lib : boot_cortex_m.c.obj (.stack)
                  2000fe04    000001fc     --HOLE--

MODULE SUMMARY

       Module                        code   ro data   rw data
       ------                        ----   -------   -------
    .\
       system_msp432p401r.obj        820    0         8      
       7SSetup_part2.obj             568    0         8      
       startup_msp432p401r_ccs.obj   14     228       0      
       part2main.obj                 28     0         0      
    +--+-----------------------------+------+---------+---------+
       Total:                        1430   228       16     
                                                             
    C:\ti\ccs930\ccs\tools\compiler\ti-cgt-arm_18.12.7.LTS\lib\rtsv7M4_T_le_v4SPD16_eabi.lib
       memcpy_t2.asm.obj             156    0         0      
       copy_decompress_lzss.c.obj    104    0         0      
       autoinit.c.obj                68     0         0      
       boot_cortex_m.c.obj           52     0         0      
       copy_decompress_none.c.obj    14     0         0      
       exit.c.obj                    4      0         0      
       pre_init.c.obj                4      0         0      
    +--+-----------------------------+------+---------+---------+
       Total:                        402    0         0      
                                                             
       Stack:                        0      0         1024   
       Linker Generated:             0      27        0      
    +--+-----------------------------+------+---------+---------+
       Grand Total:                  1832   255       1040   


LINKER GENERATED COPY TABLES

__TI_cinit_table @ 00000824 records: 1, size/record: 8, table size: 8
	.data: load addr=00000810, load size=0000000b bytes, run addr=20000000, run size=00000008 bytes, compression=lzss


LINKER GENERATED HANDLER TABLE

__TI_handler_table @ 0000081c records: 2, size/record: 4, table size: 8
	index: 0, handler: __TI_decompress_lzss
	index: 1, handler: __TI_decompress_none


GLOBAL SYMBOLS: SORTED ALPHABETICALLY BY Name 

address   name                          
-------   ----                          
00000803  ADC14_IRQHandler              
00000803  AES256_IRQHandler             
00000803  BusFault_Handler              
00000809  C$$EXIT                       
00000803  COMP_E0_IRQHandler            
00000803  COMP_E1_IRQHandler            
00000803  CS_IRQHandler                 
00000485  CaseManager                   
00000803  DMA_ERR_IRQHandler            
00000803  DMA_INT0_IRQHandler           
00000803  DMA_INT1_IRQHandler           
00000803  DMA_INT2_IRQHandler           
00000803  DMA_INT3_IRQHandler           
00000803  DebugMon_Handler              
00000803  Default_Handler               
00000803  EUSCIA0_IRQHandler            
00000803  EUSCIA1_IRQHandler            
00000803  EUSCIA2_IRQHandler            
00000803  EUSCIA3_IRQHandler            
00000803  EUSCIB0_IRQHandler            
00000803  EUSCIB1_IRQHandler            
00000803  EUSCIB2_IRQHandler            
00000803  EUSCIB3_IRQHandler            
00000803  FLCTL_IRQHandler              
00000803  FPU_IRQHandler                
00000803  HardFault_Handler             
00000803  MemManage_Handler             
00000803  NMI_Handler                   
00000803  PCM_IRQHandler                
00000803  PORT1_IRQHandler              
00000803  PORT2_IRQHandler              
00000803  PORT3_IRQHandler              
00000803  PORT4_IRQHandler              
00000803  PORT5_IRQHandler              
00000803  PORT6_IRQHandler              
00000803  PSS_IRQHandler                
00000803  PendSV_Handler                
00000803  RTC_C_IRQHandler              
000007f7  Reset_Handler                 
00000803  SVC_Handler                   
00000419  Setup_Init                    
00000461  SysTick_Handler               
00000461  SysTick_Handler               
00000447  SysTick_Init_interrupt        
20000004  SystemCoreClock               
000000e5  SystemCoreClockUpdate         
0000035d  SystemInit                    
00000803  T32_INT1_IRQHandler           
00000803  T32_INT2_IRQHandler           
00000803  T32_INTC_IRQHandler           
00000803  TA0_0_IRQHandler              
00000803  TA0_N_IRQHandler              
00000803  TA1_0_IRQHandler              
00000803  TA1_N_IRQHandler              
00000803  TA2_0_IRQHandler              
00000803  TA2_N_IRQHandler              
00000803  TA3_0_IRQHandler              
00000803  TA3_N_IRQHandler              
00000803  UsageFault_Handler            
4000480c  WDTCTL_SYM                    
00000803  WDT_A_IRQHandler              
20010000  __STACK_END                   
00000200  __STACK_SIZE                  
00000824  __TI_CINIT_Base               
0000082c  __TI_CINIT_Limit              
0000081c  __TI_Handler_Table_Base       
00000824  __TI_Handler_Table_Limit      
00000755  __TI_auto_init_nobinit_nopinit
000006ed  __TI_decompress_lzss          
000007e9  __TI_decompress_none          
ffffffff  __TI_pprof_out_hndl           
ffffffff  __TI_prof_data_size           
ffffffff  __TI_prof_data_start          
00000000  __TI_static_base__            
00000651  __aeabi_memcpy                
00000651  __aeabi_memcpy4               
00000651  __aeabi_memcpy8               
ffffffff  __binit__                     
ffffffff  __c_args__                    
UNDEFED   __mpu_init                    
2000fe00  __stack                       
00000799  _c_int00_noargs               
UNDEFED   _system_post_cinit            
00000805  _system_pre_init              
00000809  abort                         
ffffffff  binit                         
00000000  interruptVectors              
000007cd  main                          
00000651  memcpy                        
20000000  n                             


GLOBAL SYMBOLS: SORTED BY Symbol Address 

address   name                          
-------   ----                          
00000000  __TI_static_base__            
00000000  interruptVectors              
000000e5  SystemCoreClockUpdate         
00000200  __STACK_SIZE                  
0000035d  SystemInit                    
00000419  Setup_Init                    
00000447  SysTick_Init_interrupt        
00000461  SysTick_Handler               
00000461  SysTick_Handler               
00000485  CaseManager                   
00000651  __aeabi_memcpy                
00000651  __aeabi_memcpy4               
00000651  __aeabi_memcpy8               
00000651  memcpy                        
000006ed  __TI_decompress_lzss          
00000755  __TI_auto_init_nobinit_nopinit
00000799  _c_int00_noargs               
000007cd  main                          
000007e9  __TI_decompress_none          
000007f7  Reset_Handler                 
00000803  ADC14_IRQHandler              
00000803  AES256_IRQHandler             
00000803  BusFault_Handler              
00000803  COMP_E0_IRQHandler            
00000803  COMP_E1_IRQHandler            
00000803  CS_IRQHandler                 
00000803  DMA_ERR_IRQHandler            
00000803  DMA_INT0_IRQHandler           
00000803  DMA_INT1_IRQHandler           
00000803  DMA_INT2_IRQHandler           
00000803  DMA_INT3_IRQHandler           
00000803  DebugMon_Handler              
00000803  Default_Handler               
00000803  EUSCIA0_IRQHandler            
00000803  EUSCIA1_IRQHandler            
00000803  EUSCIA2_IRQHandler            
00000803  EUSCIA3_IRQHandler            
00000803  EUSCIB0_IRQHandler            
00000803  EUSCIB1_IRQHandler            
00000803  EUSCIB2_IRQHandler            
00000803  EUSCIB3_IRQHandler            
00000803  FLCTL_IRQHandler              
00000803  FPU_IRQHandler                
00000803  HardFault_Handler             
00000803  MemManage_Handler             
00000803  NMI_Handler                   
00000803  PCM_IRQHandler                
00000803  PORT1_IRQHandler              
00000803  PORT2_IRQHandler              
00000803  PORT3_IRQHandler              
00000803  PORT4_IRQHandler              
00000803  PORT5_IRQHandler              
00000803  PORT6_IRQHandler              
00000803  PSS_IRQHandler                
00000803  PendSV_Handler                
00000803  RTC_C_IRQHandler              
00000803  SVC_Handler                   
00000803  T32_INT1_IRQHandler           
00000803  T32_INT2_IRQHandler           
00000803  T32_INTC_IRQHandler           
00000803  TA0_0_IRQHandler              
00000803  TA0_N_IRQHandler              
00000803  TA1_0_IRQHandler              
00000803  TA1_N_IRQHandler              
00000803  TA2_0_IRQHandler              
00000803  TA2_N_IRQHandler              
00000803  TA3_0_IRQHandler              
00000803  TA3_N_IRQHandler              
00000803  UsageFault_Handler            
00000803  WDT_A_IRQHandler              
00000805  _system_pre_init              
00000809  C$$EXIT                       
00000809  abort                         
0000081c  __TI_Handler_Table_Base       
00000824  __TI_CINIT_Base               
00000824  __TI_Handler_Table_Limit      
0000082c  __TI_CINIT_Limit              
20000000  n                             
20000004  SystemCoreClock               
2000fe00  __stack                       
20010000  __STACK_END                   
4000480c  WDTCTL_SYM                    
ffffffff  __TI_pprof_out_hndl           
ffffffff  __TI_prof_data_size           
ffffffff  __TI_prof_data_start          
ffffffff  __binit__                     
ffffffff  __c_args__                    
ffffffff  binit                         
UNDEFED   __mpu_init                    
UNDEFED   _system_post_cinit            

[90 symbols]
