******************************************************************************
                  TI ARM Linker PC v18.12.7                    
******************************************************************************
>> Linked Thu Mar 18 12:06:44 2021

OUTPUT FILE NAME:   <Lab8Part3.out>
ENTRY POINT SYMBOL: "_c_int00_noargs"  address: 00000951


MEMORY CONFIGURATION

         name            origin    length      used     unused   attr    fill
----------------------  --------  ---------  --------  --------  ----  --------
  MAIN                  00000000   00040000  000009ee  0003f612  R  X
  INFO                  00200000   00004000  00000000  00004000  R  X
  SRAM_CODE             01000000   00010000  00000204  0000fdfc  RW X
  SRAM_DATA             20000000   00010000  00000204  0000fdfc  RW  


SEGMENT ALLOCATION MAP

run origin  load origin   length   init length attrs members
----------  ----------- ---------- ----------- ----- -------
00000000    00000000    000009f0   000009f0    r-x
  00000000    00000000    000000e4   000000e4    r-- .intvecs
  000000e4    000000e4    000008f2   000008f2    r-x .text
  000009d8    000009d8    00000018   00000018    r-- .cinit
20000000    20000000    00000004   00000000    rw-
  20000000    20000000    00000004   00000000    rw- .data
2000fe00    2000fe00    00000200   00000000    rw-
  2000fe00    2000fe00    00000200   00000000    rw- .stack


SECTION ALLOCATION MAP

 output                                  attributes/
section   page    origin      length       input sections
--------  ----  ----------  ----------   ----------------
.intvecs   0    00000000    000000e4     
                  00000000    000000e4     startup_msp432p401r_ccs.obj (.intvecs:retain)

.text      0    000000e4    000008f2     
                  000000e4    00000334     system_msp432p401r.obj (.text)
                  00000418    00000260     DCmotor_setup_part3.obj (.text)
                  00000678    000000fc     rtsv7M4_T_le_v4SPD16_eabi.lib : fd_mul_t2.asm.obj (.text)
                  00000774    0000009c                                   : memcpy_t2.asm.obj (.text)
                  00000810    00000068                                   : copy_decompress_lzss.c.obj (.text:decompress:lzss:__TI_decompress_lzss)
                  00000878    0000004c     part3main.obj (.text)
                  000008c4    00000048     rtsv7M4_T_le_v4SPD16_eabi.lib : fd_toi_t2.asm.obj (.text)
                  0000090c    00000044                                   : autoinit.c.obj (.text:__TI_auto_init_nobinit_nopinit:__TI_auto_init_nobinit_nopinit)
                  00000950    00000034                                   : boot_cortex_m.c.obj (.text:_c_int00_noargs:_c_int00_noargs)
                  00000984    0000002e                                   : i_tofd_t2.asm.obj (.text)
                  000009b2    0000000e                                   : copy_decompress_none.c.obj (.text:decompress:none:__TI_decompress_none)
                  000009c0    0000000e     startup_msp432p401r_ccs.obj (.text)
                  000009ce    00000004     rtsv7M4_T_le_v4SPD16_eabi.lib : pre_init.c.obj (.text:_system_pre_init)
                  000009d2    00000004                                   : exit.c.obj (.text:abort:abort)

.cinit     0    000009d8    00000018     
                  000009d8    00000008     (.cinit..data.load) [load image, compression = lzss]
                  000009e0    00000008     (__TI_handler_table)
                  000009e8    00000008     (__TI_cinit_table)

.init_array 
*          0    00000000    00000000     UNINITIALIZED

.binit     0    00000000    00000000     

.data      0    20000000    00000004     UNINITIALIZED
                  20000000    00000004     system_msp432p401r.obj (.data)

.stack     0    2000fe00    00000200     UNINITIALIZED
                  2000fe00    00000004     rtsv7M4_T_le_v4SPD16_eabi.lib : boot_cortex_m.c.obj (.stack)
                  2000fe04    000001fc     --HOLE--

MODULE SUMMARY

       Module                        code   ro data   rw data
       ------                        ----   -------   -------
    .\
       system_msp432p401r.obj        820    0         8      
       DCmotor_setup_part3.obj       608    0         0      
       startup_msp432p401r_ccs.obj   14     228       0      
       part3main.obj                 76     0         0      
    +--+-----------------------------+------+---------+---------+
       Total:                        1518   228       8      
                                                             
    C:\ti\ccs930\ccs\tools\compiler\ti-cgt-arm_18.12.7.LTS\lib\rtsv7M4_T_le_v4SPD16_eabi.lib
       fd_mul_t2.asm.obj             252    0         0      
       memcpy_t2.asm.obj             156    0         0      
       copy_decompress_lzss.c.obj    104    0         0      
       fd_toi_t2.asm.obj             72     0         0      
       autoinit.c.obj                68     0         0      
       boot_cortex_m.c.obj           52     0         0      
       i_tofd_t2.asm.obj             46     0         0      
       copy_decompress_none.c.obj    14     0         0      
       exit.c.obj                    4      0         0      
       pre_init.c.obj                4      0         0      
    +--+-----------------------------+------+---------+---------+
       Total:                        772    0         0      
                                                             
       Stack:                        0      0         1024   
       Linker Generated:             0      24        0      
    +--+-----------------------------+------+---------+---------+
       Grand Total:                  2290   252       1032   


LINKER GENERATED COPY TABLES

__TI_cinit_table @ 000009e8 records: 1, size/record: 8, table size: 8
	.data: load addr=000009d8, load size=00000008 bytes, run addr=20000000, run size=00000004 bytes, compression=lzss


LINKER GENERATED HANDLER TABLE

__TI_handler_table @ 000009e0 records: 2, size/record: 4, table size: 8
	index: 0, handler: __TI_decompress_lzss
	index: 1, handler: __TI_decompress_none


GLOBAL SYMBOLS: SORTED ALPHABETICALLY BY Name 

address   name                          
-------   ----                          
000009cd  ADC14_IRQHandler              
000009cd  AES256_IRQHandler             
000009cd  BusFault_Handler              
000009d3  C$$EXIT                       
000009cd  COMP_E0_IRQHandler            
000009cd  COMP_E1_IRQHandler            
000009cd  CS_IRQHandler                 
000009cd  DMA_ERR_IRQHandler            
000009cd  DMA_INT0_IRQHandler           
000009cd  DMA_INT1_IRQHandler           
000009cd  DMA_INT2_IRQHandler           
000009cd  DMA_INT3_IRQHandler           
000009cd  DebugMon_Handler              
000009cd  Default_Handler               
000009cd  EUSCIA0_IRQHandler            
000009cd  EUSCIA1_IRQHandler            
000009cd  EUSCIA2_IRQHandler            
000009cd  EUSCIA3_IRQHandler            
000009cd  EUSCIB0_IRQHandler            
000009cd  EUSCIB1_IRQHandler            
000009cd  EUSCIB2_IRQHandler            
000009cd  EUSCIB3_IRQHandler            
000009cd  FLCTL_IRQHandler              
000009cd  FPU_IRQHandler                
000009cd  HardFault_Handler             
000004b9  Keypad_Read                   
00000485  Keypad_init                   
000009cd  MemManage_Handler             
00000461  MotorSpeed                    
000009cd  NMI_Handler                   
000009cd  PCM_IRQHandler                
000009cd  PORT1_IRQHandler              
000009cd  PORT2_IRQHandler              
000009cd  PORT3_IRQHandler              
000009cd  PORT4_IRQHandler              
000009cd  PORT5_IRQHandler              
000009cd  PORT6_IRQHandler              
000009cd  PSS_IRQHandler                
000009cd  PendSV_Handler                
000005ef  Press_Convert                 
000009cd  RTC_C_IRQHandler              
000009c1  Reset_Handler                 
000009cd  SVC_Handler                   
00000419  Setup_Init                    
000009cd  SysTick_Handler               
000005a9  SysTick_ms_delay              
20000000  SystemCoreClock               
000000e5  SystemCoreClockUpdate         
0000035d  SystemInit                    
000009cd  T32_INT1_IRQHandler           
000009cd  T32_INT2_IRQHandler           
000009cd  T32_INTC_IRQHandler           
000009cd  TA0_0_IRQHandler              
000009cd  TA0_N_IRQHandler              
000009cd  TA1_0_IRQHandler              
000009cd  TA1_N_IRQHandler              
000009cd  TA2_0_IRQHandler              
000009cd  TA2_N_IRQHandler              
000009cd  TA3_0_IRQHandler              
000009cd  TA3_N_IRQHandler              
000009cd  UsageFault_Handler            
4000480c  WDTCTL_SYM                    
000009cd  WDT_A_IRQHandler              
20010000  __STACK_END                   
00000200  __STACK_SIZE                  
000009e8  __TI_CINIT_Base               
000009f0  __TI_CINIT_Limit              
000009e0  __TI_Handler_Table_Base       
000009e8  __TI_Handler_Table_Limit      
0000090d  __TI_auto_init_nobinit_nopinit
00000811  __TI_decompress_lzss          
000009b3  __TI_decompress_none          
ffffffff  __TI_pprof_out_hndl           
ffffffff  __TI_prof_data_size           
ffffffff  __TI_prof_data_start          
00000000  __TI_static_base__            
000008c5  __aeabi_d2iz                  
00000679  __aeabi_dmul                  
00000985  __aeabi_i2d                   
00000775  __aeabi_memcpy                
00000775  __aeabi_memcpy4               
00000775  __aeabi_memcpy8               
ffffffff  __binit__                     
ffffffff  __c_args__                    
UNDEFED   __mpu_init                    
2000fe00  __stack                       
00000951  _c_int00_noargs               
UNDEFED   _system_post_cinit            
000009cf  _system_pre_init              
000009d3  abort                         
ffffffff  binit                         
00000000  interruptVectors              
00000879  main                          
00000775  memcpy                        


GLOBAL SYMBOLS: SORTED BY Symbol Address 

address   name                          
-------   ----                          
00000000  __TI_static_base__            
00000000  interruptVectors              
000000e5  SystemCoreClockUpdate         
00000200  __STACK_SIZE                  
0000035d  SystemInit                    
00000419  Setup_Init                    
00000461  MotorSpeed                    
00000485  Keypad_init                   
000004b9  Keypad_Read                   
000005a9  SysTick_ms_delay              
000005ef  Press_Convert                 
00000679  __aeabi_dmul                  
00000775  __aeabi_memcpy                
00000775  __aeabi_memcpy4               
00000775  __aeabi_memcpy8               
00000775  memcpy                        
00000811  __TI_decompress_lzss          
00000879  main                          
000008c5  __aeabi_d2iz                  
0000090d  __TI_auto_init_nobinit_nopinit
00000951  _c_int00_noargs               
00000985  __aeabi_i2d                   
000009b3  __TI_decompress_none          
000009c1  Reset_Handler                 
000009cd  ADC14_IRQHandler              
000009cd  AES256_IRQHandler             
000009cd  BusFault_Handler              
000009cd  COMP_E0_IRQHandler            
000009cd  COMP_E1_IRQHandler            
000009cd  CS_IRQHandler                 
000009cd  DMA_ERR_IRQHandler            
000009cd  DMA_INT0_IRQHandler           
000009cd  DMA_INT1_IRQHandler           
000009cd  DMA_INT2_IRQHandler           
000009cd  DMA_INT3_IRQHandler           
000009cd  DebugMon_Handler              
000009cd  Default_Handler               
000009cd  EUSCIA0_IRQHandler            
000009cd  EUSCIA1_IRQHandler            
000009cd  EUSCIA2_IRQHandler            
000009cd  EUSCIA3_IRQHandler            
000009cd  EUSCIB0_IRQHandler            
000009cd  EUSCIB1_IRQHandler            
000009cd  EUSCIB2_IRQHandler            
000009cd  EUSCIB3_IRQHandler            
000009cd  FLCTL_IRQHandler              
000009cd  FPU_IRQHandler                
000009cd  HardFault_Handler             
000009cd  MemManage_Handler             
000009cd  NMI_Handler                   
000009cd  PCM_IRQHandler                
000009cd  PORT1_IRQHandler              
000009cd  PORT2_IRQHandler              
000009cd  PORT3_IRQHandler              
000009cd  PORT4_IRQHandler              
000009cd  PORT5_IRQHandler              
000009cd  PORT6_IRQHandler              
000009cd  PSS_IRQHandler                
000009cd  PendSV_Handler                
000009cd  RTC_C_IRQHandler              
000009cd  SVC_Handler                   
000009cd  SysTick_Handler               
000009cd  T32_INT1_IRQHandler           
000009cd  T32_INT2_IRQHandler           
000009cd  T32_INTC_IRQHandler           
000009cd  TA0_0_IRQHandler              
000009cd  TA0_N_IRQHandler              
000009cd  TA1_0_IRQHandler              
000009cd  TA1_N_IRQHandler              
000009cd  TA2_0_IRQHandler              
000009cd  TA2_N_IRQHandler              
000009cd  TA3_0_IRQHandler              
000009cd  TA3_N_IRQHandler              
000009cd  UsageFault_Handler            
000009cd  WDT_A_IRQHandler              
000009cf  _system_pre_init              
000009d3  C$$EXIT                       
000009d3  abort                         
000009e0  __TI_Handler_Table_Base       
000009e8  __TI_CINIT_Base               
000009e8  __TI_Handler_Table_Limit      
000009f0  __TI_CINIT_Limit              
20000000  SystemCoreClock               
2000fe00  __stack                       
20010000  __STACK_END                   
4000480c  WDTCTL_SYM                    
ffffffff  __TI_pprof_out_hndl           
ffffffff  __TI_prof_data_size           
ffffffff  __TI_prof_data_start          
ffffffff  __binit__                     
ffffffff  __c_args__                    
ffffffff  binit                         
UNDEFED   __mpu_init                    
UNDEFED   _system_post_cinit            

[94 symbols]
