******************************************************************************
                  TI ARM Linker PC v18.12.7                    
******************************************************************************
>> Linked Thu Mar 18 16:59:45 2021

OUTPUT FILE NAME:   <Lab8Part3.out>
ENTRY POINT SYMBOL: "_c_int00_noargs"  address: 00000abd


MEMORY CONFIGURATION

         name            origin    length      used     unused   attr    fill
----------------------  --------  ---------  --------  --------  ----  --------
  MAIN                  00000000   00040000  00000b5a  0003f4a6  R  X
  INFO                  00200000   00004000  00000000  00004000  R  X
  SRAM_CODE             01000000   00010000  00000204  0000fdfc  RW X
  SRAM_DATA             20000000   00010000  00000204  0000fdfc  RW  


SEGMENT ALLOCATION MAP

run origin  load origin   length   init length attrs members
----------  ----------- ---------- ----------- ----- -------
00000000    00000000    00000b60   00000b60    r-x
  00000000    00000000    000000e4   000000e4    r-- .intvecs
  000000e4    000000e4    00000a5e   00000a5e    r-x .text
  00000b48    00000b48    00000018   00000018    r-- .cinit
20000000    20000000    00000004   00000000    rw-
  20000000    20000000    00000004   00000000    rw- .data
2000fe00    2000fe00    00000200   00000000    rw-
  2000fe00    2000fe00    00000200   00000000    rw- .stack


SECTION ALLOCATION MAP

 output                                  attributes/
section   page    origin      length       input sections
--------  ----  ----------  ----------   ----------------
.intvecs   0    00000000    000000e4     
                  00000000    000000e4     startup_msp432p401r_ccs.obj (.intvecs:retain)

.text      0    000000e4    00000a5e     
                  000000e4    00000334     system_msp432p401r.obj (.text)
                  00000418    00000290     DCmotor_setup_part3.obj (.text)
                  000006a8    00000136     rtsv7M4_T_le_v4SPD16_eabi.lib : fd_div_t2.asm.obj (.text)
                  000007de    000000fc                                   : fd_mul_t2.asm.obj (.text)
                  000008da    0000009c                                   : memcpy_t2.asm.obj (.text)
                  00000976    00000068                                   : copy_decompress_lzss.c.obj (.text:decompress:lzss:__TI_decompress_lzss)
                  000009de    00000002     --HOLE-- [fill = 0]
                  000009e0    00000050     part3main.obj (.text)
                  00000a30    00000048     rtsv7M4_T_le_v4SPD16_eabi.lib : fd_toi_t2.asm.obj (.text)
                  00000a78    00000044                                   : autoinit.c.obj (.text:__TI_auto_init_nobinit_nopinit:__TI_auto_init_nobinit_nopinit)
                  00000abc    00000034                                   : boot_cortex_m.c.obj (.text:_c_int00_noargs:_c_int00_noargs)
                  00000af0    0000002e                                   : i_tofd_t2.asm.obj (.text)
                  00000b1e    0000000e                                   : copy_decompress_none.c.obj (.text:decompress:none:__TI_decompress_none)
                  00000b2c    0000000e     startup_msp432p401r_ccs.obj (.text)
                  00000b3a    00000004     rtsv7M4_T_le_v4SPD16_eabi.lib : pre_init.c.obj (.text:_system_pre_init)
                  00000b3e    00000004                                   : exit.c.obj (.text:abort:abort)

.cinit     0    00000b48    00000018     
                  00000b48    00000008     (.cinit..data.load) [load image, compression = lzss]
                  00000b50    00000008     (__TI_handler_table)
                  00000b58    00000008     (__TI_cinit_table)

.init_array 
*          0    00000000    00000000     UNINITIALIZED

.binit     0    00000000    00000000     

.data      0    20000000    00000004     UNINITIALIZED
                  20000000    00000004     system_msp432p401r.obj (.data)

.stack     0    2000fe00    00000200     UNINITIALIZED
                  2000fe00    00000004     rtsv7M4_T_le_v4SPD16_eabi.lib : boot_cortex_m.c.obj (.stack)
                  2000fe04    000001fc     --HOLE--

MODULE SUMMARY

       Module                        code   ro data   rw data
       ------                        ----   -------   -------
    .\
       system_msp432p401r.obj        820    0         8      
       DCmotor_setup_part3.obj       656    0         0      
       startup_msp432p401r_ccs.obj   14     228       0      
       part3main.obj                 80     0         0      
    +--+-----------------------------+------+---------+---------+
       Total:                        1570   228       8      
                                                             
    C:\ti\ccs930\ccs\tools\compiler\ti-cgt-arm_18.12.7.LTS\lib\rtsv7M4_T_le_v4SPD16_eabi.lib
       fd_div_t2.asm.obj             310    0         0      
       fd_mul_t2.asm.obj             252    0         0      
       memcpy_t2.asm.obj             156    0         0      
       copy_decompress_lzss.c.obj    104    0         0      
       fd_toi_t2.asm.obj             72     0         0      
       autoinit.c.obj                68     0         0      
       boot_cortex_m.c.obj           52     0         0      
       i_tofd_t2.asm.obj             46     0         0      
       copy_decompress_none.c.obj    14     0         0      
       exit.c.obj                    4      0         0      
       pre_init.c.obj                4      0         0      
    +--+-----------------------------+------+---------+---------+
       Total:                        1082   0         0      
                                                             
       Stack:                        0      0         1024   
       Linker Generated:             0      24        0      
    +--+-----------------------------+------+---------+---------+
       Grand Total:                  2652   252       1032   


LINKER GENERATED COPY TABLES

__TI_cinit_table @ 00000b58 records: 1, size/record: 8, table size: 8
	.data: load addr=00000b48, load size=00000008 bytes, run addr=20000000, run size=00000004 bytes, compression=lzss


LINKER GENERATED HANDLER TABLE

__TI_handler_table @ 00000b50 records: 2, size/record: 4, table size: 8
	index: 0, handler: __TI_decompress_lzss
	index: 1, handler: __TI_decompress_none


GLOBAL SYMBOLS: SORTED ALPHABETICALLY BY Name 

address   name                          
-------   ----                          
00000b39  ADC14_IRQHandler              
00000b39  AES256_IRQHandler             
00000b39  BusFault_Handler              
00000b3f  C$$EXIT                       
00000b39  COMP_E0_IRQHandler            
00000b39  COMP_E1_IRQHandler            
00000b39  CS_IRQHandler                 
00000b39  DMA_ERR_IRQHandler            
00000b39  DMA_INT0_IRQHandler           
00000b39  DMA_INT1_IRQHandler           
00000b39  DMA_INT2_IRQHandler           
00000b39  DMA_INT3_IRQHandler           
00000b39  DebugMon_Handler              
00000b39  Default_Handler               
00000b39  EUSCIA0_IRQHandler            
00000b39  EUSCIA1_IRQHandler            
00000b39  EUSCIA2_IRQHandler            
00000b39  EUSCIA3_IRQHandler            
00000b39  EUSCIB0_IRQHandler            
00000b39  EUSCIB1_IRQHandler            
00000b39  EUSCIB2_IRQHandler            
00000b39  EUSCIB3_IRQHandler            
00000b39  FLCTL_IRQHandler              
00000b39  FPU_IRQHandler                
00000b39  HardFault_Handler             
000004b9  Keypad_Read                   
00000485  Keypad_init                   
00000b39  MemManage_Handler             
00000461  MotorSpeed                    
00000b39  NMI_Handler                   
00000b39  PCM_IRQHandler                
00000b39  PORT1_IRQHandler              
00000b39  PORT2_IRQHandler              
00000b39  PORT3_IRQHandler              
00000b39  PORT4_IRQHandler              
00000b39  PORT5_IRQHandler              
00000b39  PORT6_IRQHandler              
00000b39  PSS_IRQHandler                
00000b39  PendSV_Handler                
000005ef  Press_Convert                 
00000b39  RTC_C_IRQHandler              
00000b2d  Reset_Handler                 
00000b39  SVC_Handler                   
00000419  Setup_Init                    
00000b39  SysTick_Handler               
000005a9  SysTick_ms_delay              
20000000  SystemCoreClock               
000000e5  SystemCoreClockUpdate         
0000035d  SystemInit                    
00000b39  T32_INT1_IRQHandler           
00000b39  T32_INT2_IRQHandler           
00000b39  T32_INTC_IRQHandler           
00000b39  TA0_0_IRQHandler              
00000b39  TA0_N_IRQHandler              
00000b39  TA1_0_IRQHandler              
00000b39  TA1_N_IRQHandler              
00000b39  TA2_0_IRQHandler              
00000b39  TA2_N_IRQHandler              
00000b39  TA3_0_IRQHandler              
00000b39  TA3_N_IRQHandler              
00000b39  UsageFault_Handler            
4000480c  WDTCTL_SYM                    
00000b39  WDT_A_IRQHandler              
20010000  __STACK_END                   
00000200  __STACK_SIZE                  
00000b58  __TI_CINIT_Base               
00000b60  __TI_CINIT_Limit              
00000b50  __TI_Handler_Table_Base       
00000b58  __TI_Handler_Table_Limit      
00000a79  __TI_auto_init_nobinit_nopinit
00000977  __TI_decompress_lzss          
00000b1f  __TI_decompress_none          
ffffffff  __TI_pprof_out_hndl           
ffffffff  __TI_prof_data_size           
ffffffff  __TI_prof_data_start          
00000000  __TI_static_base__            
00000a31  __aeabi_d2iz                  
000006a9  __aeabi_ddiv                  
000007df  __aeabi_dmul                  
00000af1  __aeabi_i2d                   
000008db  __aeabi_memcpy                
000008db  __aeabi_memcpy4               
000008db  __aeabi_memcpy8               
ffffffff  __binit__                     
ffffffff  __c_args__                    
UNDEFED   __mpu_init                    
2000fe00  __stack                       
00000abd  _c_int00_noargs               
UNDEFED   _system_post_cinit            
00000b3b  _system_pre_init              
00000b3f  abort                         
ffffffff  binit                         
00000000  interruptVectors              
000009e1  main                          
000008db  memcpy                        


GLOBAL SYMBOLS: SORTED BY Symbol Address 

address   name                          
-------   ----                          
00000000  __TI_static_base__            
00000000  interruptVectors              
000000e5  SystemCoreClockUpdate         
00000200  __STACK_SIZE                  
0000035d  SystemInit                    
00000419  Setup_Init                    
00000461  MotorSpeed                    
00000485  Keypad_init                   
000004b9  Keypad_Read                   
000005a9  SysTick_ms_delay              
000005ef  Press_Convert                 
000006a9  __aeabi_ddiv                  
000007df  __aeabi_dmul                  
000008db  __aeabi_memcpy                
000008db  __aeabi_memcpy4               
000008db  __aeabi_memcpy8               
000008db  memcpy                        
00000977  __TI_decompress_lzss          
000009e1  main                          
00000a31  __aeabi_d2iz                  
00000a79  __TI_auto_init_nobinit_nopinit
00000abd  _c_int00_noargs               
00000af1  __aeabi_i2d                   
00000b1f  __TI_decompress_none          
00000b2d  Reset_Handler                 
00000b39  ADC14_IRQHandler              
00000b39  AES256_IRQHandler             
00000b39  BusFault_Handler              
00000b39  COMP_E0_IRQHandler            
00000b39  COMP_E1_IRQHandler            
00000b39  CS_IRQHandler                 
00000b39  DMA_ERR_IRQHandler            
00000b39  DMA_INT0_IRQHandler           
00000b39  DMA_INT1_IRQHandler           
00000b39  DMA_INT2_IRQHandler           
00000b39  DMA_INT3_IRQHandler           
00000b39  DebugMon_Handler              
00000b39  Default_Handler               
00000b39  EUSCIA0_IRQHandler            
00000b39  EUSCIA1_IRQHandler            
00000b39  EUSCIA2_IRQHandler            
00000b39  EUSCIA3_IRQHandler            
00000b39  EUSCIB0_IRQHandler            
00000b39  EUSCIB1_IRQHandler            
00000b39  EUSCIB2_IRQHandler            
00000b39  EUSCIB3_IRQHandler            
00000b39  FLCTL_IRQHandler              
00000b39  FPU_IRQHandler                
00000b39  HardFault_Handler             
00000b39  MemManage_Handler             
00000b39  NMI_Handler                   
00000b39  PCM_IRQHandler                
00000b39  PORT1_IRQHandler              
00000b39  PORT2_IRQHandler              
00000b39  PORT3_IRQHandler              
00000b39  PORT4_IRQHandler              
00000b39  PORT5_IRQHandler              
00000b39  PORT6_IRQHandler              
00000b39  PSS_IRQHandler                
00000b39  PendSV_Handler                
00000b39  RTC_C_IRQHandler              
00000b39  SVC_Handler                   
00000b39  SysTick_Handler               
00000b39  T32_INT1_IRQHandler           
00000b39  T32_INT2_IRQHandler           
00000b39  T32_INTC_IRQHandler           
00000b39  TA0_0_IRQHandler              
00000b39  TA0_N_IRQHandler              
00000b39  TA1_0_IRQHandler              
00000b39  TA1_N_IRQHandler              
00000b39  TA2_0_IRQHandler              
00000b39  TA2_N_IRQHandler              
00000b39  TA3_0_IRQHandler              
00000b39  TA3_N_IRQHandler              
00000b39  UsageFault_Handler            
00000b39  WDT_A_IRQHandler              
00000b3b  _system_pre_init              
00000b3f  C$$EXIT                       
00000b3f  abort                         
00000b50  __TI_Handler_Table_Base       
00000b58  __TI_CINIT_Base               
00000b58  __TI_Handler_Table_Limit      
00000b60  __TI_CINIT_Limit              
20000000  SystemCoreClock               
2000fe00  __stack                       
20010000  __STACK_END                   
4000480c  WDTCTL_SYM                    
ffffffff  __TI_pprof_out_hndl           
ffffffff  __TI_prof_data_size           
ffffffff  __TI_prof_data_start          
ffffffff  __binit__                     
ffffffff  __c_args__                    
ffffffff  binit                         
UNDEFED   __mpu_init                    
UNDEFED   _system_post_cinit            

[95 symbols]
