******************************************************************************
                  TI ARM Linker PC v18.12.7                    
******************************************************************************
>> Linked Fri Apr 23 11:53:28 2021

OUTPUT FILE NAME:   <Lab9Part1.out>
ENTRY POINT SYMBOL: "_c_int00_noargs"  address: 00000c71


MEMORY CONFIGURATION

         name            origin    length      used     unused   attr    fill
----------------------  --------  ---------  --------  --------  ----  --------
  MAIN                  00000000   00040000  00000ce4  0003f31c  R  X
  INFO                  00200000   00004000  00000000  00004000  R  X
  SRAM_CODE             01000000   00010000  0000020c  0000fdf4  RW X
  SRAM_DATA             20000000   00010000  0000020c  0000fdf4  RW  


SEGMENT ALLOCATION MAP

run origin  load origin   length   init length attrs members
----------  ----------- ---------- ----------- ----- -------
00000000    00000000    00000ce4   00000ce4    r-x
  00000000    00000000    000000e4   000000e4    r-- .intvecs
  000000e4    000000e4    00000be4   00000be4    r-x .text
  00000cc8    00000cc8    0000001c   0000001c    r-- .cinit
20000000    20000000    0000000c   00000000    rw-
  20000000    20000000    0000000c   00000000    rw- .data
2000fe00    2000fe00    00000200   00000000    rw-
  2000fe00    2000fe00    00000200   00000000    rw- .stack


SECTION ALLOCATION MAP

 output                                  attributes/
section   page    origin      length       input sections
--------  ----  ----------  ----------   ----------------
.intvecs   0    00000000    000000e4     
                  00000000    000000e4     startup_msp432p401r_ccs.obj (.intvecs:retain)

.text      0    000000e4    00000be4     
                  000000e4    00000334     system_msp432p401r.obj (.text)
                  00000418    000002b8     DCmotor_setup_part1.obj (.text)
                  000006d0    000001b6     rtsv7M4_T_le_v4SPD16_eabi.lib : fd_add_t2.asm.obj (.text)
                  00000886    000000fc                                   : fd_mul_t2.asm.obj (.text)
                  00000982    0000009c                                   : memcpy_t2.asm.obj (.text)
                  00000a1e    00000086                                   : fd_cmp_t2.asm.obj (.text:__aeabi_cdcmple)
                  00000aa4    00000086                                   : fd_cmp_t2.asm.obj (.text:__aeabi_cdrcmple)
                  00000b2a    00000068                                   : copy_decompress_lzss.c.obj (.text:decompress:lzss:__TI_decompress_lzss)
                  00000b92    00000002     --HOLE-- [fill = 0]
                  00000b94    00000050     part1main.obj (.text)
                  00000be4    00000048     rtsv7M4_T_le_v4SPD16_eabi.lib : fd_toi_t2.asm.obj (.text)
                  00000c2c    00000044                                   : autoinit.c.obj (.text:__TI_auto_init_nobinit_nopinit:__TI_auto_init_nobinit_nopinit)
                  00000c70    00000034                                   : boot_cortex_m.c.obj (.text:_c_int00_noargs:_c_int00_noargs)
                  00000ca4    0000000e                                   : copy_decompress_none.c.obj (.text:decompress:none:__TI_decompress_none)
                  00000cb2    0000000e     startup_msp432p401r_ccs.obj (.text)
                  00000cc0    00000004     rtsv7M4_T_le_v4SPD16_eabi.lib : pre_init.c.obj (.text:_system_pre_init)
                  00000cc4    00000004                                   : exit.c.obj (.text:abort:abort)

.cinit     0    00000cc8    0000001c     
                  00000cc8    0000000b     (.cinit..data.load) [load image, compression = lzss]
                  00000cd3    00000001     --HOLE-- [fill = 0]
                  00000cd4    00000008     (__TI_handler_table)
                  00000cdc    00000008     (__TI_cinit_table)

.init_array 
*          0    00000000    00000000     UNINITIALIZED

.binit     0    00000000    00000000     

.data      0    20000000    0000000c     UNINITIALIZED
                  20000000    00000008     DCmotor_setup_part1.obj (.data)
                  20000008    00000004     system_msp432p401r.obj (.data)

.stack     0    2000fe00    00000200     UNINITIALIZED
                  2000fe00    00000004     rtsv7M4_T_le_v4SPD16_eabi.lib : boot_cortex_m.c.obj (.stack)
                  2000fe04    000001fc     --HOLE--

MODULE SUMMARY

       Module                        code   ro data   rw data
       ------                        ----   -------   -------
    .\
       system_msp432p401r.obj        820    0         8      
       DCmotor_setup_part1.obj       696    0         16     
       startup_msp432p401r_ccs.obj   14     228       0      
       part1main.obj                 80     0         0      
    +--+-----------------------------+------+---------+---------+
       Total:                        1610   228       24     
                                                             
    C:\ti\ccs930\ccs\tools\compiler\ti-cgt-arm_18.12.7.LTS\lib\rtsv7M4_T_le_v4SPD16_eabi.lib
       fd_add_t2.asm.obj             438    0         0      
       fd_cmp_t2.asm.obj             268    0         0      
       fd_mul_t2.asm.obj             252    0         0      
       memcpy_t2.asm.obj             156    0         0      
       copy_decompress_lzss.c.obj    104    0         0      
       fd_toi_t2.asm.obj             72     0         0      
       autoinit.c.obj                68     0         0      
       boot_cortex_m.c.obj           52     0         0      
       copy_decompress_none.c.obj    14     0         0      
       exit.c.obj                    4      0         0      
       pre_init.c.obj                4      0         0      
    +--+-----------------------------+------+---------+---------+
       Total:                        1432   0         0      
                                                             
       Stack:                        0      0         1024   
       Linker Generated:             0      27        0      
    +--+-----------------------------+------+---------+---------+
       Grand Total:                  3042   255       1048   


LINKER GENERATED COPY TABLES

__TI_cinit_table @ 00000cdc records: 1, size/record: 8, table size: 8
	.data: load addr=00000cc8, load size=0000000b bytes, run addr=20000000, run size=0000000c bytes, compression=lzss


LINKER GENERATED HANDLER TABLE

__TI_handler_table @ 00000cd4 records: 2, size/record: 4, table size: 8
	index: 0, handler: __TI_decompress_lzss
	index: 1, handler: __TI_decompress_none


GLOBAL SYMBOLS: SORTED ALPHABETICALLY BY Name 

address   name                          
-------   ----                          
00000cbf  ADC14_IRQHandler              
00000cbf  AES256_IRQHandler             
00000cbf  BusFault_Handler              
00000cc5  C$$EXIT                       
00000cbf  COMP_E0_IRQHandler            
00000cbf  COMP_E1_IRQHandler            
00000cbf  CS_IRQHandler                 
20000000  DC                            
00000cbf  DMA_ERR_IRQHandler            
00000cbf  DMA_INT0_IRQHandler           
00000cbf  DMA_INT1_IRQHandler           
00000cbf  DMA_INT2_IRQHandler           
00000cbf  DMA_INT3_IRQHandler           
00000cbf  DebugMon_Handler              
00000cbf  Default_Handler               
00000cbf  EUSCIA0_IRQHandler            
00000cbf  EUSCIA1_IRQHandler            
00000cbf  EUSCIA2_IRQHandler            
00000cbf  EUSCIA3_IRQHandler            
00000cbf  EUSCIB0_IRQHandler            
00000cbf  EUSCIB1_IRQHandler            
00000cbf  EUSCIB2_IRQHandler            
00000cbf  EUSCIB3_IRQHandler            
00000cbf  FLCTL_IRQHandler              
00000cbf  FPU_IRQHandler                
00000cbf  HardFault_Handler             
00000cbf  MemManage_Handler             
00000543  MotorSpeed                    
00000cbf  NMI_Handler                   
00000cbf  PCM_IRQHandler                
00000cbf  PORT1_IRQHandler              
00000cbf  PORT2_IRQHandler              
00000cbf  PORT3_IRQHandler              
00000567  PORT4_IRQHandler              
00000567  PORT4_IRQHandler              
00000cbf  PORT5_IRQHandler              
00000cbf  PORT6_IRQHandler              
00000cbf  PSS_IRQHandler                
00000cbf  PendSV_Handler                
00000cbf  RTC_C_IRQHandler              
00000cb3  Reset_Handler                 
00000cbf  SVC_Handler                   
00000419  Setup_Init                    
00000cbf  SysTick_Handler               
20000008  SystemCoreClock               
000000e5  SystemCoreClockUpdate         
0000035d  SystemInit                    
00000cbf  T32_INT1_IRQHandler           
00000cbf  T32_INT2_IRQHandler           
00000cbf  T32_INTC_IRQHandler           
00000cbf  TA0_0_IRQHandler              
00000cbf  TA0_N_IRQHandler              
00000cbf  TA1_0_IRQHandler              
00000cbf  TA1_N_IRQHandler              
00000cbf  TA2_0_IRQHandler              
00000cbf  TA2_N_IRQHandler              
00000cbf  TA3_0_IRQHandler              
00000cbf  TA3_N_IRQHandler              
00000cbf  UsageFault_Handler            
4000480c  WDTCTL_SYM                    
00000cbf  WDT_A_IRQHandler              
20010000  __STACK_END                   
00000200  __STACK_SIZE                  
00000cdc  __TI_CINIT_Base               
00000ce4  __TI_CINIT_Limit              
00000cd4  __TI_Handler_Table_Base       
00000cdc  __TI_Handler_Table_Limit      
00000c2d  __TI_auto_init_nobinit_nopinit
00000b2b  __TI_decompress_lzss          
00000ca5  __TI_decompress_none          
ffffffff  __TI_pprof_out_hndl           
ffffffff  __TI_prof_data_size           
ffffffff  __TI_prof_data_start          
00000000  __TI_static_base__            
00000a1f  __aeabi_cdcmpeq               
00000a1f  __aeabi_cdcmple               
00000aa5  __aeabi_cdrcmple              
00000be5  __aeabi_d2iz                  
000006db  __aeabi_dadd                  
00000887  __aeabi_dmul                  
000006d1  __aeabi_dsub                  
00000983  __aeabi_memcpy                
00000983  __aeabi_memcpy4               
00000983  __aeabi_memcpy8               
ffffffff  __binit__                     
ffffffff  __c_args__                    
UNDEFED   __mpu_init                    
2000fe00  __stack                       
00000c71  _c_int00_noargs               
UNDEFED   _system_post_cinit            
00000cc1  _system_pre_init              
00000cc5  abort                         
ffffffff  binit                         
00000000  interruptVectors              
00000bc1  main                          
00000983  memcpy                        


GLOBAL SYMBOLS: SORTED BY Symbol Address 

address   name                          
-------   ----                          
00000000  __TI_static_base__            
00000000  interruptVectors              
000000e5  SystemCoreClockUpdate         
00000200  __STACK_SIZE                  
0000035d  SystemInit                    
00000419  Setup_Init                    
00000543  MotorSpeed                    
00000567  PORT4_IRQHandler              
00000567  PORT4_IRQHandler              
000006d1  __aeabi_dsub                  
000006db  __aeabi_dadd                  
00000887  __aeabi_dmul                  
00000983  __aeabi_memcpy                
00000983  __aeabi_memcpy4               
00000983  __aeabi_memcpy8               
00000983  memcpy                        
00000a1f  __aeabi_cdcmpeq               
00000a1f  __aeabi_cdcmple               
00000aa5  __aeabi_cdrcmple              
00000b2b  __TI_decompress_lzss          
00000bc1  main                          
00000be5  __aeabi_d2iz                  
00000c2d  __TI_auto_init_nobinit_nopinit
00000c71  _c_int00_noargs               
00000ca5  __TI_decompress_none          
00000cb3  Reset_Handler                 
00000cbf  ADC14_IRQHandler              
00000cbf  AES256_IRQHandler             
00000cbf  BusFault_Handler              
00000cbf  COMP_E0_IRQHandler            
00000cbf  COMP_E1_IRQHandler            
00000cbf  CS_IRQHandler                 
00000cbf  DMA_ERR_IRQHandler            
00000cbf  DMA_INT0_IRQHandler           
00000cbf  DMA_INT1_IRQHandler           
00000cbf  DMA_INT2_IRQHandler           
00000cbf  DMA_INT3_IRQHandler           
00000cbf  DebugMon_Handler              
00000cbf  Default_Handler               
00000cbf  EUSCIA0_IRQHandler            
00000cbf  EUSCIA1_IRQHandler            
00000cbf  EUSCIA2_IRQHandler            
00000cbf  EUSCIA3_IRQHandler            
00000cbf  EUSCIB0_IRQHandler            
00000cbf  EUSCIB1_IRQHandler            
00000cbf  EUSCIB2_IRQHandler            
00000cbf  EUSCIB3_IRQHandler            
00000cbf  FLCTL_IRQHandler              
00000cbf  FPU_IRQHandler                
00000cbf  HardFault_Handler             
00000cbf  MemManage_Handler             
00000cbf  NMI_Handler                   
00000cbf  PCM_IRQHandler                
00000cbf  PORT1_IRQHandler              
00000cbf  PORT2_IRQHandler              
00000cbf  PORT3_IRQHandler              
00000cbf  PORT5_IRQHandler              
00000cbf  PORT6_IRQHandler              
00000cbf  PSS_IRQHandler                
00000cbf  PendSV_Handler                
00000cbf  RTC_C_IRQHandler              
00000cbf  SVC_Handler                   
00000cbf  SysTick_Handler               
00000cbf  T32_INT1_IRQHandler           
00000cbf  T32_INT2_IRQHandler           
00000cbf  T32_INTC_IRQHandler           
00000cbf  TA0_0_IRQHandler              
00000cbf  TA0_N_IRQHandler              
00000cbf  TA1_0_IRQHandler              
00000cbf  TA1_N_IRQHandler              
00000cbf  TA2_0_IRQHandler              
00000cbf  TA2_N_IRQHandler              
00000cbf  TA3_0_IRQHandler              
00000cbf  TA3_N_IRQHandler              
00000cbf  UsageFault_Handler            
00000cbf  WDT_A_IRQHandler              
00000cc1  _system_pre_init              
00000cc5  C$$EXIT                       
00000cc5  abort                         
00000cd4  __TI_Handler_Table_Base       
00000cdc  __TI_CINIT_Base               
00000cdc  __TI_Handler_Table_Limit      
00000ce4  __TI_CINIT_Limit              
20000000  DC                            
20000008  SystemCoreClock               
2000fe00  __stack                       
20010000  __STACK_END                   
4000480c  WDTCTL_SYM                    
ffffffff  __TI_pprof_out_hndl           
ffffffff  __TI_prof_data_size           
ffffffff  __TI_prof_data_start          
ffffffff  __binit__                     
ffffffff  __c_args__                    
ffffffff  binit                         
UNDEFED   __mpu_init                    
UNDEFED   _system_post_cinit            

[96 symbols]
