******************************************************************************
                  TI ARM Linker PC v18.12.7                    
******************************************************************************
>> Linked Fri Apr 23 11:53:19 2021

OUTPUT FILE NAME:   <Lab7Part3.out>
ENTRY POINT SYMBOL: "_c_int00_noargs"  address: 0000085d


MEMORY CONFIGURATION

         name            origin    length      used     unused   attr    fill
----------------------  --------  ---------  --------  --------  ----  --------
  MAIN                  00000000   00040000  00000900  0003f700  R  X
  INFO                  00200000   00004000  00000000  00004000  R  X
  SRAM_CODE             01000000   00010000  00000214  0000fdec  RW X
  SRAM_DATA             20000000   00010000  00000214  0000fdec  RW  


SEGMENT ALLOCATION MAP

run origin  load origin   length   init length attrs members
----------  ----------- ---------- ----------- ----- -------
00000000    00000000    00000904   00000904    r-x
  00000000    00000000    000000e4   000000e4    r-- .intvecs
  000000e4    000000e4    000007f0   000007f0    r-x .text
  000008d8    000008d8    0000002c   0000002c    r-- .cinit
20000000    20000000    00000014   00000000    rw-
  20000000    20000000    00000014   00000000    rw- .data
2000fe00    2000fe00    00000200   00000000    rw-
  2000fe00    2000fe00    00000200   00000000    rw- .stack


SECTION ALLOCATION MAP

 output                                  attributes/
section   page    origin      length       input sections
--------  ----  ----------  ----------   ----------------
.intvecs   0    00000000    000000e4     
                  00000000    000000e4     startup_msp432p401r_ccs.obj (.intvecs:retain)

.text      0    000000e4    000007f0     
                  000000e4    00000334     system_msp432p401r.obj (.text)
                  00000418    000002fc     LCD_setup_part3.obj (.text)
                  00000714    0000009c     rtsv7M4_T_le_v4SPD16_eabi.lib : memcpy_t2.asm.obj (.text)
                  000007b0    00000068                                   : copy_decompress_lzss.c.obj (.text:decompress:lzss:__TI_decompress_lzss)
                  00000818    00000044                                   : autoinit.c.obj (.text:__TI_auto_init_nobinit_nopinit:__TI_auto_init_nobinit_nopinit)
                  0000085c    00000034                                   : boot_cortex_m.c.obj (.text:_c_int00_noargs:_c_int00_noargs)
                  00000890    00000020     part3main.obj (.text)
                  000008b0    0000000e     rtsv7M4_T_le_v4SPD16_eabi.lib : copy_decompress_none.c.obj (.text:decompress:none:__TI_decompress_none)
                  000008be    0000000e     startup_msp432p401r_ccs.obj (.text)
                  000008cc    00000004     rtsv7M4_T_le_v4SPD16_eabi.lib : pre_init.c.obj (.text:_system_pre_init)
                  000008d0    00000004                                   : exit.c.obj (.text:abort:abort)

.cinit     0    000008d8    0000002c     
                  000008d8    0000001a     (.cinit..data.load) [load image, compression = lzss]
                  000008f2    00000002     --HOLE-- [fill = 0]
                  000008f4    00000008     (__TI_handler_table)
                  000008fc    00000008     (__TI_cinit_table)

.init_array 
*          0    00000000    00000000     UNINITIALIZED

.binit     0    00000000    00000000     

.data      0    20000000    00000014     UNINITIALIZED
                  20000000    00000010     LCD_setup_part3.obj (.data:arr)
                  20000010    00000004     system_msp432p401r.obj (.data)

.stack     0    2000fe00    00000200     UNINITIALIZED
                  2000fe00    00000004     rtsv7M4_T_le_v4SPD16_eabi.lib : boot_cortex_m.c.obj (.stack)
                  2000fe04    000001fc     --HOLE--

MODULE SUMMARY

       Module                        code   ro data   rw data
       ------                        ----   -------   -------
    .\
       system_msp432p401r.obj        820    0         8      
       LCD_setup_part3.obj           764    0         32     
       startup_msp432p401r_ccs.obj   14     228       0      
       part3main.obj                 32     0         0      
    +--+-----------------------------+------+---------+---------+
       Total:                        1630   228       40     
                                                             
    C:\ti\ccs930\ccs\tools\compiler\ti-cgt-arm_18.12.7.LTS\lib\rtsv7M4_T_le_v4SPD16_eabi.lib
       memcpy_t2.asm.obj             156    0         0      
       copy_decompress_lzss.c.obj    104    0         0      
       autoinit.c.obj                68     0         0      
       boot_cortex_m.c.obj           52     0         0      
       copy_decompress_none.c.obj    14     0         0      
       exit.c.obj                    4      0         0      
       pre_init.c.obj                4      0         0      
    +--+-----------------------------+------+---------+---------+
       Total:                        402    0         0      
                                                             
       Stack:                        0      0         1024   
       Linker Generated:             0      42        0      
    +--+-----------------------------+------+---------+---------+
       Grand Total:                  2032   270       1064   


LINKER GENERATED COPY TABLES

__TI_cinit_table @ 000008fc records: 1, size/record: 8, table size: 8
	.data: load addr=000008d8, load size=0000001a bytes, run addr=20000000, run size=00000014 bytes, compression=lzss


LINKER GENERATED HANDLER TABLE

__TI_handler_table @ 000008f4 records: 2, size/record: 4, table size: 8
	index: 0, handler: __TI_decompress_lzss
	index: 1, handler: __TI_decompress_none


GLOBAL SYMBOLS: SORTED ALPHABETICALLY BY Name 

address   name                          
-------   ----                          
000008cb  ADC14_IRQHandler              
000008cb  AES256_IRQHandler             
000008cb  BusFault_Handler              
000008d1  C$$EXIT                       
000008cb  COMP_E0_IRQHandler            
000008cb  COMP_E1_IRQHandler            
000008cb  CS_IRQHandler                 
000008cb  DMA_ERR_IRQHandler            
000008cb  DMA_INT0_IRQHandler           
000008cb  DMA_INT1_IRQHandler           
000008cb  DMA_INT2_IRQHandler           
000008cb  DMA_INT3_IRQHandler           
000008cb  DebugMon_Handler              
000008cb  Default_Handler               
000008cb  EUSCIA0_IRQHandler            
000008cb  EUSCIA1_IRQHandler            
000008cb  EUSCIA2_IRQHandler            
000008cb  EUSCIA3_IRQHandler            
000008cb  EUSCIB0_IRQHandler            
000008cb  EUSCIB1_IRQHandler            
000008cb  EUSCIB2_IRQHandler            
000008cb  EUSCIB3_IRQHandler            
000008cb  FLCTL_IRQHandler              
000008cb  FPU_IRQHandler                
000008cb  HardFault_Handler             
00000419  LCD_init                      
000008cb  MemManage_Handler             
000008cb  NMI_Handler                   
000008cb  PCM_IRQHandler                
000008cb  PORT1_IRQHandler              
000008cb  PORT2_IRQHandler              
000008cb  PORT3_IRQHandler              
000008cb  PORT4_IRQHandler              
000008cb  PORT5_IRQHandler              
000008cb  PORT6_IRQHandler              
000008cb  PSS_IRQHandler                
000008cb  PendSV_Handler                
000005e7  PrintChar                     
000004d7  PulseEnablePin                
000008cb  RTC_C_IRQHandler              
000008bf  Reset_Handler                 
000008cb  SVC_Handler                   
000008cb  SysTick_Handler               
20000010  SystemCoreClock               
000000e5  SystemCoreClockUpdate         
0000035d  SystemInit                    
000005b5  Systick_ms_delay              
00000585  Systick_us_delay              
000008cb  T32_INT1_IRQHandler           
000008cb  T32_INT2_IRQHandler           
000008cb  T32_INTC_IRQHandler           
000008cb  TA0_0_IRQHandler              
000008cb  TA0_N_IRQHandler              
000008cb  TA1_0_IRQHandler              
000008cb  TA1_N_IRQHandler              
000008cb  TA2_0_IRQHandler              
000008cb  TA2_N_IRQHandler              
000008cb  TA3_0_IRQHandler              
000008cb  TA3_N_IRQHandler              
000008cb  UsageFault_Handler            
4000480c  WDTCTL_SYM                    
000008cb  WDT_A_IRQHandler              
20010000  __STACK_END                   
00000200  __STACK_SIZE                  
000008fc  __TI_CINIT_Base               
00000904  __TI_CINIT_Limit              
000008f4  __TI_Handler_Table_Base       
000008fc  __TI_Handler_Table_Limit      
00000819  __TI_auto_init_nobinit_nopinit
000007b1  __TI_decompress_lzss          
000008b1  __TI_decompress_none          
ffffffff  __TI_pprof_out_hndl           
ffffffff  __TI_prof_data_size           
ffffffff  __TI_prof_data_start          
00000000  __TI_static_base__            
00000715  __aeabi_memcpy                
00000715  __aeabi_memcpy4               
00000715  __aeabi_memcpy8               
ffffffff  __binit__                     
ffffffff  __c_args__                    
UNDEFED   __mpu_init                    
2000fe00  __stack                       
0000085d  _c_int00_noargs               
UNDEFED   _system_post_cinit            
000008cd  _system_pre_init              
000008d1  abort                         
20000000  arr                           
ffffffff  binit                         
00000000  interruptVectors              
00000891  main                          
00000715  memcpy                        
0000052f  pushByte                      
0000050b  pushNibble                    
00000559  write_command                 
00000565  write_data                    


GLOBAL SYMBOLS: SORTED BY Symbol Address 

address   name                          
-------   ----                          
00000000  __TI_static_base__            
00000000  interruptVectors              
000000e5  SystemCoreClockUpdate         
00000200  __STACK_SIZE                  
0000035d  SystemInit                    
00000419  LCD_init                      
000004d7  PulseEnablePin                
0000050b  pushNibble                    
0000052f  pushByte                      
00000559  write_command                 
00000565  write_data                    
00000585  Systick_us_delay              
000005b5  Systick_ms_delay              
000005e7  PrintChar                     
00000715  __aeabi_memcpy                
00000715  __aeabi_memcpy4               
00000715  __aeabi_memcpy8               
00000715  memcpy                        
000007b1  __TI_decompress_lzss          
00000819  __TI_auto_init_nobinit_nopinit
0000085d  _c_int00_noargs               
00000891  main                          
000008b1  __TI_decompress_none          
000008bf  Reset_Handler                 
000008cb  ADC14_IRQHandler              
000008cb  AES256_IRQHandler             
000008cb  BusFault_Handler              
000008cb  COMP_E0_IRQHandler            
000008cb  COMP_E1_IRQHandler            
000008cb  CS_IRQHandler                 
000008cb  DMA_ERR_IRQHandler            
000008cb  DMA_INT0_IRQHandler           
000008cb  DMA_INT1_IRQHandler           
000008cb  DMA_INT2_IRQHandler           
000008cb  DMA_INT3_IRQHandler           
000008cb  DebugMon_Handler              
000008cb  Default_Handler               
000008cb  EUSCIA0_IRQHandler            
000008cb  EUSCIA1_IRQHandler            
000008cb  EUSCIA2_IRQHandler            
000008cb  EUSCIA3_IRQHandler            
000008cb  EUSCIB0_IRQHandler            
000008cb  EUSCIB1_IRQHandler            
000008cb  EUSCIB2_IRQHandler            
000008cb  EUSCIB3_IRQHandler            
000008cb  FLCTL_IRQHandler              
000008cb  FPU_IRQHandler                
000008cb  HardFault_Handler             
000008cb  MemManage_Handler             
000008cb  NMI_Handler                   
000008cb  PCM_IRQHandler                
000008cb  PORT1_IRQHandler              
000008cb  PORT2_IRQHandler              
000008cb  PORT3_IRQHandler              
000008cb  PORT4_IRQHandler              
000008cb  PORT5_IRQHandler              
000008cb  PORT6_IRQHandler              
000008cb  PSS_IRQHandler                
000008cb  PendSV_Handler                
000008cb  RTC_C_IRQHandler              
000008cb  SVC_Handler                   
000008cb  SysTick_Handler               
000008cb  T32_INT1_IRQHandler           
000008cb  T32_INT2_IRQHandler           
000008cb  T32_INTC_IRQHandler           
000008cb  TA0_0_IRQHandler              
000008cb  TA0_N_IRQHandler              
000008cb  TA1_0_IRQHandler              
000008cb  TA1_N_IRQHandler              
000008cb  TA2_0_IRQHandler              
000008cb  TA2_N_IRQHandler              
000008cb  TA3_0_IRQHandler              
000008cb  TA3_N_IRQHandler              
000008cb  UsageFault_Handler            
000008cb  WDT_A_IRQHandler              
000008cd  _system_pre_init              
000008d1  C$$EXIT                       
000008d1  abort                         
000008f4  __TI_Handler_Table_Base       
000008fc  __TI_CINIT_Base               
000008fc  __TI_Handler_Table_Limit      
00000904  __TI_CINIT_Limit              
20000000  arr                           
20000010  SystemCoreClock               
2000fe00  __stack                       
20010000  __STACK_END                   
4000480c  WDTCTL_SYM                    
ffffffff  __TI_pprof_out_hndl           
ffffffff  __TI_prof_data_size           
ffffffff  __TI_prof_data_start          
ffffffff  __binit__                     
ffffffff  __c_args__                    
ffffffff  binit                         
UNDEFED   __mpu_init                    
UNDEFED   _system_post_cinit            

[95 symbols]
