******************************************************************************
                  TI ARM Linker PC v18.12.7                    
******************************************************************************
>> Linked Thu Mar 18 11:38:56 2021

OUTPUT FILE NAME:   <Lab8part1.out>
ENTRY POINT SYMBOL: "_c_int00_noargs"  address: 00000781


MEMORY CONFIGURATION

         name            origin    length      used     unused   attr    fill
----------------------  --------  ---------  --------  --------  ----  --------
  MAIN                  00000000   00040000  0000084c  0003f7b4  R  X
  INFO                  00200000   00004000  00000000  00004000  R  X
  SRAM_CODE             01000000   00010000  00000204  0000fdfc  RW X
  SRAM_DATA             20000000   00010000  00000204  0000fdfc  RW  


SEGMENT ALLOCATION MAP

run origin  load origin   length   init length attrs members
----------  ----------- ---------- ----------- ----- -------
00000000    00000000    00000850   00000850    r-x
  00000000    00000000    000000e4   000000e4    r-- .intvecs
  000000e4    000000e4    00000750   00000750    r-x .text
  00000838    00000838    00000018   00000018    r-- .cinit
20000000    20000000    00000004   00000000    rw-
  20000000    20000000    00000004   00000000    rw- .data
2000fe00    2000fe00    00000200   00000000    rw-
  2000fe00    2000fe00    00000200   00000000    rw- .stack


SECTION ALLOCATION MAP

 output                                  attributes/
section   page    origin      length       input sections
--------  ----  ----------  ----------   ----------------
.intvecs   0    00000000    000000e4     
                  00000000    000000e4     startup_msp432p401r_ccs.obj (.intvecs:retain)

.text      0    000000e4    00000750     
                  000000e4    00000334     system_msp432p401r.obj (.text)
                  00000418    000000fc     rtsv7M4_T_le_v4SPD16_eabi.lib : fd_mul_t2.asm.obj (.text)
                  00000514    000000dc     DCmotor_setup_part1.obj (.text)
                  000005f0    0000009c     rtsv7M4_T_le_v4SPD16_eabi.lib : memcpy_t2.asm.obj (.text)
                  0000068c    00000068                                   : copy_decompress_lzss.c.obj (.text:decompress:lzss:__TI_decompress_lzss)
                  000006f4    00000048                                   : fd_toi_t2.asm.obj (.text)
                  0000073c    00000044                                   : autoinit.c.obj (.text:__TI_auto_init_nobinit_nopinit:__TI_auto_init_nobinit_nopinit)
                  00000780    00000034                                   : boot_cortex_m.c.obj (.text:_c_int00_noargs:_c_int00_noargs)
                  000007b4    0000002e                                   : i_tofd_t2.asm.obj (.text)
                  000007e2    00000002     --HOLE-- [fill = 0]
                  000007e4    0000002c     part1main.obj (.text)
                  00000810    0000000e     rtsv7M4_T_le_v4SPD16_eabi.lib : copy_decompress_none.c.obj (.text:decompress:none:__TI_decompress_none)
                  0000081e    0000000e     startup_msp432p401r_ccs.obj (.text)
                  0000082c    00000004     rtsv7M4_T_le_v4SPD16_eabi.lib : pre_init.c.obj (.text:_system_pre_init)
                  00000830    00000004                                   : exit.c.obj (.text:abort:abort)

.cinit     0    00000838    00000018     
                  00000838    00000008     (.cinit..data.load) [load image, compression = lzss]
                  00000840    00000008     (__TI_handler_table)
                  00000848    00000008     (__TI_cinit_table)

.init_array 
*          0    00000000    00000000     UNINITIALIZED

.binit     0    00000000    00000000     

.data      0    20000000    00000004     UNINITIALIZED
                  20000000    00000004     system_msp432p401r.obj (.data)

.stack     0    2000fe00    00000200     UNINITIALIZED
                  2000fe00    00000004     rtsv7M4_T_le_v4SPD16_eabi.lib : boot_cortex_m.c.obj (.stack)
                  2000fe04    000001fc     --HOLE--

MODULE SUMMARY

       Module                        code   ro data   rw data
       ------                        ----   -------   -------
    .\
       system_msp432p401r.obj        820    0         8      
       startup_msp432p401r_ccs.obj   14     228       0      
       DCmotor_setup_part1.obj       220    0         0      
       part1main.obj                 44     0         0      
    +--+-----------------------------+------+---------+---------+
       Total:                        1098   228       8      
                                                             
    C:\ti\ccs930\ccs\tools\compiler\ti-cgt-arm_18.12.7.LTS\lib\rtsv7M4_T_le_v4SPD16_eabi.lib
       fd_mul_t2.asm.obj             252    0         0      
       memcpy_t2.asm.obj             156    0         0      
       copy_decompress_lzss.c.obj    104    0         0      
       fd_toi_t2.asm.obj             72     0         0      
       autoinit.c.obj                68     0         0      
       boot_cortex_m.c.obj           52     0         0      
       i_tofd_t2.asm.obj             46     0         0      
       copy_decompress_none.c.obj    14     0         0      
       exit.c.obj                    4      0         0      
       pre_init.c.obj                4      0         0      
    +--+-----------------------------+------+---------+---------+
       Total:                        772    0         0      
                                                             
       Stack:                        0      0         1024   
       Linker Generated:             0      24        0      
    +--+-----------------------------+------+---------+---------+
       Grand Total:                  1870   252       1032   


LINKER GENERATED COPY TABLES

__TI_cinit_table @ 00000848 records: 1, size/record: 8, table size: 8
	.data: load addr=00000838, load size=00000008 bytes, run addr=20000000, run size=00000004 bytes, compression=lzss


LINKER GENERATED HANDLER TABLE

__TI_handler_table @ 00000840 records: 2, size/record: 4, table size: 8
	index: 0, handler: __TI_decompress_lzss
	index: 1, handler: __TI_decompress_none


GLOBAL SYMBOLS: SORTED ALPHABETICALLY BY Name 

address   name                          
-------   ----                          
0000082b  ADC14_IRQHandler              
0000082b  AES256_IRQHandler             
0000082b  BusFault_Handler              
00000831  C$$EXIT                       
0000082b  COMP_E0_IRQHandler            
0000082b  COMP_E1_IRQHandler            
0000082b  CS_IRQHandler                 
0000082b  DMA_ERR_IRQHandler            
0000082b  DMA_INT0_IRQHandler           
0000082b  DMA_INT1_IRQHandler           
0000082b  DMA_INT2_IRQHandler           
0000082b  DMA_INT3_IRQHandler           
0000082b  DebugMon_Handler              
0000082b  Default_Handler               
0000082b  EUSCIA0_IRQHandler            
0000082b  EUSCIA1_IRQHandler            
0000082b  EUSCIA2_IRQHandler            
0000082b  EUSCIA3_IRQHandler            
0000082b  EUSCIB0_IRQHandler            
0000082b  EUSCIB1_IRQHandler            
0000082b  EUSCIB2_IRQHandler            
0000082b  EUSCIB3_IRQHandler            
0000082b  FLCTL_IRQHandler              
0000082b  FPU_IRQHandler                
0000082b  HardFault_Handler             
0000082b  MemManage_Handler             
0000082b  NMI_Handler                   
0000082b  PCM_IRQHandler                
0000082b  PORT1_IRQHandler              
0000082b  PORT2_IRQHandler              
0000082b  PORT3_IRQHandler              
0000082b  PORT4_IRQHandler              
0000082b  PORT5_IRQHandler              
0000082b  PORT6_IRQHandler              
0000082b  PSS_IRQHandler                
0000082b  PendSV_Handler                
0000082b  RTC_C_IRQHandler              
0000081f  Reset_Handler                 
0000082b  SVC_Handler                   
00000515  Setup_Init                    
0000082b  SysTick_Handler               
20000000  SystemCoreClock               
000000e5  SystemCoreClockUpdate         
0000035d  SystemInit                    
0000055f  Systick_DutyCycle             
000005b1  Systick_MotorSpeed            
0000052d  Systick_ms_delay              
0000082b  T32_INT1_IRQHandler           
0000082b  T32_INT2_IRQHandler           
0000082b  T32_INTC_IRQHandler           
0000082b  TA0_0_IRQHandler              
0000082b  TA0_N_IRQHandler              
0000082b  TA1_0_IRQHandler              
0000082b  TA1_N_IRQHandler              
0000082b  TA2_0_IRQHandler              
0000082b  TA2_N_IRQHandler              
0000082b  TA3_0_IRQHandler              
0000082b  TA3_N_IRQHandler              
0000082b  UsageFault_Handler            
4000480c  WDTCTL_SYM                    
0000082b  WDT_A_IRQHandler              
20010000  __STACK_END                   
00000200  __STACK_SIZE                  
00000848  __TI_CINIT_Base               
00000850  __TI_CINIT_Limit              
00000840  __TI_Handler_Table_Base       
00000848  __TI_Handler_Table_Limit      
0000073d  __TI_auto_init_nobinit_nopinit
0000068d  __TI_decompress_lzss          
00000811  __TI_decompress_none          
ffffffff  __TI_pprof_out_hndl           
ffffffff  __TI_prof_data_size           
ffffffff  __TI_prof_data_start          
00000000  __TI_static_base__            
000006f5  __aeabi_d2iz                  
00000419  __aeabi_dmul                  
000007b5  __aeabi_i2d                   
000005f1  __aeabi_memcpy                
000005f1  __aeabi_memcpy4               
000005f1  __aeabi_memcpy8               
ffffffff  __binit__                     
ffffffff  __c_args__                    
UNDEFED   __mpu_init                    
2000fe00  __stack                       
00000781  _c_int00_noargs               
UNDEFED   _system_post_cinit            
0000082d  _system_pre_init              
00000831  abort                         
ffffffff  binit                         
00000000  interruptVectors              
000007e5  main                          
000005f1  memcpy                        


GLOBAL SYMBOLS: SORTED BY Symbol Address 

address   name                          
-------   ----                          
00000000  __TI_static_base__            
00000000  interruptVectors              
000000e5  SystemCoreClockUpdate         
00000200  __STACK_SIZE                  
0000035d  SystemInit                    
00000419  __aeabi_dmul                  
00000515  Setup_Init                    
0000052d  Systick_ms_delay              
0000055f  Systick_DutyCycle             
000005b1  Systick_MotorSpeed            
000005f1  __aeabi_memcpy                
000005f1  __aeabi_memcpy4               
000005f1  __aeabi_memcpy8               
000005f1  memcpy                        
0000068d  __TI_decompress_lzss          
000006f5  __aeabi_d2iz                  
0000073d  __TI_auto_init_nobinit_nopinit
00000781  _c_int00_noargs               
000007b5  __aeabi_i2d                   
000007e5  main                          
00000811  __TI_decompress_none          
0000081f  Reset_Handler                 
0000082b  ADC14_IRQHandler              
0000082b  AES256_IRQHandler             
0000082b  BusFault_Handler              
0000082b  COMP_E0_IRQHandler            
0000082b  COMP_E1_IRQHandler            
0000082b  CS_IRQHandler                 
0000082b  DMA_ERR_IRQHandler            
0000082b  DMA_INT0_IRQHandler           
0000082b  DMA_INT1_IRQHandler           
0000082b  DMA_INT2_IRQHandler           
0000082b  DMA_INT3_IRQHandler           
0000082b  DebugMon_Handler              
0000082b  Default_Handler               
0000082b  EUSCIA0_IRQHandler            
0000082b  EUSCIA1_IRQHandler            
0000082b  EUSCIA2_IRQHandler            
0000082b  EUSCIA3_IRQHandler            
0000082b  EUSCIB0_IRQHandler            
0000082b  EUSCIB1_IRQHandler            
0000082b  EUSCIB2_IRQHandler            
0000082b  EUSCIB3_IRQHandler            
0000082b  FLCTL_IRQHandler              
0000082b  FPU_IRQHandler                
0000082b  HardFault_Handler             
0000082b  MemManage_Handler             
0000082b  NMI_Handler                   
0000082b  PCM_IRQHandler                
0000082b  PORT1_IRQHandler              
0000082b  PORT2_IRQHandler              
0000082b  PORT3_IRQHandler              
0000082b  PORT4_IRQHandler              
0000082b  PORT5_IRQHandler              
0000082b  PORT6_IRQHandler              
0000082b  PSS_IRQHandler                
0000082b  PendSV_Handler                
0000082b  RTC_C_IRQHandler              
0000082b  SVC_Handler                   
0000082b  SysTick_Handler               
0000082b  T32_INT1_IRQHandler           
0000082b  T32_INT2_IRQHandler           
0000082b  T32_INTC_IRQHandler           
0000082b  TA0_0_IRQHandler              
0000082b  TA0_N_IRQHandler              
0000082b  TA1_0_IRQHandler              
0000082b  TA1_N_IRQHandler              
0000082b  TA2_0_IRQHandler              
0000082b  TA2_N_IRQHandler              
0000082b  TA3_0_IRQHandler              
0000082b  TA3_N_IRQHandler              
0000082b  UsageFault_Handler            
0000082b  WDT_A_IRQHandler              
0000082d  _system_pre_init              
00000831  C$$EXIT                       
00000831  abort                         
00000840  __TI_Handler_Table_Base       
00000848  __TI_CINIT_Base               
00000848  __TI_Handler_Table_Limit      
00000850  __TI_CINIT_Limit              
20000000  SystemCoreClock               
2000fe00  __stack                       
20010000  __STACK_END                   
4000480c  WDTCTL_SYM                    
ffffffff  __TI_pprof_out_hndl           
ffffffff  __TI_prof_data_size           
ffffffff  __TI_prof_data_start          
ffffffff  __binit__                     
ffffffff  __c_args__                    
ffffffff  binit                         
UNDEFED   __mpu_init                    
UNDEFED   _system_post_cinit            

[92 symbols]
