<?xml version="1.0" encoding="ISO-8859-1" ?>
<link_info>
   <banner>TI ARM Linker PC v18.12.7.LTS</banner>
   <copyright>Copyright (c) 1996-2018 Texas Instruments Incorporated</copyright>
   <link_time>0x606cf95b</link_time>
   <link_errors>0x0</link_errors>
   <output_file>Lab10Part2.out</output_file>
   <entry_point>
      <name>_c_int00_noargs</name>
      <address>0x2d7d</address>
   </entry_point>
   <input_file_list>
      <input_file id="fl-2">
         <path>.\</path>
         <kind>object</kind>
         <file>part2main.obj</file>
         <name>part2main.obj</name>
      </input_file>
      <input_file id="fl-3">
         <path>.\</path>
         <kind>object</kind>
         <file>startup_msp432p401r_ccs.obj</file>
         <name>startup_msp432p401r_ccs.obj</name>
      </input_file>
      <input_file id="fl-4">
         <path>.\</path>
         <kind>object</kind>
         <file>system_msp432p401r.obj</file>
         <name>system_msp432p401r.obj</name>
      </input_file>
      <input_file id="fl-8">
         <kind>object</kind>
         <file>&lt;internal&gt;</file>
         <name>&lt;internal&gt;</name>
      </input_file>
      <input_file id="fl-be">
         <path>C:\ti\ccs930\ccs\tools\compiler\ti-cgt-arm_18.12.7.LTS\lib\</path>
         <kind>archive</kind>
         <file>rtsv7M4_T_le_v4SPD16_eabi.lib</file>
         <name>printf.c.obj</name>
      </input_file>
      <input_file id="fl-bf">
         <path>C:\ti\ccs930\ccs\tools\compiler\ti-cgt-arm_18.12.7.LTS\lib\</path>
         <kind>archive</kind>
         <file>rtsv7M4_T_le_v4SPD16_eabi.lib</file>
         <name>_printfi.c.obj</name>
      </input_file>
      <input_file id="fl-c0">
         <path>C:\ti\ccs930\ccs\tools\compiler\ti-cgt-arm_18.12.7.LTS\lib\</path>
         <kind>archive</kind>
         <file>rtsv7M4_T_le_v4SPD16_eabi.lib</file>
         <name>fputc.c.obj</name>
      </input_file>
      <input_file id="fl-c1">
         <path>C:\ti\ccs930\ccs\tools\compiler\ti-cgt-arm_18.12.7.LTS\lib\</path>
         <kind>archive</kind>
         <file>rtsv7M4_T_le_v4SPD16_eabi.lib</file>
         <name>fputs.c.obj</name>
      </input_file>
      <input_file id="fl-c2">
         <path>C:\ti\ccs930\ccs\tools\compiler\ti-cgt-arm_18.12.7.LTS\lib\</path>
         <kind>archive</kind>
         <file>rtsv7M4_T_le_v4SPD16_eabi.lib</file>
         <name>_io_perm.c.obj</name>
      </input_file>
      <input_file id="fl-c3">
         <path>C:\ti\ccs930\ccs\tools\compiler\ti-cgt-arm_18.12.7.LTS\lib\</path>
         <kind>archive</kind>
         <file>rtsv7M4_T_le_v4SPD16_eabi.lib</file>
         <name>setvbuf.c.obj</name>
      </input_file>
      <input_file id="fl-c4">
         <path>C:\ti\ccs930\ccs\tools\compiler\ti-cgt-arm_18.12.7.LTS\lib\</path>
         <kind>archive</kind>
         <file>rtsv7M4_T_le_v4SPD16_eabi.lib</file>
         <name>s_frexp.c.obj</name>
      </input_file>
      <input_file id="fl-c5">
         <path>C:\ti\ccs930\ccs\tools\compiler\ti-cgt-arm_18.12.7.LTS\lib\</path>
         <kind>archive</kind>
         <file>rtsv7M4_T_le_v4SPD16_eabi.lib</file>
         <name>s_scalbn.c.obj</name>
      </input_file>
      <input_file id="fl-c6">
         <path>C:\ti\ccs930\ccs\tools\compiler\ti-cgt-arm_18.12.7.LTS\lib\</path>
         <kind>archive</kind>
         <file>rtsv7M4_T_le_v4SPD16_eabi.lib</file>
         <name>ull_div_t2.asm.obj</name>
      </input_file>
      <input_file id="fl-c7">
         <path>C:\ti\ccs930\ccs\tools\compiler\ti-cgt-arm_18.12.7.LTS\lib\</path>
         <kind>archive</kind>
         <file>rtsv7M4_T_le_v4SPD16_eabi.lib</file>
         <name>memset_t2.asm.obj</name>
      </input_file>
      <input_file id="fl-c8">
         <path>C:\ti\ccs930\ccs\tools\compiler\ti-cgt-arm_18.12.7.LTS\lib\</path>
         <kind>archive</kind>
         <file>rtsv7M4_T_le_v4SPD16_eabi.lib</file>
         <name>fd_add_t2.asm.obj</name>
      </input_file>
      <input_file id="fl-c9">
         <path>C:\ti\ccs930\ccs\tools\compiler\ti-cgt-arm_18.12.7.LTS\lib\</path>
         <kind>archive</kind>
         <file>rtsv7M4_T_le_v4SPD16_eabi.lib</file>
         <name>fd_cmp_t2.asm.obj</name>
      </input_file>
      <input_file id="fl-ca">
         <path>C:\ti\ccs930\ccs\tools\compiler\ti-cgt-arm_18.12.7.LTS\lib\</path>
         <kind>archive</kind>
         <file>rtsv7M4_T_le_v4SPD16_eabi.lib</file>
         <name>fd_div_t2.asm.obj</name>
      </input_file>
      <input_file id="fl-cb">
         <path>C:\ti\ccs930\ccs\tools\compiler\ti-cgt-arm_18.12.7.LTS\lib\</path>
         <kind>archive</kind>
         <file>rtsv7M4_T_le_v4SPD16_eabi.lib</file>
         <name>fd_mul_t2.asm.obj</name>
      </input_file>
      <input_file id="fl-cc">
         <path>C:\ti\ccs930\ccs\tools\compiler\ti-cgt-arm_18.12.7.LTS\lib\</path>
         <kind>archive</kind>
         <file>rtsv7M4_T_le_v4SPD16_eabi.lib</file>
         <name>fd_toi_t2.asm.obj</name>
      </input_file>
      <input_file id="fl-cd">
         <path>C:\ti\ccs930\ccs\tools\compiler\ti-cgt-arm_18.12.7.LTS\lib\</path>
         <kind>archive</kind>
         <file>rtsv7M4_T_le_v4SPD16_eabi.lib</file>
         <name>i_tofd_t2.asm.obj</name>
      </input_file>
      <input_file id="fl-ce">
         <path>C:\ti\ccs930\ccs\tools\compiler\ti-cgt-arm_18.12.7.LTS\lib\</path>
         <kind>archive</kind>
         <file>rtsv7M4_T_le_v4SPD16_eabi.lib</file>
         <name>memcpy_t2.asm.obj</name>
      </input_file>
      <input_file id="fl-cf">
         <path>C:\ti\ccs930\ccs\tools\compiler\ti-cgt-arm_18.12.7.LTS\lib\</path>
         <kind>archive</kind>
         <file>rtsv7M4_T_le_v4SPD16_eabi.lib</file>
         <name>u_tofd_t2.asm.obj</name>
      </input_file>
      <input_file id="fl-d0">
         <path>C:\ti\ccs930\ccs\tools\compiler\ti-cgt-arm_18.12.7.LTS\lib\</path>
         <kind>archive</kind>
         <file>rtsv7M4_T_le_v4SPD16_eabi.lib</file>
         <name>copy_zero_init.c.obj</name>
      </input_file>
      <input_file id="fl-d1">
         <path>C:\ti\ccs930\ccs\tools\compiler\ti-cgt-arm_18.12.7.LTS\lib\</path>
         <kind>archive</kind>
         <file>rtsv7M4_T_le_v4SPD16_eabi.lib</file>
         <name>copy_decompress_none.c.obj</name>
      </input_file>
      <input_file id="fl-d2">
         <path>C:\ti\ccs930\ccs\tools\compiler\ti-cgt-arm_18.12.7.LTS\lib\</path>
         <kind>archive</kind>
         <file>rtsv7M4_T_le_v4SPD16_eabi.lib</file>
         <name>copy_decompress_lzss.c.obj</name>
      </input_file>
      <input_file id="fl-d3">
         <path>C:\ti\ccs930\ccs\tools\compiler\ti-cgt-arm_18.12.7.LTS\lib\</path>
         <kind>archive</kind>
         <file>rtsv7M4_T_le_v4SPD16_eabi.lib</file>
         <name>exit.c.obj</name>
      </input_file>
      <input_file id="fl-d4">
         <path>C:\ti\ccs930\ccs\tools\compiler\ti-cgt-arm_18.12.7.LTS\lib\</path>
         <kind>archive</kind>
         <file>rtsv7M4_T_le_v4SPD16_eabi.lib</file>
         <name>_lock.c.obj</name>
      </input_file>
      <input_file id="fl-d5">
         <path>C:\ti\ccs930\ccs\tools\compiler\ti-cgt-arm_18.12.7.LTS\lib\</path>
         <kind>archive</kind>
         <file>rtsv7M4_T_le_v4SPD16_eabi.lib</file>
         <name>atoi.c.obj</name>
      </input_file>
      <input_file id="fl-d6">
         <path>C:\ti\ccs930\ccs\tools\compiler\ti-cgt-arm_18.12.7.LTS\lib\</path>
         <kind>archive</kind>
         <file>rtsv7M4_T_le_v4SPD16_eabi.lib</file>
         <name>ctype.c.obj</name>
      </input_file>
      <input_file id="fl-d7">
         <path>C:\ti\ccs930\ccs\tools\compiler\ti-cgt-arm_18.12.7.LTS\lib\</path>
         <kind>archive</kind>
         <file>rtsv7M4_T_le_v4SPD16_eabi.lib</file>
         <name>defs.c.obj</name>
      </input_file>
      <input_file id="fl-d8">
         <path>C:\ti\ccs930\ccs\tools\compiler\ti-cgt-arm_18.12.7.LTS\lib\</path>
         <kind>archive</kind>
         <file>rtsv7M4_T_le_v4SPD16_eabi.lib</file>
         <name>ltoa.c.obj</name>
      </input_file>
      <input_file id="fl-d9">
         <path>C:\ti\ccs930\ccs\tools\compiler\ti-cgt-arm_18.12.7.LTS\lib\</path>
         <kind>archive</kind>
         <file>rtsv7M4_T_le_v4SPD16_eabi.lib</file>
         <name>memccpy.c.obj</name>
      </input_file>
      <input_file id="fl-da">
         <path>C:\ti\ccs930\ccs\tools\compiler\ti-cgt-arm_18.12.7.LTS\lib\</path>
         <kind>archive</kind>
         <file>rtsv7M4_T_le_v4SPD16_eabi.lib</file>
         <name>memchr.c.obj</name>
      </input_file>
      <input_file id="fl-db">
         <path>C:\ti\ccs930\ccs\tools\compiler\ti-cgt-arm_18.12.7.LTS\lib\</path>
         <kind>archive</kind>
         <file>rtsv7M4_T_le_v4SPD16_eabi.lib</file>
         <name>memory.c.obj</name>
      </input_file>
      <input_file id="fl-dc">
         <path>C:\ti\ccs930\ccs\tools\compiler\ti-cgt-arm_18.12.7.LTS\lib\</path>
         <kind>archive</kind>
         <file>rtsv7M4_T_le_v4SPD16_eabi.lib</file>
         <name>strchr.c.obj</name>
      </input_file>
      <input_file id="fl-dd">
         <path>C:\ti\ccs930\ccs\tools\compiler\ti-cgt-arm_18.12.7.LTS\lib\</path>
         <kind>archive</kind>
         <file>rtsv7M4_T_le_v4SPD16_eabi.lib</file>
         <name>strlen.c.obj</name>
      </input_file>
      <input_file id="fl-de">
         <path>C:\ti\ccs930\ccs\tools\compiler\ti-cgt-arm_18.12.7.LTS\lib\</path>
         <kind>archive</kind>
         <file>rtsv7M4_T_le_v4SPD16_eabi.lib</file>
         <name>boot_cortex_m.c.obj</name>
      </input_file>
      <input_file id="fl-df">
         <path>C:\ti\ccs930\ccs\tools\compiler\ti-cgt-arm_18.12.7.LTS\lib\</path>
         <kind>archive</kind>
         <file>rtsv7M4_T_le_v4SPD16_eabi.lib</file>
         <name>write.c.obj</name>
      </input_file>
      <input_file id="fl-e0">
         <path>C:\ti\ccs930\ccs\tools\compiler\ti-cgt-arm_18.12.7.LTS\lib\</path>
         <kind>archive</kind>
         <file>rtsv7M4_T_le_v4SPD16_eabi.lib</file>
         <name>host_device.c.obj</name>
      </input_file>
      <input_file id="fl-e1">
         <path>C:\ti\ccs930\ccs\tools\compiler\ti-cgt-arm_18.12.7.LTS\lib\</path>
         <kind>archive</kind>
         <file>rtsv7M4_T_le_v4SPD16_eabi.lib</file>
         <name>errno.c.obj</name>
      </input_file>
      <input_file id="fl-e2">
         <path>C:\ti\ccs930\ccs\tools\compiler\ti-cgt-arm_18.12.7.LTS\lib\</path>
         <kind>archive</kind>
         <file>rtsv7M4_T_le_v4SPD16_eabi.lib</file>
         <name>wcslen.c.obj</name>
      </input_file>
      <input_file id="fl-e3">
         <path>C:\ti\ccs930\ccs\tools\compiler\ti-cgt-arm_18.12.7.LTS\lib\</path>
         <kind>archive</kind>
         <file>rtsv7M4_T_le_v4SPD16_eabi.lib</file>
         <name>s_copysign.c.obj</name>
      </input_file>
      <input_file id="fl-e4">
         <path>C:\ti\ccs930\ccs\tools\compiler\ti-cgt-arm_18.12.7.LTS\lib\</path>
         <kind>archive</kind>
         <file>rtsv7M4_T_le_v4SPD16_eabi.lib</file>
         <name>fflush.c.obj</name>
      </input_file>
      <input_file id="fl-e5">
         <path>C:\ti\ccs930\ccs\tools\compiler\ti-cgt-arm_18.12.7.LTS\lib\</path>
         <kind>archive</kind>
         <file>rtsv7M4_T_le_v4SPD16_eabi.lib</file>
         <name>fopen.c.obj</name>
      </input_file>
      <input_file id="fl-e6">
         <path>C:\ti\ccs930\ccs\tools\compiler\ti-cgt-arm_18.12.7.LTS\lib\</path>
         <kind>archive</kind>
         <file>rtsv7M4_T_le_v4SPD16_eabi.lib</file>
         <name>fseek.c.obj</name>
      </input_file>
      <input_file id="fl-e7">
         <path>C:\ti\ccs930\ccs\tools\compiler\ti-cgt-arm_18.12.7.LTS\lib\</path>
         <kind>archive</kind>
         <file>rtsv7M4_T_le_v4SPD16_eabi.lib</file>
         <name>div0.asm.obj</name>
      </input_file>
      <input_file id="fl-e8">
         <path>C:\ti\ccs930\ccs\tools\compiler\ti-cgt-arm_18.12.7.LTS\lib\</path>
         <kind>archive</kind>
         <file>rtsv7M4_T_le_v4SPD16_eabi.lib</file>
         <name>autoinit.c.obj</name>
      </input_file>
      <input_file id="fl-e9">
         <path>C:\ti\ccs930\ccs\tools\compiler\ti-cgt-arm_18.12.7.LTS\lib\</path>
         <kind>archive</kind>
         <file>rtsv7M4_T_le_v4SPD16_eabi.lib</file>
         <name>pre_init.c.obj</name>
      </input_file>
      <input_file id="fl-ea">
         <path>C:\ti\ccs930\ccs\tools\compiler\ti-cgt-arm_18.12.7.LTS\lib\</path>
         <kind>archive</kind>
         <file>rtsv7M4_T_le_v4SPD16_eabi.lib</file>
         <name>cpy_tbl.c.obj</name>
      </input_file>
      <input_file id="fl-eb">
         <path>C:\ti\ccs930\ccs\tools\compiler\ti-cgt-arm_18.12.7.LTS\lib\</path>
         <kind>archive</kind>
         <file>rtsv7M4_T_le_v4SPD16_eabi.lib</file>
         <name>args_main.c.obj</name>
      </input_file>
      <input_file id="fl-ec">
         <path>C:\ti\ccs930\ccs\tools\compiler\ti-cgt-arm_18.12.7.LTS\lib\</path>
         <kind>archive</kind>
         <file>rtsv7M4_T_le_v4SPD16_eabi.lib</file>
         <name>hostclose.c.obj</name>
      </input_file>
      <input_file id="fl-ed">
         <path>C:\ti\ccs930\ccs\tools\compiler\ti-cgt-arm_18.12.7.LTS\lib\</path>
         <kind>archive</kind>
         <file>rtsv7M4_T_le_v4SPD16_eabi.lib</file>
         <name>hostlseek.c.obj</name>
      </input_file>
      <input_file id="fl-ee">
         <path>C:\ti\ccs930\ccs\tools\compiler\ti-cgt-arm_18.12.7.LTS\lib\</path>
         <kind>archive</kind>
         <file>rtsv7M4_T_le_v4SPD16_eabi.lib</file>
         <name>hostopen.c.obj</name>
      </input_file>
      <input_file id="fl-ef">
         <path>C:\ti\ccs930\ccs\tools\compiler\ti-cgt-arm_18.12.7.LTS\lib\</path>
         <kind>archive</kind>
         <file>rtsv7M4_T_le_v4SPD16_eabi.lib</file>
         <name>hostread.c.obj</name>
      </input_file>
      <input_file id="fl-f0">
         <path>C:\ti\ccs930\ccs\tools\compiler\ti-cgt-arm_18.12.7.LTS\lib\</path>
         <kind>archive</kind>
         <file>rtsv7M4_T_le_v4SPD16_eabi.lib</file>
         <name>hostrename.c.obj</name>
      </input_file>
      <input_file id="fl-f1">
         <path>C:\ti\ccs930\ccs\tools\compiler\ti-cgt-arm_18.12.7.LTS\lib\</path>
         <kind>archive</kind>
         <file>rtsv7M4_T_le_v4SPD16_eabi.lib</file>
         <name>hostunlink.c.obj</name>
      </input_file>
      <input_file id="fl-f2">
         <path>C:\ti\ccs930\ccs\tools\compiler\ti-cgt-arm_18.12.7.LTS\lib\</path>
         <kind>archive</kind>
         <file>rtsv7M4_T_le_v4SPD16_eabi.lib</file>
         <name>hostwrite.c.obj</name>
      </input_file>
      <input_file id="fl-f3">
         <path>C:\ti\ccs930\ccs\tools\compiler\ti-cgt-arm_18.12.7.LTS\lib\</path>
         <kind>archive</kind>
         <file>rtsv7M4_T_le_v4SPD16_eabi.lib</file>
         <name>trgmsg.c.obj</name>
      </input_file>
      <input_file id="fl-f4">
         <path>C:\ti\ccs930\ccs\tools\compiler\ti-cgt-arm_18.12.7.LTS\lib\</path>
         <kind>archive</kind>
         <file>rtsv7M4_T_le_v4SPD16_eabi.lib</file>
         <name>open.c.obj</name>
      </input_file>
      <input_file id="fl-f5">
         <path>C:\ti\ccs930\ccs\tools\compiler\ti-cgt-arm_18.12.7.LTS\lib\</path>
         <kind>archive</kind>
         <file>rtsv7M4_T_le_v4SPD16_eabi.lib</file>
         <name>lseek.c.obj</name>
      </input_file>
      <input_file id="fl-f6">
         <path>C:\ti\ccs930\ccs\tools\compiler\ti-cgt-arm_18.12.7.LTS\lib\</path>
         <kind>archive</kind>
         <file>rtsv7M4_T_le_v4SPD16_eabi.lib</file>
         <name>fclose.c.obj</name>
      </input_file>
      <input_file id="fl-f7">
         <path>C:\ti\ccs930\ccs\tools\compiler\ti-cgt-arm_18.12.7.LTS\lib\</path>
         <kind>archive</kind>
         <file>rtsv7M4_T_le_v4SPD16_eabi.lib</file>
         <name>getdevice.c.obj</name>
      </input_file>
      <input_file id="fl-f8">
         <path>C:\ti\ccs930\ccs\tools\compiler\ti-cgt-arm_18.12.7.LTS\lib\</path>
         <kind>archive</kind>
         <file>rtsv7M4_T_le_v4SPD16_eabi.lib</file>
         <name>strcmp.c.obj</name>
      </input_file>
      <input_file id="fl-f9">
         <path>C:\ti\ccs930\ccs\tools\compiler\ti-cgt-arm_18.12.7.LTS\lib\</path>
         <kind>archive</kind>
         <file>rtsv7M4_T_le_v4SPD16_eabi.lib</file>
         <name>strcpy.c.obj</name>
      </input_file>
      <input_file id="fl-fa">
         <path>C:\ti\ccs930\ccs\tools\compiler\ti-cgt-arm_18.12.7.LTS\lib\</path>
         <kind>archive</kind>
         <file>rtsv7M4_T_le_v4SPD16_eabi.lib</file>
         <name>strncpy.c.obj</name>
      </input_file>
      <input_file id="fl-fb">
         <path>C:\ti\ccs930\ccs\tools\compiler\ti-cgt-arm_18.12.7.LTS\lib\</path>
         <kind>archive</kind>
         <file>rtsv7M4_T_le_v4SPD16_eabi.lib</file>
         <name>remove.c.obj</name>
      </input_file>
      <input_file id="fl-fc">
         <path>C:\ti\ccs930\ccs\tools\compiler\ti-cgt-arm_18.12.7.LTS\lib\</path>
         <kind>archive</kind>
         <file>rtsv7M4_T_le_v4SPD16_eabi.lib</file>
         <name>close.c.obj</name>
      </input_file>
      <input_file id="fl-fd">
         <path>C:\ti\ccs930\ccs\tools\compiler\ti-cgt-arm_18.12.7.LTS\lib\</path>
         <kind>archive</kind>
         <file>rtsv7M4_T_le_v4SPD16_eabi.lib</file>
         <name>unlink.c.obj</name>
      </input_file>
   </input_file_list>
   <object_component_list>
      <object_component id="oc-23">
         <name>.intvecs:retain</name>
         <load_address>0x0</load_address>
         <run_address>0x0</run_address>
         <size>0xe4</size>
         <input_file_ref idref="fl-3"/>
      </object_component>
      <object_component id="oc-13c">
         <name>.text:__TI_printfi</name>
         <load_address>0xe4</load_address>
         <run_address>0xe4</run_address>
         <size>0xa4e</size>
         <input_file_ref idref="fl-bf"/>
      </object_component>
      <object_component id="oc-1cf">
         <name>.text:_nop</name>
         <load_address>0xb32</load_address>
         <run_address>0xb32</run_address>
         <size>0x2</size>
         <input_file_ref idref="fl-d4"/>
      </object_component>
      <object_component id="oc-a9">
         <name>.text</name>
         <load_address>0xb34</load_address>
         <run_address>0xb34</run_address>
         <size>0x334</size>
         <input_file_ref idref="fl-4"/>
      </object_component>
      <object_component id="oc-1ab">
         <name>.text:_pconv_a</name>
         <load_address>0xe68</load_address>
         <run_address>0xe68</run_address>
         <size>0x270</size>
         <input_file_ref idref="fl-bf"/>
      </object_component>
      <object_component id="oc-199">
         <name>.text:_pconv_g</name>
         <load_address>0x10d8</load_address>
         <run_address>0x10d8</run_address>
         <size>0x1d0</size>
         <input_file_ref idref="fl-bf"/>
      </object_component>
      <object_component id="oc-6d">
         <name>.text</name>
         <load_address>0x12a8</load_address>
         <run_address>0x12a8</run_address>
         <size>0x1b8</size>
         <input_file_ref idref="fl-2"/>
      </object_component>
      <object_component id="oc-ba">
         <name>.text</name>
         <load_address>0x1460</load_address>
         <run_address>0x1460</run_address>
         <size>0x1b6</size>
         <input_file_ref idref="fl-c8"/>
      </object_component>
      <object_component id="oc-2b9">
         <name>.text</name>
         <load_address>0x1616</load_address>
         <run_address>0x1616</run_address>
         <size>0x2</size>
         <input_file_ref idref="fl-e7"/>
      </object_component>
      <object_component id="oc-1a5">
         <name>.text:_pconv_e</name>
         <load_address>0x1618</load_address>
         <run_address>0x1618</run_address>
         <size>0x13c</size>
         <input_file_ref idref="fl-bf"/>
      </object_component>
      <object_component id="oc-bf">
         <name>.text</name>
         <load_address>0x1754</load_address>
         <run_address>0x1754</run_address>
         <size>0x136</size>
         <input_file_ref idref="fl-ca"/>
      </object_component>
      <object_component id="oc-245">
         <name>.text:fcvt</name>
         <load_address>0x188c</load_address>
         <run_address>0x188c</run_address>
         <size>0x124</size>
         <input_file_ref idref="fl-bf"/>
      </object_component>
      <object_component id="oc-361">
         <name>.text:aligned_alloc</name>
         <load_address>0x19b0</load_address>
         <run_address>0x19b0</run_address>
         <size>0x118</size>
         <input_file_ref idref="fl-db"/>
      </object_component>
      <object_component id="oc-1dd">
         <name>.text:fputs</name>
         <load_address>0x1ac8</load_address>
         <run_address>0x1ac8</run_address>
         <size>0x114</size>
         <input_file_ref idref="fl-c1"/>
      </object_component>
      <object_component id="oc-259">
         <name>.text:scalbn</name>
         <load_address>0x1bdc</load_address>
         <run_address>0x1bdc</run_address>
         <size>0x110</size>
         <input_file_ref idref="fl-c5"/>
      </object_component>
      <object_component id="oc-b5">
         <name>.text</name>
         <load_address>0x1cec</load_address>
         <run_address>0x1cec</run_address>
         <size>0xfc</size>
         <input_file_ref idref="fl-cb"/>
      </object_component>
      <object_component id="oc-31f">
         <name>.text:free</name>
         <load_address>0x1de8</load_address>
         <run_address>0x1de8</run_address>
         <size>0xe4</size>
         <input_file_ref idref="fl-db"/>
      </object_component>
      <object_component id="oc-2f1">
         <name>.text:setvbuf</name>
         <load_address>0x1ecc</load_address>
         <run_address>0x1ecc</run_address>
         <size>0xdc</size>
         <input_file_ref idref="fl-c3"/>
      </object_component>
      <object_component id="oc-18e">
         <name>.text:_ltostr</name>
         <load_address>0x1fa8</load_address>
         <run_address>0x1fa8</run_address>
         <size>0xb1</size>
         <input_file_ref idref="fl-bf"/>
      </object_component>
      <object_component id="oc-37">
         <name>.text</name>
         <load_address>0x205a</load_address>
         <run_address>0x205a</run_address>
         <size>0x9c</size>
         <input_file_ref idref="fl-ce"/>
      </object_component>
      <object_component id="oc-21c">
         <name>.text</name>
         <load_address>0x20f6</load_address>
         <run_address>0x20f6</run_address>
         <size>0x96</size>
         <input_file_ref idref="fl-c6"/>
      </object_component>
      <object_component id="oc-1e4">
         <name>.text:fputc</name>
         <load_address>0x218c</load_address>
         <run_address>0x218c</run_address>
         <size>0x8c</size>
         <input_file_ref idref="fl-c0"/>
      </object_component>
      <object_component id="oc-194">
         <name>.text:__aeabi_cdcmple</name>
         <load_address>0x2218</load_address>
         <run_address>0x2218</run_address>
         <size>0x86</size>
         <input_file_ref idref="fl-c9"/>
      </object_component>
      <object_component id="oc-223">
         <name>.text:__aeabi_cdrcmple</name>
         <load_address>0x229e</load_address>
         <run_address>0x229e</run_address>
         <size>0x86</size>
         <input_file_ref idref="fl-c9"/>
      </object_component>
      <object_component id="oc-91">
         <name>.text</name>
         <load_address>0x2324</load_address>
         <run_address>0x2324</run_address>
         <size>0x7a</size>
         <input_file_ref idref="fl-c7"/>
      </object_component>
      <object_component id="oc-368">
         <name>.text:__TI_closefile</name>
         <load_address>0x23a0</load_address>
         <run_address>0x23a0</run_address>
         <size>0x74</size>
         <input_file_ref idref="fl-f6"/>
      </object_component>
      <object_component id="oc-3a9">
         <name>.text:split</name>
         <load_address>0x2414</load_address>
         <run_address>0x2414</run_address>
         <size>0x70</size>
         <input_file_ref idref="fl-db"/>
      </object_component>
      <object_component id="oc-23e">
         <name>.text:_mcpy</name>
         <load_address>0x2484</load_address>
         <run_address>0x2484</run_address>
         <size>0x6e</size>
         <input_file_ref idref="fl-bf"/>
      </object_component>
      <object_component id="oc-398">
         <name>.text:HOSTrename</name>
         <load_address>0x24f4</load_address>
         <run_address>0x24f4</run_address>
         <size>0x6c</size>
         <input_file_ref idref="fl-f0"/>
      </object_component>
      <object_component id="oc-38c">
         <name>.text:HOSTlseek</name>
         <load_address>0x2560</load_address>
         <run_address>0x2560</run_address>
         <size>0x68</size>
         <input_file_ref idref="fl-ed"/>
      </object_component>
      <object_component id="oc-14">
         <name>.text:decompress:lzss:__TI_decompress_lzss</name>
         <load_address>0x25c8</load_address>
         <run_address>0x25c8</run_address>
         <size>0x68</size>
         <input_file_ref idref="fl-d2"/>
      </object_component>
      <object_component id="oc-c4">
         <name>.text:printf</name>
         <load_address>0x2630</load_address>
         <run_address>0x2630</run_address>
         <size>0x68</size>
         <input_file_ref idref="fl-be"/>
      </object_component>
      <object_component id="oc-253">
         <name>.text:frexp</name>
         <load_address>0x2698</load_address>
         <run_address>0x2698</run_address>
         <size>0x64</size>
         <input_file_ref idref="fl-c4"/>
      </object_component>
      <object_component id="oc-2eb">
         <name>.text:fseek</name>
         <load_address>0x26fc</load_address>
         <run_address>0x26fc</run_address>
         <size>0x64</size>
         <input_file_ref idref="fl-e6"/>
      </object_component>
      <object_component id="oc-28a">
         <name>.text:__TI_wrt_ok</name>
         <load_address>0x2760</load_address>
         <run_address>0x2760</run_address>
         <size>0x62</size>
         <input_file_ref idref="fl-c2"/>
      </object_component>
      <object_component id="oc-374">
         <name>.text:HOSTopen</name>
         <load_address>0x27c4</load_address>
         <run_address>0x27c4</run_address>
         <size>0x60</size>
         <input_file_ref idref="fl-ee"/>
      </object_component>
      <object_component id="oc-3b0">
         <name>.text:close</name>
         <load_address>0x2824</load_address>
         <run_address>0x2824</run_address>
         <size>0x5c</size>
         <input_file_ref idref="fl-fc"/>
      </object_component>
      <object_component id="oc-380">
         <name>.text:HOSTread</name>
         <load_address>0x2880</load_address>
         <run_address>0x2880</run_address>
         <size>0x58</size>
         <input_file_ref idref="fl-ef"/>
      </object_component>
      <object_component id="oc-386">
         <name>.text:HOSTwrite</name>
         <load_address>0x28d8</load_address>
         <run_address>0x28d8</run_address>
         <size>0x58</size>
         <input_file_ref idref="fl-f2"/>
      </object_component>
      <object_component id="oc-19f">
         <name>.text:_pconv_f</name>
         <load_address>0x2930</load_address>
         <run_address>0x2930</run_address>
         <size>0x56</size>
         <input_file_ref idref="fl-bf"/>
      </object_component>
      <object_component id="oc-22d">
         <name>.text:ltoa</name>
         <load_address>0x2986</load_address>
         <run_address>0x2986</run_address>
         <size>0x54</size>
         <input_file_ref idref="fl-d8"/>
      </object_component>
      <object_component id="oc-238">
         <name>.text:_ecpy</name>
         <load_address>0x29da</load_address>
         <run_address>0x29da</run_address>
         <size>0x52</size>
         <input_file_ref idref="fl-bf"/>
      </object_component>
      <object_component id="oc-296">
         <name>.text:__TI_doflush</name>
         <load_address>0x2a2c</load_address>
         <run_address>0x2a2c</run_address>
         <size>0x4c</size>
         <input_file_ref idref="fl-e4"/>
      </object_component>
      <object_component id="oc-188">
         <name>.text:atoi</name>
         <load_address>0x2a78</load_address>
         <run_address>0x2a78</run_address>
         <size>0x4c</size>
         <input_file_ref idref="fl-d5"/>
      </object_component>
      <object_component id="oc-f7">
         <name>.text:exit</name>
         <load_address>0x2ac4</load_address>
         <run_address>0x2ac4</run_address>
         <size>0x48</size>
         <input_file_ref idref="fl-d3"/>
      </object_component>
      <object_component id="oc-228">
         <name>.text</name>
         <load_address>0x2b0c</load_address>
         <run_address>0x2b0c</run_address>
         <size>0x48</size>
         <input_file_ref idref="fl-cc"/>
      </object_component>
      <object_component id="oc-37a">
         <name>.text:HOSTclose</name>
         <load_address>0x2b54</load_address>
         <run_address>0x2b54</run_address>
         <size>0x44</size>
         <input_file_ref idref="fl-ec"/>
      </object_component>
      <object_component id="oc-392">
         <name>.text:HOSTunlink</name>
         <load_address>0x2b98</load_address>
         <run_address>0x2b98</run_address>
         <size>0x44</size>
         <input_file_ref idref="fl-f1"/>
      </object_component>
      <object_component id="oc-fd">
         <name>.text:__TI_auto_init_nobinit_nopinit:__TI_auto_init_nobinit_nopinit</name>
         <load_address>0x2bdc</load_address>
         <run_address>0x2bdc</run_address>
         <size>0x44</size>
         <input_file_ref idref="fl-e8"/>
      </object_component>
      <object_component id="oc-3e8">
         <name>.text:getdevice</name>
         <load_address>0x2c20</load_address>
         <run_address>0x2c20</run_address>
         <size>0x44</size>
         <input_file_ref idref="fl-f7"/>
      </object_component>
      <object_component id="oc-24b">
         <name>.text:_fcpy</name>
         <load_address>0x2c64</load_address>
         <run_address>0x2c64</run_address>
         <size>0x3e</size>
         <input_file_ref idref="fl-bf"/>
      </object_component>
      <object_component id="oc-3c1">
         <name>.text:__TI_writemsg</name>
         <load_address>0x2ca4</load_address>
         <run_address>0x2ca4</run_address>
         <size>0x38</size>
         <input_file_ref idref="fl-f3"/>
      </object_component>
      <object_component id="oc-40a">
         <name>.text:strncpy</name>
         <load_address>0x2cdc</load_address>
         <run_address>0x2cdc</run_address>
         <size>0x36</size>
         <input_file_ref idref="fl-fa"/>
      </object_component>
      <object_component id="oc-32b">
         <name>.text:__TI_cleanup</name>
         <load_address>0x2d14</load_address>
         <run_address>0x2d14</run_address>
         <size>0x34</size>
         <input_file_ref idref="fl-e5"/>
      </object_component>
      <object_component id="oc-3c7">
         <name>.text:__TI_readmsg</name>
         <load_address>0x2d48</load_address>
         <run_address>0x2d48</run_address>
         <size>0x34</size>
         <input_file_ref idref="fl-f3"/>
      </object_component>
      <object_component id="oc-55">
         <name>.text:_c_int00_noargs:_c_int00_noargs</name>
         <load_address>0x2d7c</load_address>
         <run_address>0x2d7c</run_address>
         <size>0x34</size>
         <input_file_ref idref="fl-de"/>
      </object_component>
      <object_component id="oc-410">
         <name>.text:finddevice</name>
         <load_address>0x2db0</load_address>
         <run_address>0x2db0</run_address>
         <size>0x30</size>
         <input_file_ref idref="fl-f7"/>
      </object_component>
      <object_component id="oc-233">
         <name>.text</name>
         <load_address>0x2de0</load_address>
         <run_address>0x2de0</run_address>
         <size>0x2e</size>
         <input_file_ref idref="fl-cd"/>
      </object_component>
      <object_component id="oc-3b6">
         <name>.text:unlink</name>
         <load_address>0x2e10</load_address>
         <run_address>0x2e10</run_address>
         <size>0x2c</size>
         <input_file_ref idref="fl-fd"/>
      </object_component>
      <object_component id="oc-35a">
         <name>.text:free_list_insert</name>
         <load_address>0x2e3c</load_address>
         <run_address>0x2e3c</run_address>
         <size>0x28</size>
         <input_file_ref idref="fl-db"/>
      </object_component>
      <object_component id="oc-317">
         <name>.text:lseek</name>
         <load_address>0x2e64</load_address>
         <run_address>0x2e64</run_address>
         <size>0x28</size>
         <input_file_ref idref="fl-f5"/>
      </object_component>
      <object_component id="oc-29c">
         <name>.text:write</name>
         <load_address>0x2e8c</load_address>
         <run_address>0x2e8c</run_address>
         <size>0x28</size>
         <input_file_ref idref="fl-df"/>
      </object_component>
      <object_component id="oc-290">
         <name>.text:memchr</name>
         <load_address>0x2eb4</load_address>
         <run_address>0x2eb4</run_address>
         <size>0x20</size>
         <input_file_ref idref="fl-da"/>
      </object_component>
      <object_component id="oc-b0">
         <name>.text</name>
         <load_address>0x2ed4</load_address>
         <run_address>0x2ed4</run_address>
         <size>0x20</size>
         <input_file_ref idref="fl-cf"/>
      </object_component>
      <object_component id="oc-43">
         <name>.text:decompress:ZI:__TI_zero_init_nomemset:__TI_zero_init_nomemset</name>
         <load_address>0x2ef4</load_address>
         <run_address>0x2ef4</run_address>
         <size>0x1c</size>
         <input_file_ref idref="fl-d0"/>
      </object_component>
      <object_component id="oc-354">
         <name>.text:free_list_remove</name>
         <load_address>0x2f10</load_address>
         <run_address>0x2f10</run_address>
         <size>0x1c</size>
         <input_file_ref idref="fl-db"/>
      </object_component>
      <object_component id="oc-1b1">
         <name>.text:memccpy</name>
         <load_address>0x2f2c</load_address>
         <run_address>0x2f2c</run_address>
         <size>0x1c</size>
         <input_file_ref idref="fl-d9"/>
      </object_component>
      <object_component id="oc-2cf">
         <name>.text:copysign</name>
         <load_address>0x2f48</load_address>
         <run_address>0x2f48</run_address>
         <size>0x1a</size>
         <input_file_ref idref="fl-e3"/>
      </object_component>
      <object_component id="oc-427">
         <name>.text:strcmp</name>
         <load_address>0x2f62</load_address>
         <run_address>0x2f62</run_address>
         <size>0x18</size>
         <input_file_ref idref="fl-f8"/>
      </object_component>
      <object_component id="oc-25f">
         <name>.text:strchr</name>
         <load_address>0x2f7a</load_address>
         <run_address>0x2f7a</run_address>
         <size>0x16</size>
         <input_file_ref idref="fl-dc"/>
      </object_component>
      <object_component id="oc-3db">
         <name>.text:strcpy</name>
         <load_address>0x2f90</load_address>
         <run_address>0x2f90</run_address>
         <size>0x14</size>
         <input_file_ref idref="fl-f9"/>
      </object_component>
      <object_component id="oc-182">
         <name>.text:strlen</name>
         <load_address>0x2fa4</load_address>
         <run_address>0x2fa4</run_address>
         <size>0x14</size>
         <input_file_ref idref="fl-dd"/>
      </object_component>
      <object_component id="oc-1b7">
         <name>.text:wcslen</name>
         <load_address>0x2fb8</load_address>
         <run_address>0x2fb8</run_address>
         <size>0x12</size>
         <input_file_ref idref="fl-e2"/>
      </object_component>
      <object_component id="oc-1a">
         <name>.text:decompress:none:__TI_decompress_none</name>
         <load_address>0x2fca</load_address>
         <run_address>0x2fca</run_address>
         <size>0xe</size>
         <input_file_ref idref="fl-d1"/>
      </object_component>
      <object_component id="oc-67">
         <name>.text</name>
         <load_address>0x2fd8</load_address>
         <run_address>0x2fd8</run_address>
         <size>0xe</size>
         <input_file_ref idref="fl-3"/>
      </object_component>
      <object_component id="oc-1bd">
         <name>.text:__aeabi_errno_addr</name>
         <load_address>0x2fe8</load_address>
         <run_address>0x2fe8</run_address>
         <size>0x8</size>
         <input_file_ref idref="fl-e1"/>
      </object_component>
      <object_component id="oc-325">
         <name>.text:malloc</name>
         <load_address>0x2ff0</load_address>
         <run_address>0x2ff0</run_address>
         <size>0x8</size>
         <input_file_ref idref="fl-db"/>
      </object_component>
      <object_component id="oc-14e">
         <name>.text:_outc</name>
         <load_address>0x2ff8</load_address>
         <run_address>0x2ff8</run_address>
         <size>0x4</size>
         <input_file_ref idref="fl-be"/>
      </object_component>
      <object_component id="oc-148">
         <name>.text:_outs</name>
         <load_address>0x2ffc</load_address>
         <run_address>0x2ffc</run_address>
         <size>0x4</size>
         <input_file_ref idref="fl-be"/>
      </object_component>
      <object_component id="oc-97">
         <name>.text:_system_pre_init</name>
         <load_address>0x3000</load_address>
         <run_address>0x3000</run_address>
         <size>0x4</size>
         <input_file_ref idref="fl-e9"/>
      </object_component>
      <object_component id="oc-f1">
         <name>.text:abort:abort</name>
         <load_address>0x3004</load_address>
         <run_address>0x3004</run_address>
         <size>0x4</size>
         <input_file_ref idref="fl-d3"/>
      </object_component>
      <object_component id="oc-217">
         <name>.const:.string:_ctypes_</name>
         <load_address>0x3008</load_address>
         <run_address>0x3008</run_address>
         <size>0x101</size>
         <input_file_ref idref="fl-d6"/>
      </object_component>
      <object_component id="oc-465">
         <name>.cinit..data.load</name>
         <load_address>0x3110</load_address>
         <run_address>0x3110</run_address>
         <size>0x6a</size>
      </object_component>
      <object_component id="oc-463">
         <name>__TI_handler_table</name>
         <load_address>0x317c</load_address>
         <run_address>0x317c</run_address>
         <size>0xc</size>
      </object_component>
      <object_component id="oc-466">
         <name>.cinit..bss.load</name>
         <load_address>0x3188</load_address>
         <run_address>0x3188</run_address>
         <size>0x8</size>
      </object_component>
      <object_component id="oc-464">
         <name>__TI_cinit_table</name>
         <load_address>0x3190</load_address>
         <run_address>0x3190</run_address>
         <size>0x10</size>
      </object_component>
      <object_component id="oc-438">
         <name>.binit</name>
         <load_address>0x0</load_address>
         <run_address>0x0</run_address>
         <size>0x0</size>
      </object_component>
      <object_component id="oc-ca">
         <name>.data</name>
         <load_address>0x200005e4</load_address>
         <run_address>0x200005e4</run_address>
         <size>0x4</size>
         <input_file_ref idref="fl-2"/>
      </object_component>
      <object_component id="oc-12f">
         <name>.data</name>
         <load_address>0x200005ec</load_address>
         <run_address>0x200005ec</run_address>
         <size>0x4</size>
         <input_file_ref idref="fl-4"/>
      </object_component>
      <object_component id="oc-164">
         <name>.data:$O1$$</name>
         <load_address>0x200005c8</load_address>
         <run_address>0x200005c8</run_address>
         <size>0xc</size>
         <input_file_ref idref="fl-d3"/>
      </object_component>
      <object_component id="oc-142">
         <name>.data:$O1$$</name>
         <load_address>0x200005d4</load_address>
         <run_address>0x200005d4</run_address>
         <size>0x8</size>
         <input_file_ref idref="fl-d4"/>
      </object_component>
      <object_component id="oc-145">
         <name>.data:_ftable</name>
         <load_address>0x20000400</load_address>
         <run_address>0x20000400</run_address>
         <size>0xf0</size>
         <input_file_ref idref="fl-d7"/>
      </object_component>
      <object_component id="oc-36e">
         <name>.data</name>
         <load_address>0x200005b8</load_address>
         <run_address>0x200005b8</run_address>
         <size>0x10</size>
         <input_file_ref idref="fl-d7"/>
      </object_component>
      <object_component id="oc-3a4">
         <name>.data:$O1$$</name>
         <load_address>0x200005dc</load_address>
         <run_address>0x200005dc</run_address>
         <size>0x8</size>
         <input_file_ref idref="fl-db"/>
      </object_component>
      <object_component id="oc-33e">
         <name>.data:_device</name>
         <load_address>0x200004f0</load_address>
         <run_address>0x200004f0</run_address>
         <size>0x78</size>
         <input_file_ref idref="fl-e0"/>
      </object_component>
      <object_component id="oc-2fd">
         <name>.data:_stream</name>
         <load_address>0x20000568</load_address>
         <run_address>0x20000568</run_address>
         <size>0x50</size>
         <input_file_ref idref="fl-e0"/>
      </object_component>
      <object_component id="oc-26f">
         <name>.data</name>
         <load_address>0x200005e8</load_address>
         <run_address>0x200005e8</run_address>
         <size>0x4</size>
         <input_file_ref idref="fl-e1"/>
      </object_component>
      <object_component id="oc-3f2">
         <name>.bss:_CIOBUF_</name>
         <uninitialized>true</uninitialized>
         <run_address>0x200005f0</run_address>
         <size>0x120</size>
         <input_file_ref idref="fl-f3"/>
      </object_component>
      <object_component id="oc-3bc">
         <name>.common:__TI_tmpnams</name>
         <uninitialized>true</uninitialized>
         <run_address>0x20000710</run_address>
         <size>0xa0</size>
      </object_component>
      <object_component id="oc-3cd">
         <name>.common:parmbuf</name>
         <uninitialized>true</uninitialized>
         <run_address>0x200007b0</run_address>
         <size>0x8</size>
      </object_component>
      <object_component id="oc-26">
         <name>.sysmem</name>
         <uninitialized>true</uninitialized>
         <run_address>0x20000000</run_address>
         <size>0x10</size>
         <input_file_ref idref="fl-db"/>
      </object_component>
      <object_component id="oc-468">
         <name>.sysmem</name>
         <uninitialized>true</uninitialized>
         <run_address>0x20000000</run_address>
         <size>0x0</size>
      </object_component>
      <object_component id="oc-29">
         <name>.stack</name>
         <uninitialized>true</uninitialized>
         <run_address>0x2000fe00</run_address>
         <size>0x4</size>
         <input_file_ref idref="fl-de"/>
      </object_component>
      <object_component id="oc-467">
         <name>.stack</name>
         <uninitialized>true</uninitialized>
         <run_address>0x2000fe00</run_address>
         <size>0x0</size>
      </object_component>
      <object_component id="oc-15d">
         <name>.debug_info</name>
         <load_address>0x0</load_address>
         <run_address>0x0</run_address>
         <size>0x581</size>
         <input_file_ref idref="fl-2"/>
      </object_component>
      <object_component id="oc-cb">
         <name>.debug_info</name>
         <load_address>0x581</load_address>
         <run_address>0x581</run_address>
         <size>0xe4</size>
         <input_file_ref idref="fl-2"/>
      </object_component>
      <object_component id="oc-70">
         <name>.debug_info</name>
         <load_address>0x665</load_address>
         <run_address>0x665</run_address>
         <size>0x33a</size>
         <input_file_ref idref="fl-2"/>
      </object_component>
      <object_component id="oc-1f4">
         <name>.debug_info</name>
         <load_address>0x99f</load_address>
         <run_address>0x99f</run_address>
         <size>0x37e2</size>
         <input_file_ref idref="fl-2"/>
      </object_component>
      <object_component id="oc-1f9">
         <name>.debug_info</name>
         <load_address>0x4181</load_address>
         <run_address>0x4181</run_address>
         <size>0x1055</size>
         <input_file_ref idref="fl-2"/>
      </object_component>
      <object_component id="oc-d0">
         <name>.debug_info</name>
         <load_address>0x51d6</load_address>
         <run_address>0x51d6</run_address>
         <size>0x26b</size>
         <input_file_ref idref="fl-2"/>
      </object_component>
      <object_component id="oc-32">
         <name>.debug_info</name>
         <load_address>0x5441</load_address>
         <run_address>0x5441</run_address>
         <size>0x84</size>
         <input_file_ref idref="fl-2"/>
      </object_component>
      <object_component id="oc-15e">
         <name>.debug_info</name>
         <load_address>0x54c5</load_address>
         <run_address>0x54c5</run_address>
         <size>0x2a4</size>
         <input_file_ref idref="fl-2"/>
      </object_component>
      <object_component id="oc-133">
         <name>.debug_info</name>
         <load_address>0x5769</load_address>
         <run_address>0x5769</run_address>
         <size>0xbb</size>
         <input_file_ref idref="fl-2"/>
      </object_component>
      <object_component id="oc-156">
         <name>.debug_info</name>
         <load_address>0x5824</load_address>
         <run_address>0x5824</run_address>
         <size>0x2c</size>
         <input_file_ref idref="fl-2"/>
      </object_component>
      <object_component id="oc-75">
         <name>.debug_info</name>
         <load_address>0x5850</load_address>
         <run_address>0x5850</run_address>
         <size>0x2de</size>
         <input_file_ref idref="fl-3"/>
      </object_component>
      <object_component id="oc-24">
         <name>.debug_info</name>
         <load_address>0x5b2e</load_address>
         <run_address>0x5b2e</run_address>
         <size>0x10a</size>
         <input_file_ref idref="fl-3"/>
      </object_component>
      <object_component id="oc-69">
         <name>.debug_info</name>
         <load_address>0x5c38</load_address>
         <run_address>0x5c38</run_address>
         <size>0x1d1</size>
         <input_file_ref idref="fl-3"/>
      </object_component>
      <object_component id="oc-130">
         <name>.debug_info</name>
         <load_address>0x5e09</load_address>
         <run_address>0x5e09</run_address>
         <size>0x103</size>
         <input_file_ref idref="fl-4"/>
      </object_component>
      <object_component id="oc-ac">
         <name>.debug_info</name>
         <load_address>0x5f0c</load_address>
         <run_address>0x5f0c</run_address>
         <size>0x275</size>
         <input_file_ref idref="fl-4"/>
      </object_component>
      <object_component id="oc-155">
         <name>.debug_info</name>
         <load_address>0x6181</load_address>
         <run_address>0x6181</run_address>
         <size>0x3e6</size>
         <input_file_ref idref="fl-be"/>
      </object_component>
      <object_component id="oc-150">
         <name>.debug_info</name>
         <load_address>0x6567</load_address>
         <run_address>0x6567</run_address>
         <size>0x158</size>
         <input_file_ref idref="fl-be"/>
      </object_component>
      <object_component id="oc-14a">
         <name>.debug_info</name>
         <load_address>0x66bf</load_address>
         <run_address>0x66bf</run_address>
         <size>0x167</size>
         <input_file_ref idref="fl-be"/>
      </object_component>
      <object_component id="oc-c7">
         <name>.debug_info</name>
         <load_address>0x6826</load_address>
         <run_address>0x6826</run_address>
         <size>0x1ad</size>
         <input_file_ref idref="fl-be"/>
      </object_component>
      <object_component id="oc-1ed">
         <name>.debug_info</name>
         <load_address>0x69d3</load_address>
         <run_address>0x69d3</run_address>
         <size>0xb2</size>
         <input_file_ref idref="fl-be"/>
      </object_component>
      <object_component id="oc-1c4">
         <name>.debug_info</name>
         <load_address>0x6a85</load_address>
         <run_address>0x6a85</run_address>
         <size>0x57c</size>
         <input_file_ref idref="fl-bf"/>
      </object_component>
      <object_component id="oc-190">
         <name>.debug_info</name>
         <load_address>0x7001</load_address>
         <run_address>0x7001</run_address>
         <size>0x21f</size>
         <input_file_ref idref="fl-bf"/>
      </object_component>
      <object_component id="oc-239">
         <name>.debug_info</name>
         <load_address>0x7220</load_address>
         <run_address>0x7220</run_address>
         <size>0x1b4</size>
         <input_file_ref idref="fl-bf"/>
      </object_component>
      <object_component id="oc-240">
         <name>.debug_info</name>
         <load_address>0x73d4</load_address>
         <run_address>0x73d4</run_address>
         <size>0x21c</size>
         <input_file_ref idref="fl-bf"/>
      </object_component>
      <object_component id="oc-19b">
         <name>.debug_info</name>
         <load_address>0x75f0</load_address>
         <run_address>0x75f0</run_address>
         <size>0x3bc</size>
         <input_file_ref idref="fl-bf"/>
      </object_component>
      <object_component id="oc-247">
         <name>.debug_info</name>
         <load_address>0x79ac</load_address>
         <run_address>0x79ac</run_address>
         <size>0x306</size>
         <input_file_ref idref="fl-bf"/>
      </object_component>
      <object_component id="oc-24d">
         <name>.debug_info</name>
         <load_address>0x7cb2</load_address>
         <run_address>0x7cb2</run_address>
         <size>0x216</size>
         <input_file_ref idref="fl-bf"/>
      </object_component>
      <object_component id="oc-1a1">
         <name>.debug_info</name>
         <load_address>0x7ec8</load_address>
         <run_address>0x7ec8</run_address>
         <size>0x216</size>
         <input_file_ref idref="fl-bf"/>
      </object_component>
      <object_component id="oc-1a7">
         <name>.debug_info</name>
         <load_address>0x80de</load_address>
         <run_address>0x80de</run_address>
         <size>0x305</size>
         <input_file_ref idref="fl-bf"/>
      </object_component>
      <object_component id="oc-1ad">
         <name>.debug_info</name>
         <load_address>0x83e3</load_address>
         <run_address>0x83e3</run_address>
         <size>0x4b1</size>
         <input_file_ref idref="fl-bf"/>
      </object_component>
      <object_component id="oc-13d">
         <name>.debug_info</name>
         <load_address>0x8894</load_address>
         <run_address>0x8894</run_address>
         <size>0x5f5</size>
         <input_file_ref idref="fl-bf"/>
      </object_component>
      <object_component id="oc-1c5">
         <name>.debug_info</name>
         <load_address>0x8e89</load_address>
         <run_address>0x8e89</run_address>
         <size>0x86</size>
         <input_file_ref idref="fl-bf"/>
      </object_component>
      <object_component id="oc-27b">
         <name>.debug_info</name>
         <load_address>0x8f0f</load_address>
         <run_address>0x8f0f</run_address>
         <size>0x39</size>
         <input_file_ref idref="fl-bf"/>
      </object_component>
      <object_component id="oc-2e6">
         <name>.debug_info</name>
         <load_address>0x8f48</load_address>
         <run_address>0x8f48</run_address>
         <size>0xb6</size>
         <input_file_ref idref="fl-bf"/>
      </object_component>
      <object_component id="oc-280">
         <name>.debug_info</name>
         <load_address>0x8ffe</load_address>
         <run_address>0x8ffe</run_address>
         <size>0x46</size>
         <input_file_ref idref="fl-bf"/>
      </object_component>
      <object_component id="oc-1ca">
         <name>.debug_info</name>
         <load_address>0x9044</load_address>
         <run_address>0x9044</run_address>
         <size>0x46</size>
         <input_file_ref idref="fl-bf"/>
      </object_component>
      <object_component id="oc-276">
         <name>.debug_info</name>
         <load_address>0x908a</load_address>
         <run_address>0x908a</run_address>
         <size>0x2c</size>
         <input_file_ref idref="fl-bf"/>
      </object_component>
      <object_component id="oc-2a5">
         <name>.debug_info</name>
         <load_address>0x90b6</load_address>
         <run_address>0x90b6</run_address>
         <size>0x384</size>
         <input_file_ref idref="fl-c0"/>
      </object_component>
      <object_component id="oc-1e6">
         <name>.debug_info</name>
         <load_address>0x943a</load_address>
         <run_address>0x943a</run_address>
         <size>0x1eb</size>
         <input_file_ref idref="fl-c0"/>
      </object_component>
      <object_component id="oc-2a3">
         <name>.debug_info</name>
         <load_address>0x9625</load_address>
         <run_address>0x9625</run_address>
         <size>0x3fd</size>
         <input_file_ref idref="fl-c1"/>
      </object_component>
      <object_component id="oc-1de">
         <name>.debug_info</name>
         <load_address>0x9a22</load_address>
         <run_address>0x9a22</run_address>
         <size>0x2e3</size>
         <input_file_ref idref="fl-c1"/>
      </object_component>
      <object_component id="oc-e8">
         <name>.debug_info</name>
         <load_address>0x9d05</load_address>
         <run_address>0x9d05</run_address>
         <size>0x2c</size>
         <input_file_ref idref="fl-c1"/>
      </object_component>
      <object_component id="oc-2f8">
         <name>.debug_info</name>
         <load_address>0x9d31</load_address>
         <run_address>0x9d31</run_address>
         <size>0x301</size>
         <input_file_ref idref="fl-c2"/>
      </object_component>
      <object_component id="oc-28b">
         <name>.debug_info</name>
         <load_address>0xa032</load_address>
         <run_address>0xa032</run_address>
         <size>0x19d</size>
         <input_file_ref idref="fl-c2"/>
      </object_component>
      <object_component id="oc-333">
         <name>.debug_info</name>
         <load_address>0xa1cf</load_address>
         <run_address>0xa1cf</run_address>
         <size>0xbf</size>
         <input_file_ref idref="fl-c2"/>
      </object_component>
      <object_component id="oc-332">
         <name>.debug_info</name>
         <load_address>0xa28e</load_address>
         <run_address>0xa28e</run_address>
         <size>0x375</size>
         <input_file_ref idref="fl-c3"/>
      </object_component>
      <object_component id="oc-2f5">
         <name>.debug_info</name>
         <load_address>0xa603</load_address>
         <run_address>0xa603</run_address>
         <size>0x20c</size>
         <input_file_ref idref="fl-c3"/>
      </object_component>
      <object_component id="oc-2c9">
         <name>.debug_info</name>
         <load_address>0xa80f</load_address>
         <run_address>0xa80f</run_address>
         <size>0x29b</size>
         <input_file_ref idref="fl-c4"/>
      </object_component>
      <object_component id="oc-254">
         <name>.debug_info</name>
         <load_address>0xaaaa</load_address>
         <run_address>0xaaaa</run_address>
         <size>0x196</size>
         <input_file_ref idref="fl-c4"/>
      </object_component>
      <object_component id="oc-30d">
         <name>.debug_info</name>
         <load_address>0xac40</load_address>
         <run_address>0xac40</run_address>
         <size>0x39</size>
         <input_file_ref idref="fl-c4"/>
      </object_component>
      <object_component id="oc-2ca">
         <name>.debug_info</name>
         <load_address>0xac79</load_address>
         <run_address>0xac79</run_address>
         <size>0x2c</size>
         <input_file_ref idref="fl-c4"/>
      </object_component>
      <object_component id="oc-2d6">
         <name>.debug_info</name>
         <load_address>0xaca5</load_address>
         <run_address>0xaca5</run_address>
         <size>0x2fe</size>
         <input_file_ref idref="fl-c5"/>
      </object_component>
      <object_component id="oc-25a">
         <name>.debug_info</name>
         <load_address>0xafa3</load_address>
         <run_address>0xafa3</run_address>
         <size>0x226</size>
         <input_file_ref idref="fl-c5"/>
      </object_component>
      <object_component id="oc-21d">
         <name>.debug_info</name>
         <load_address>0xb1c9</load_address>
         <run_address>0xb1c9</run_address>
         <size>0x135</size>
         <input_file_ref idref="fl-c6"/>
      </object_component>
      <object_component id="oc-92">
         <name>.debug_info</name>
         <load_address>0xb2fe</load_address>
         <run_address>0xb2fe</run_address>
         <size>0x148</size>
         <input_file_ref idref="fl-c7"/>
      </object_component>
      <object_component id="oc-bb">
         <name>.debug_info</name>
         <load_address>0xb446</load_address>
         <run_address>0xb446</run_address>
         <size>0x14d</size>
         <input_file_ref idref="fl-c8"/>
      </object_component>
      <object_component id="oc-196">
         <name>.debug_info</name>
         <load_address>0xb593</load_address>
         <run_address>0xb593</run_address>
         <size>0x129</size>
         <input_file_ref idref="fl-c9"/>
      </object_component>
      <object_component id="oc-225">
         <name>.debug_info</name>
         <load_address>0xb6bc</load_address>
         <run_address>0xb6bc</run_address>
         <size>0x12b</size>
         <input_file_ref idref="fl-c9"/>
      </object_component>
      <object_component id="oc-c2">
         <name>.debug_info</name>
         <load_address>0xb7e7</load_address>
         <run_address>0xb7e7</run_address>
         <size>0x13b</size>
         <input_file_ref idref="fl-ca"/>
      </object_component>
      <object_component id="oc-b7">
         <name>.debug_info</name>
         <load_address>0xb922</load_address>
         <run_address>0xb922</run_address>
         <size>0x13b</size>
         <input_file_ref idref="fl-cb"/>
      </object_component>
      <object_component id="oc-22a">
         <name>.debug_info</name>
         <load_address>0xba5d</load_address>
         <run_address>0xba5d</run_address>
         <size>0x12f</size>
         <input_file_ref idref="fl-cc"/>
      </object_component>
      <object_component id="oc-234">
         <name>.debug_info</name>
         <load_address>0xbb8c</load_address>
         <run_address>0xbb8c</run_address>
         <size>0x12d</size>
         <input_file_ref idref="fl-cd"/>
      </object_component>
      <object_component id="oc-3a">
         <name>.debug_info</name>
         <load_address>0xbcb9</load_address>
         <run_address>0xbcb9</run_address>
         <size>0x11a</size>
         <input_file_ref idref="fl-ce"/>
      </object_component>
      <object_component id="oc-b3">
         <name>.debug_info</name>
         <load_address>0xbdd3</load_address>
         <run_address>0xbdd3</run_address>
         <size>0x12f</size>
         <input_file_ref idref="fl-cf"/>
      </object_component>
      <object_component id="oc-90">
         <name>.debug_info</name>
         <load_address>0xbf02</load_address>
         <run_address>0xbf02</run_address>
         <size>0x2d5</size>
         <input_file_ref idref="fl-d0"/>
      </object_component>
      <object_component id="oc-44">
         <name>.debug_info</name>
         <load_address>0xc1d7</load_address>
         <run_address>0xc1d7</run_address>
         <size>0x1d3</size>
         <input_file_ref idref="fl-d0"/>
      </object_component>
      <object_component id="oc-8b">
         <name>.debug_info</name>
         <load_address>0xc3aa</load_address>
         <run_address>0xc3aa</run_address>
         <size>0x46</size>
         <input_file_ref idref="fl-d0"/>
      </object_component>
      <object_component id="oc-42">
         <name>.debug_info</name>
         <load_address>0xc3f0</load_address>
         <run_address>0xc3f0</run_address>
         <size>0x2a9</size>
         <input_file_ref idref="fl-d1"/>
      </object_component>
      <object_component id="oc-1d">
         <name>.debug_info</name>
         <load_address>0xc699</load_address>
         <run_address>0xc699</run_address>
         <size>0x1eb</size>
         <input_file_ref idref="fl-d1"/>
      </object_component>
      <object_component id="oc-3d">
         <name>.debug_info</name>
         <load_address>0xc884</load_address>
         <run_address>0xc884</run_address>
         <size>0x46</size>
         <input_file_ref idref="fl-d1"/>
      </object_component>
      <object_component id="oc-83">
         <name>.debug_info</name>
         <load_address>0xc8ca</load_address>
         <run_address>0xc8ca</run_address>
         <size>0x2c</size>
         <input_file_ref idref="fl-d1"/>
      </object_component>
      <object_component id="oc-81">
         <name>.debug_info</name>
         <load_address>0xc8f6</load_address>
         <run_address>0xc8f6</run_address>
         <size>0x29f</size>
         <input_file_ref idref="fl-d2"/>
      </object_component>
      <object_component id="oc-18">
         <name>.debug_info</name>
         <load_address>0xcb95</load_address>
         <run_address>0xcb95</run_address>
         <size>0x251</size>
         <input_file_ref idref="fl-d2"/>
      </object_component>
      <object_component id="oc-2d">
         <name>.debug_info</name>
         <load_address>0xcde6</load_address>
         <run_address>0xcde6</run_address>
         <size>0x60</size>
         <input_file_ref idref="fl-d2"/>
      </object_component>
      <object_component id="oc-e1">
         <name>.debug_info</name>
         <load_address>0xce46</load_address>
         <run_address>0xce46</run_address>
         <size>0x46</size>
         <input_file_ref idref="fl-d2"/>
      </object_component>
      <object_component id="oc-7c">
         <name>.debug_info</name>
         <load_address>0xce8c</load_address>
         <run_address>0xce8c</run_address>
         <size>0x39</size>
         <input_file_ref idref="fl-d2"/>
      </object_component>
      <object_component id="oc-168">
         <name>.debug_info</name>
         <load_address>0xcec5</load_address>
         <run_address>0xcec5</run_address>
         <size>0x3ae</size>
         <input_file_ref idref="fl-d3"/>
      </object_component>
      <object_component id="oc-165">
         <name>.debug_info</name>
         <load_address>0xd273</load_address>
         <run_address>0xd273</run_address>
         <size>0x191</size>
         <input_file_ref idref="fl-d3"/>
      </object_component>
      <object_component id="oc-f2">
         <name>.debug_info</name>
         <load_address>0xd404</load_address>
         <run_address>0xd404</run_address>
         <size>0x123</size>
         <input_file_ref idref="fl-d3"/>
      </object_component>
      <object_component id="oc-f8">
         <name>.debug_info</name>
         <load_address>0xd527</load_address>
         <run_address>0xd527</run_address>
         <size>0x185</size>
         <input_file_ref idref="fl-d3"/>
      </object_component>
      <object_component id="oc-1d7">
         <name>.debug_info</name>
         <load_address>0xd6ac</load_address>
         <run_address>0xd6ac</run_address>
         <size>0x2ca</size>
         <input_file_ref idref="fl-d4"/>
      </object_component>
      <object_component id="oc-143">
         <name>.debug_info</name>
         <load_address>0xd976</load_address>
         <run_address>0xd976</run_address>
         <size>0x11f</size>
         <input_file_ref idref="fl-d4"/>
      </object_component>
      <object_component id="oc-1d3">
         <name>.debug_info</name>
         <load_address>0xda95</load_address>
         <run_address>0xda95</run_address>
         <size>0x12f</size>
         <input_file_ref idref="fl-d4"/>
      </object_component>
      <object_component id="oc-21b">
         <name>.debug_info</name>
         <load_address>0xdbc4</load_address>
         <run_address>0xdbc4</run_address>
         <size>0x2ba</size>
         <input_file_ref idref="fl-d5"/>
      </object_component>
      <object_component id="oc-18c">
         <name>.debug_info</name>
         <load_address>0xde7e</load_address>
         <run_address>0xde7e</run_address>
         <size>0x17d</size>
         <input_file_ref idref="fl-d5"/>
      </object_component>
      <object_component id="oc-2b6">
         <name>.debug_info</name>
         <load_address>0xdffb</load_address>
         <run_address>0xdffb</run_address>
         <size>0xfa</size>
         <input_file_ref idref="fl-d6"/>
      </object_component>
      <object_component id="oc-218">
         <name>.debug_info</name>
         <load_address>0xe0f5</load_address>
         <run_address>0xe0f5</run_address>
         <size>0x106</size>
         <input_file_ref idref="fl-d6"/>
      </object_component>
      <object_component id="oc-1db">
         <name>.debug_info</name>
         <load_address>0xe1fb</load_address>
         <run_address>0xe1fb</run_address>
         <size>0x145</size>
         <input_file_ref idref="fl-d7"/>
      </object_component>
      <object_component id="oc-146">
         <name>.debug_info</name>
         <load_address>0xe340</load_address>
         <run_address>0xe340</run_address>
         <size>0x103</size>
         <input_file_ref idref="fl-d7"/>
      </object_component>
      <object_component id="oc-36f">
         <name>.debug_info</name>
         <load_address>0xe443</load_address>
         <run_address>0xe443</run_address>
         <size>0x190</size>
         <input_file_ref idref="fl-d7"/>
      </object_component>
      <object_component id="oc-2c2">
         <name>.debug_info</name>
         <load_address>0xe5d3</load_address>
         <run_address>0xe5d3</run_address>
         <size>0x29c</size>
         <input_file_ref idref="fl-d8"/>
      </object_component>
      <object_component id="oc-22f">
         <name>.debug_info</name>
         <load_address>0xe86f</load_address>
         <run_address>0xe86f</run_address>
         <size>0x1ce</size>
         <input_file_ref idref="fl-d8"/>
      </object_component>
      <object_component id="oc-267">
         <name>.debug_info</name>
         <load_address>0xea3d</load_address>
         <run_address>0xea3d</run_address>
         <size>0x297</size>
         <input_file_ref idref="fl-d9"/>
      </object_component>
      <object_component id="oc-1b3">
         <name>.debug_info</name>
         <load_address>0xecd4</load_address>
         <run_address>0xecd4</run_address>
         <size>0x1b7</size>
         <input_file_ref idref="fl-d9"/>
      </object_component>
      <object_component id="oc-2fa">
         <name>.debug_info</name>
         <load_address>0xee8b</load_address>
         <run_address>0xee8b</run_address>
         <size>0x2a6</size>
         <input_file_ref idref="fl-da"/>
      </object_component>
      <object_component id="oc-291">
         <name>.debug_info</name>
         <load_address>0xf131</load_address>
         <run_address>0xf131</run_address>
         <size>0x25e</size>
         <input_file_ref idref="fl-da"/>
      </object_component>
      <object_component id="oc-78">
         <name>.debug_info</name>
         <load_address>0xf38f</load_address>
         <run_address>0xf38f</run_address>
         <size>0x3b3</size>
         <input_file_ref idref="fl-db"/>
      </object_component>
      <object_component id="oc-27">
         <name>.debug_info</name>
         <load_address>0xf742</load_address>
         <run_address>0xf742</run_address>
         <size>0x10d</size>
         <input_file_ref idref="fl-db"/>
      </object_component>
      <object_component id="oc-3a5">
         <name>.debug_info</name>
         <load_address>0xf84f</load_address>
         <run_address>0xf84f</run_address>
         <size>0x140</size>
         <input_file_ref idref="fl-db"/>
      </object_component>
      <object_component id="oc-327">
         <name>.debug_info</name>
         <load_address>0xf98f</load_address>
         <run_address>0xf98f</run_address>
         <size>0x169</size>
         <input_file_ref idref="fl-db"/>
      </object_component>
      <object_component id="oc-356">
         <name>.debug_info</name>
         <load_address>0xfaf8</load_address>
         <run_address>0xfaf8</run_address>
         <size>0x18f</size>
         <input_file_ref idref="fl-db"/>
      </object_component>
      <object_component id="oc-35c">
         <name>.debug_info</name>
         <load_address>0xfc87</load_address>
         <run_address>0xfc87</run_address>
         <size>0x1a0</size>
         <input_file_ref idref="fl-db"/>
      </object_component>
      <object_component id="oc-321">
         <name>.debug_info</name>
         <load_address>0xfe27</load_address>
         <run_address>0xfe27</run_address>
         <size>0x204</size>
         <input_file_ref idref="fl-db"/>
      </object_component>
      <object_component id="oc-3ab">
         <name>.debug_info</name>
         <load_address>0x1002b</load_address>
         <run_address>0x1002b</run_address>
         <size>0x1dc</size>
         <input_file_ref idref="fl-db"/>
      </object_component>
      <object_component id="oc-362">
         <name>.debug_info</name>
         <load_address>0x10207</load_address>
         <run_address>0x10207</run_address>
         <size>0x29a</size>
         <input_file_ref idref="fl-db"/>
      </object_component>
      <object_component id="oc-dc">
         <name>.debug_info</name>
         <load_address>0x104a1</load_address>
         <run_address>0x104a1</run_address>
         <size>0xb2</size>
         <input_file_ref idref="fl-db"/>
      </object_component>
      <object_component id="oc-d7">
         <name>.debug_info</name>
         <load_address>0x10553</load_address>
         <run_address>0x10553</run_address>
         <size>0x2c</size>
         <input_file_ref idref="fl-db"/>
      </object_component>
      <object_component id="oc-2d8">
         <name>.debug_info</name>
         <load_address>0x1057f</load_address>
         <run_address>0x1057f</run_address>
         <size>0x29b</size>
         <input_file_ref idref="fl-dc"/>
      </object_component>
      <object_component id="oc-262">
         <name>.debug_info</name>
         <load_address>0x1081a</load_address>
         <run_address>0x1081a</run_address>
         <size>0x263</size>
         <input_file_ref idref="fl-dc"/>
      </object_component>
      <object_component id="oc-216">
         <name>.debug_info</name>
         <load_address>0x10a7d</load_address>
         <run_address>0x10a7d</run_address>
         <size>0x290</size>
         <input_file_ref idref="fl-dd"/>
      </object_component>
      <object_component id="oc-185">
         <name>.debug_info</name>
         <load_address>0x10d0d</load_address>
         <run_address>0x10d0d</run_address>
         <size>0x246</size>
         <input_file_ref idref="fl-dd"/>
      </object_component>
      <object_component id="oc-2a">
         <name>.debug_info</name>
         <load_address>0x10f53</load_address>
         <run_address>0x10f53</run_address>
         <size>0x10c</size>
         <input_file_ref idref="fl-de"/>
      </object_component>
      <object_component id="oc-58">
         <name>.debug_info</name>
         <load_address>0x1105f</load_address>
         <run_address>0x1105f</run_address>
         <size>0x1aa</size>
         <input_file_ref idref="fl-de"/>
      </object_component>
      <object_component id="oc-301">
         <name>.debug_info</name>
         <load_address>0x11209</load_address>
         <run_address>0x11209</run_address>
         <size>0x398</size>
         <input_file_ref idref="fl-df"/>
      </object_component>
      <object_component id="oc-29e">
         <name>.debug_info</name>
         <load_address>0x115a1</load_address>
         <run_address>0x115a1</run_address>
         <size>0x190</size>
         <input_file_ref idref="fl-df"/>
      </object_component>
      <object_component id="oc-346">
         <name>.debug_info</name>
         <load_address>0x11731</load_address>
         <run_address>0x11731</run_address>
         <size>0x120</size>
         <input_file_ref idref="fl-df"/>
      </object_component>
      <object_component id="oc-34b">
         <name>.debug_info</name>
         <load_address>0x11851</load_address>
         <run_address>0x11851</run_address>
         <size>0x2c</size>
         <input_file_ref idref="fl-df"/>
      </object_component>
      <object_component id="oc-343">
         <name>.debug_info</name>
         <load_address>0x1187d</load_address>
         <run_address>0x1187d</run_address>
         <size>0x338</size>
         <input_file_ref idref="fl-e0"/>
      </object_component>
      <object_component id="oc-33f">
         <name>.debug_info</name>
         <load_address>0x11bb5</load_address>
         <run_address>0x11bb5</run_address>
         <size>0x10a</size>
         <input_file_ref idref="fl-e0"/>
      </object_component>
      <object_component id="oc-2fe">
         <name>.debug_info</name>
         <load_address>0x11cbf</load_address>
         <run_address>0x11cbf</run_address>
         <size>0x10a</size>
         <input_file_ref idref="fl-e0"/>
      </object_component>
      <object_component id="oc-273">
         <name>.debug_info</name>
         <load_address>0x11dc9</load_address>
         <run_address>0x11dc9</run_address>
         <size>0x28a</size>
         <input_file_ref idref="fl-e1"/>
      </object_component>
      <object_component id="oc-270">
         <name>.debug_info</name>
         <load_address>0x12053</load_address>
         <run_address>0x12053</run_address>
         <size>0x10f</size>
         <input_file_ref idref="fl-e1"/>
      </object_component>
      <object_component id="oc-1c0">
         <name>.debug_info</name>
         <load_address>0x12162</load_address>
         <run_address>0x12162</run_address>
         <size>0x14f</size>
         <input_file_ref idref="fl-e1"/>
      </object_component>
      <object_component id="oc-26e">
         <name>.debug_info</name>
         <load_address>0x122b1</load_address>
         <run_address>0x122b1</run_address>
         <size>0x290</size>
         <input_file_ref idref="fl-e2"/>
      </object_component>
      <object_component id="oc-1ba">
         <name>.debug_info</name>
         <load_address>0x12541</load_address>
         <run_address>0x12541</run_address>
         <size>0x15b</size>
         <input_file_ref idref="fl-e2"/>
      </object_component>
      <object_component id="oc-2db">
         <name>.debug_info</name>
         <load_address>0x1269c</load_address>
         <run_address>0x1269c</run_address>
         <size>0x46</size>
         <input_file_ref idref="fl-e2"/>
      </object_component>
      <object_component id="oc-269">
         <name>.debug_info</name>
         <load_address>0x126e2</load_address>
         <run_address>0x126e2</run_address>
         <size>0x39</size>
         <input_file_ref idref="fl-e2"/>
      </object_component>
      <object_component id="oc-2d0">
         <name>.debug_info</name>
         <load_address>0x1271b</load_address>
         <run_address>0x1271b</run_address>
         <size>0x162</size>
         <input_file_ref idref="fl-e3"/>
      </object_component>
      <object_component id="oc-2fc">
         <name>.debug_info</name>
         <load_address>0x1287d</load_address>
         <run_address>0x1287d</run_address>
         <size>0x348</size>
         <input_file_ref idref="fl-e4"/>
      </object_component>
      <object_component id="oc-298">
         <name>.debug_info</name>
         <load_address>0x12bc5</load_address>
         <run_address>0x12bc5</run_address>
         <size>0x18b</size>
         <input_file_ref idref="fl-e4"/>
      </object_component>
      <object_component id="oc-32c">
         <name>.debug_info</name>
         <load_address>0x12d50</load_address>
         <run_address>0x12d50</run_address>
         <size>0x177</size>
         <input_file_ref idref="fl-e5"/>
      </object_component>
      <object_component id="oc-31e">
         <name>.debug_info</name>
         <load_address>0x12ec7</load_address>
         <run_address>0x12ec7</run_address>
         <size>0x325</size>
         <input_file_ref idref="fl-e6"/>
      </object_component>
      <object_component id="oc-2ee">
         <name>.debug_info</name>
         <load_address>0x131ec</load_address>
         <run_address>0x131ec</run_address>
         <size>0x1ed</size>
         <input_file_ref idref="fl-e6"/>
      </object_component>
      <object_component id="oc-2bb">
         <name>.debug_info</name>
         <load_address>0x133d9</load_address>
         <run_address>0x133d9</run_address>
         <size>0x116</size>
         <input_file_ref idref="fl-e7"/>
      </object_component>
      <object_component id="oc-16b">
         <name>.debug_info</name>
         <load_address>0x134ef</load_address>
         <run_address>0x134ef</run_address>
         <size>0x4b4</size>
         <input_file_ref idref="fl-e8"/>
      </object_component>
      <object_component id="oc-101">
         <name>.debug_info</name>
         <load_address>0x139a3</load_address>
         <run_address>0x139a3</run_address>
         <size>0x1a7</size>
         <input_file_ref idref="fl-e8"/>
      </object_component>
      <object_component id="oc-204">
         <name>.debug_info</name>
         <load_address>0x13b4a</load_address>
         <run_address>0x13b4a</run_address>
         <size>0x39</size>
         <input_file_ref idref="fl-e8"/>
      </object_component>
      <object_component id="oc-2a6">
         <name>.debug_info</name>
         <load_address>0x13b83</load_address>
         <run_address>0x13b83</run_address>
         <size>0x39</size>
         <input_file_ref idref="fl-e8"/>
      </object_component>
      <object_component id="oc-209">
         <name>.debug_info</name>
         <load_address>0x13bbc</load_address>
         <run_address>0x13bbc</run_address>
         <size>0x39</size>
         <input_file_ref idref="fl-e8"/>
      </object_component>
      <object_component id="oc-20e">
         <name>.debug_info</name>
         <load_address>0x13bf5</load_address>
         <run_address>0x13bf5</run_address>
         <size>0xcd</size>
         <input_file_ref idref="fl-e8"/>
      </object_component>
      <object_component id="oc-98">
         <name>.debug_info</name>
         <load_address>0x13cc2</load_address>
         <run_address>0x13cc2</run_address>
         <size>0x154</size>
         <input_file_ref idref="fl-e9"/>
      </object_component>
      <object_component id="oc-3d2">
         <name>.debug_info</name>
         <load_address>0x13e16</load_address>
         <run_address>0x13e16</run_address>
         <size>0x374</size>
         <input_file_ref idref="fl-ec"/>
      </object_component>
      <object_component id="oc-37d">
         <name>.debug_info</name>
         <load_address>0x1418a</load_address>
         <run_address>0x1418a</run_address>
         <size>0x1bd</size>
         <input_file_ref idref="fl-ec"/>
      </object_component>
      <object_component id="oc-3d8">
         <name>.debug_info</name>
[...]
      </symbol>
      <symbol id="sm-341">
         <name>__aeabi_memset</name>
         <value>0x2327</value>
         <object_component_ref idref="oc-91"/>
      </symbol>
      <symbol id="sm-342">
         <name>memset</name>
         <value>0x232d</value>
         <object_component_ref idref="oc-91"/>
      </symbol>
      <symbol id="sm-343">
         <name>__aeabi_memset8</name>
         <value>0x2327</value>
         <object_component_ref idref="oc-91"/>
      </symbol>
      <symbol id="sm-344">
         <name>__aeabi_memset4</name>
         <value>0x2327</value>
         <object_component_ref idref="oc-91"/>
      </symbol>
      <symbol id="sm-345">
         <name>__aeabi_memclr8</name>
         <value>0x2325</value>
         <object_component_ref idref="oc-91"/>
      </symbol>
      <symbol id="sm-346">
         <name>__aeabi_memclr4</name>
         <value>0x2325</value>
         <object_component_ref idref="oc-91"/>
      </symbol>
      <symbol id="sm-347">
         <name>__aeabi_memclr</name>
         <value>0x2325</value>
         <object_component_ref idref="oc-91"/>
      </symbol>
      <symbol id="sm-35e">
         <name>__aeabi_dsub</name>
         <value>0x1461</value>
         <object_component_ref idref="oc-ba"/>
      </symbol>
      <symbol id="sm-35f">
         <name>__aeabi_dadd</name>
         <value>0x146b</value>
         <object_component_ref idref="oc-ba"/>
      </symbol>
      <symbol id="sm-381">
         <name>__aeabi_cdcmpeq</name>
         <value>0x2219</value>
         <object_component_ref idref="oc-194"/>
      </symbol>
      <symbol id="sm-382">
         <name>__aeabi_cdcmple</name>
         <value>0x2219</value>
         <object_component_ref idref="oc-194"/>
      </symbol>
      <symbol id="sm-383">
         <name>__aeabi_cdrcmple</name>
         <value>0x229f</value>
         <object_component_ref idref="oc-223"/>
      </symbol>
      <symbol id="sm-397">
         <name>__aeabi_ddiv</name>
         <value>0x1755</value>
         <object_component_ref idref="oc-bf"/>
      </symbol>
      <symbol id="sm-3a2">
         <name>__aeabi_dmul</name>
         <value>0x1ced</value>
         <object_component_ref idref="oc-b5"/>
      </symbol>
      <symbol id="sm-3ac">
         <name>__aeabi_d2iz</name>
         <value>0x2b0d</value>
         <object_component_ref idref="oc-228"/>
      </symbol>
      <symbol id="sm-3b6">
         <name>__aeabi_i2d</name>
         <value>0x2de1</value>
         <object_component_ref idref="oc-233"/>
      </symbol>
      <symbol id="sm-3d1">
         <name>memcpy</name>
         <value>0x205b</value>
         <object_component_ref idref="oc-37"/>
      </symbol>
      <symbol id="sm-3d2">
         <name>__aeabi_memcpy</name>
         <value>0x205b</value>
         <object_component_ref idref="oc-37"/>
      </symbol>
      <symbol id="sm-3d3">
         <name>__aeabi_memcpy8</name>
         <value>0x205b</value>
         <object_component_ref idref="oc-37"/>
      </symbol>
      <symbol id="sm-3d4">
         <name>__aeabi_memcpy4</name>
         <value>0x205b</value>
         <object_component_ref idref="oc-37"/>
      </symbol>
      <symbol id="sm-3de">
         <name>__aeabi_ui2d</name>
         <value>0x2ed5</value>
         <object_component_ref idref="oc-b0"/>
      </symbol>
      <symbol id="sm-3f2">
         <name>__TI_zero_init_nomemset</name>
         <value>0x2ef5</value>
         <object_component_ref idref="oc-43"/>
      </symbol>
      <symbol id="sm-409">
         <name>__TI_decompress_none</name>
         <value>0x2fcb</value>
         <object_component_ref idref="oc-1a"/>
      </symbol>
      <symbol id="sm-42c">
         <name>__TI_decompress_lzss</name>
         <value>0x25c9</value>
         <object_component_ref idref="oc-14"/>
      </symbol>
      <symbol id="sm-452">
         <name>C$$EXIT</name>
         <value>0x3005</value>
         <object_component_ref idref="oc-f1"/>
      </symbol>
      <symbol id="sm-453">
         <name>abort</name>
         <value>0x3005</value>
         <object_component_ref idref="oc-f1"/>
      </symbol>
      <symbol id="sm-454">
         <name>__TI_dtors_ptr</name>
         <value>0x200005cc</value>
         <object_component_ref idref="oc-164"/>
      </symbol>
      <symbol id="sm-455">
         <name>__TI_cleanup_ptr</name>
         <value>0x200005c8</value>
         <object_component_ref idref="oc-164"/>
      </symbol>
      <symbol id="sm-456">
         <name>__TI_enable_exit_profile_output</name>
         <value>0x200005d0</value>
         <object_component_ref idref="oc-164"/>
      </symbol>
      <symbol id="sm-457">
         <name>exit</name>
         <value>0x2ac5</value>
         <object_component_ref idref="oc-f7"/>
      </symbol>
      <symbol id="sm-46c">
         <name>_nop</name>
         <value>0xb33</value>
         <object_component_ref idref="oc-1cf"/>
      </symbol>
      <symbol id="sm-46d">
         <name>_lock</name>
         <value>0x200005d4</value>
         <object_component_ref idref="oc-142"/>
      </symbol>
      <symbol id="sm-46e">
         <name>_unlock</name>
         <value>0x200005d8</value>
         <object_component_ref idref="oc-142"/>
      </symbol>
      <symbol id="sm-484">
         <name>atoi</name>
         <value>0x2a79</value>
         <object_component_ref idref="oc-188"/>
      </symbol>
      <symbol id="sm-48f">
         <name>_ctypes_</name>
         <value>0x3008</value>
         <object_component_ref idref="oc-217"/>
      </symbol>
      <symbol id="sm-4a4">
         <name>__TI_tmpnams</name>
         <value>0x20000710</value>
      </symbol>
      <symbol id="sm-4a5">
         <name>__aeabi_stdout</name>
         <value>0x200005c0</value>
         <object_component_ref idref="oc-36e"/>
      </symbol>
      <symbol id="sm-4a6">
         <name>__aeabi_stderr</name>
         <value>0x200005c4</value>
         <object_component_ref idref="oc-36e"/>
      </symbol>
      <symbol id="sm-4a7">
         <name>__aeabi_stdin</name>
         <value>0x200005bc</value>
         <object_component_ref idref="oc-36e"/>
      </symbol>
      <symbol id="sm-4a8">
         <name>_ftable</name>
         <value>0x20000400</value>
         <object_component_ref idref="oc-145"/>
      </symbol>
      <symbol id="sm-4a9">
         <name>__TI_ft_end</name>
         <value>0x200005b8</value>
         <object_component_ref idref="oc-36e"/>
      </symbol>
      <symbol id="sm-4b8">
         <name>ltoa</name>
         <value>0x2987</value>
         <object_component_ref idref="oc-22d"/>
      </symbol>
      <symbol id="sm-4c8">
         <name>memccpy</name>
         <value>0x2f2d</value>
         <object_component_ref idref="oc-1b1"/>
      </symbol>
      <symbol id="sm-4d8">
         <name>memchr</name>
         <value>0x2eb5</value>
         <object_component_ref idref="oc-290"/>
      </symbol>
      <symbol id="sm-561">
         <name>_sys_memory</name>
         <value>0x20000000</value>
         <object_component_ref idref="oc-26"/>
      </symbol>
      <symbol id="sm-562">
         <name>free</name>
         <value>0x1de9</value>
         <object_component_ref idref="oc-31f"/>
      </symbol>
      <symbol id="sm-563">
         <name>memalign</name>
         <value>0x19b1</value>
         <object_component_ref idref="oc-361"/>
      </symbol>
      <symbol id="sm-564">
         <name>malloc</name>
         <value>0x2ff1</value>
         <object_component_ref idref="oc-325"/>
      </symbol>
      <symbol id="sm-565">
         <name>aligned_alloc</name>
         <value>0x19b1</value>
         <object_component_ref idref="oc-361"/>
      </symbol>
      <symbol id="sm-575">
         <name>strchr</name>
         <value>0x2f7b</value>
         <object_component_ref idref="oc-25f"/>
      </symbol>
      <symbol id="sm-583">
         <name>strlen</name>
         <value>0x2fa5</value>
         <object_component_ref idref="oc-182"/>
      </symbol>
      <symbol id="sm-596">
         <name>__stack</name>
         <value>0x2000fe00</value>
         <object_component_ref idref="oc-29"/>
      </symbol>
      <symbol id="sm-597">
         <name>_c_int00_noargs</name>
         <value>0x2d7d</value>
         <object_component_ref idref="oc-55"/>
      </symbol>
      <symbol id="sm-5b1">
         <name>write</name>
         <value>0x2e8d</value>
         <object_component_ref idref="oc-29c"/>
      </symbol>
      <symbol id="sm-5c2">
         <name>_stream</name>
         <value>0x20000568</value>
         <object_component_ref idref="oc-2fd"/>
      </symbol>
      <symbol id="sm-5c3">
         <name>_device</name>
         <value>0x200004f0</value>
         <object_component_ref idref="oc-33e"/>
      </symbol>
      <symbol id="sm-5d9">
         <name>__aeabi_errno_addr</name>
         <value>0x2fe9</value>
         <object_component_ref idref="oc-1bd"/>
      </symbol>
      <symbol id="sm-5da">
         <name>errno</name>
         <value>0x200005e8</value>
         <object_component_ref idref="oc-26f"/>
      </symbol>
      <symbol id="sm-5f3">
         <name>wcslen</name>
         <value>0x2fb9</value>
         <object_component_ref idref="oc-1b7"/>
      </symbol>
      <symbol id="sm-5fd">
         <name>copysign</name>
         <value>0x2f49</value>
         <object_component_ref idref="oc-2cf"/>
      </symbol>
      <symbol id="sm-5fe">
         <name>copysignl</name>
         <value>0x2f49</value>
         <object_component_ref idref="oc-2cf"/>
      </symbol>
      <symbol id="sm-60e">
         <name>__TI_doflush</name>
         <value>0x2a2d</value>
         <object_component_ref idref="oc-296"/>
      </symbol>
      <symbol id="sm-61e">
         <name>__TI_cleanup</name>
         <value>0x2d15</value>
         <object_component_ref idref="oc-32b"/>
      </symbol>
      <symbol id="sm-630">
         <name>fseek</name>
         <value>0x26fd</value>
         <object_component_ref idref="oc-2eb"/>
      </symbol>
      <symbol id="sm-63a">
         <name>__aeabi_idiv0</name>
         <value>0x1617</value>
         <object_component_ref idref="oc-2b9"/>
      </symbol>
      <symbol id="sm-63b">
         <name>__aeabi_ldiv0</name>
         <value>0x1617</value>
         <object_component_ref idref="oc-2b9"/>
      </symbol>
      <symbol id="sm-663">
         <name>__TI_auto_init_nobinit_nopinit</name>
         <value>0x2bdd</value>
         <object_component_ref idref="oc-fd"/>
      </symbol>
      <symbol id="sm-66d">
         <name>_system_pre_init</name>
         <value>0x3001</value>
         <object_component_ref idref="oc-97"/>
      </symbol>
      <symbol id="sm-680">
         <name>HOSTclose</name>
         <value>0x2b55</value>
         <object_component_ref idref="oc-37a"/>
      </symbol>
      <symbol id="sm-691">
         <name>HOSTlseek</name>
         <value>0x2561</value>
         <object_component_ref idref="oc-38c"/>
      </symbol>
      <symbol id="sm-6a3">
         <name>parmbuf</name>
         <value>0x200007b0</value>
      </symbol>
      <symbol id="sm-6a4">
         <name>HOSTopen</name>
         <value>0x27c5</value>
         <object_component_ref idref="oc-374"/>
      </symbol>
      <symbol id="sm-6b5">
         <name>HOSTread</name>
         <value>0x2881</value>
         <object_component_ref idref="oc-380"/>
      </symbol>
      <symbol id="sm-6c6">
         <name>HOSTrename</name>
         <value>0x24f5</value>
         <object_component_ref idref="oc-398"/>
      </symbol>
      <symbol id="sm-6d7">
         <name>HOSTunlink</name>
         <value>0x2b99</value>
         <object_component_ref idref="oc-392"/>
      </symbol>
      <symbol id="sm-6e8">
         <name>HOSTwrite</name>
         <value>0x28d9</value>
         <object_component_ref idref="oc-386"/>
      </symbol>
      <symbol id="sm-70c">
         <name>__TI_readmsg</name>
         <value>0x2d49</value>
         <object_component_ref idref="oc-3c7"/>
      </symbol>
      <symbol id="sm-70d">
         <name>C$$IO$$</name>
         <value>0x2cd3</value>
         <object_component_ref idref="oc-3c1"/>
      </symbol>
      <symbol id="sm-70e">
         <name>__CIOBUF_</name>
         <value>0x200005f0</value>
         <object_component_ref idref="oc-3f2"/>
      </symbol>
      <symbol id="sm-70f">
         <name>__TI_writemsg</name>
         <value>0x2ca5</value>
         <object_component_ref idref="oc-3c1"/>
      </symbol>
      <symbol id="sm-720">
         <name>lseek</name>
         <value>0x2e65</value>
         <object_component_ref idref="oc-317"/>
      </symbol>
      <symbol id="sm-735">
         <name>__TI_closefile</name>
         <value>0x23a1</value>
         <object_component_ref idref="oc-368"/>
      </symbol>
      <symbol id="sm-758">
         <name>finddevice</name>
         <value>0x2db1</value>
         <object_component_ref idref="oc-410"/>
      </symbol>
      <symbol id="sm-759">
         <name>getdevice</name>
         <value>0x2c21</value>
         <object_component_ref idref="oc-3e8"/>
      </symbol>
      <symbol id="sm-768">
         <name>strcmp</name>
         <value>0x2f63</value>
         <object_component_ref idref="oc-427"/>
      </symbol>
      <symbol id="sm-776">
         <name>strcpy</name>
         <value>0x2f91</value>
         <object_component_ref idref="oc-3db"/>
      </symbol>
      <symbol id="sm-786">
         <name>strncpy</name>
         <value>0x2cdd</value>
         <object_component_ref idref="oc-40a"/>
      </symbol>
      <symbol id="sm-79b">
         <name>close</name>
         <value>0x2825</value>
         <object_component_ref idref="oc-3b0"/>
      </symbol>
      <symbol id="sm-7ab">
         <name>unlink</name>
         <value>0x2e11</value>
         <object_component_ref idref="oc-3b6"/>
      </symbol>
      <symbol id="sm-7ac">
         <name>__TI_static_base__</name>
         <value>0x0</value>
      </symbol>
      <symbol id="sm-7af">
         <name>__mpu_init</name>
         <value>0x0</value>
      </symbol>
      <symbol id="sm-7b0">
         <name>_system_post_cinit</name>
         <value>0x0</value>
      </symbol>
      <symbol id="sm-7b1">
         <name>NMI_Handler</name>
         <value>0x2fe5</value>
      </symbol>
      <symbol id="sm-7b2">
         <name>HardFault_Handler</name>
         <value>0x2fe5</value>
      </symbol>
      <symbol id="sm-7b3">
         <name>MemManage_Handler</name>
         <value>0x2fe5</value>
      </symbol>
      <symbol id="sm-7b4">
         <name>BusFault_Handler</name>
         <value>0x2fe5</value>
      </symbol>
      <symbol id="sm-7b5">
         <name>UsageFault_Handler</name>
         <value>0x2fe5</value>
      </symbol>
      <symbol id="sm-7b6">
         <name>SVC_Handler</name>
         <value>0x2fe5</value>
      </symbol>
      <symbol id="sm-7b7">
         <name>DebugMon_Handler</name>
         <value>0x2fe5</value>
      </symbol>
      <symbol id="sm-7b8">
         <name>PendSV_Handler</name>
         <value>0x2fe5</value>
      </symbol>
      <symbol id="sm-7b9">
         <name>SysTick_Handler</name>
         <value>0x13b5</value>
      </symbol>
      <symbol id="sm-7ba">
         <name>PSS_IRQHandler</name>
         <value>0x2fe5</value>
      </symbol>
      <symbol id="sm-7bb">
         <name>CS_IRQHandler</name>
         <value>0x2fe5</value>
      </symbol>
      <symbol id="sm-7bc">
         <name>PCM_IRQHandler</name>
         <value>0x2fe5</value>
      </symbol>
      <symbol id="sm-7bd">
         <name>WDT_A_IRQHandler</name>
         <value>0x2fe5</value>
      </symbol>
      <symbol id="sm-7be">
         <name>FPU_IRQHandler</name>
         <value>0x2fe5</value>
      </symbol>
      <symbol id="sm-7bf">
         <name>FLCTL_IRQHandler</name>
         <value>0x2fe5</value>
      </symbol>
      <symbol id="sm-7c0">
         <name>COMP_E0_IRQHandler</name>
         <value>0x2fe5</value>
      </symbol>
      <symbol id="sm-7c1">
         <name>COMP_E1_IRQHandler</name>
         <value>0x2fe5</value>
      </symbol>
      <symbol id="sm-7c2">
         <name>TA0_0_IRQHandler</name>
         <value>0x2fe5</value>
      </symbol>
      <symbol id="sm-7c3">
         <name>TA0_N_IRQHandler</name>
         <value>0x2fe5</value>
      </symbol>
      <symbol id="sm-7c4">
         <name>TA1_0_IRQHandler</name>
         <value>0x2fe5</value>
      </symbol>
      <symbol id="sm-7c5">
         <name>TA1_N_IRQHandler</name>
         <value>0x2fe5</value>
      </symbol>
      <symbol id="sm-7c6">
         <name>TA2_0_IRQHandler</name>
         <value>0x2fe5</value>
      </symbol>
      <symbol id="sm-7c7">
         <name>TA2_N_IRQHandler</name>
         <value>0x2fe5</value>
      </symbol>
      <symbol id="sm-7c8">
         <name>TA3_0_IRQHandler</name>
         <value>0x2fe5</value>
      </symbol>
      <symbol id="sm-7c9">
         <name>TA3_N_IRQHandler</name>
         <value>0x2fe5</value>
      </symbol>
      <symbol id="sm-7ca">
         <name>EUSCIA0_IRQHandler</name>
         <value>0x2fe5</value>
      </symbol>
      <symbol id="sm-7cb">
         <name>EUSCIA1_IRQHandler</name>
         <value>0x2fe5</value>
      </symbol>
      <symbol id="sm-7cc">
         <name>EUSCIA2_IRQHandler</name>
         <value>0x2fe5</value>
      </symbol>
      <symbol id="sm-7cd">
         <name>EUSCIA3_IRQHandler</name>
         <value>0x2fe5</value>
      </symbol>
      <symbol id="sm-7ce">
         <name>EUSCIB0_IRQHandler</name>
         <value>0x2fe5</value>
      </symbol>
      <symbol id="sm-7cf">
         <name>EUSCIB1_IRQHandler</name>
         <value>0x2fe5</value>
      </symbol>
      <symbol id="sm-7d0">
         <name>EUSCIB2_IRQHandler</name>
         <value>0x2fe5</value>
      </symbol>
      <symbol id="sm-7d1">
         <name>EUSCIB3_IRQHandler</name>
         <value>0x2fe5</value>
      </symbol>
      <symbol id="sm-7d2">
         <name>ADC14_IRQHandler</name>
         <value>0x2fe5</value>
      </symbol>
      <symbol id="sm-7d3">
         <name>T32_INT1_IRQHandler</name>
         <value>0x2fe5</value>
      </symbol>
      <symbol id="sm-7d4">
         <name>T32_INT2_IRQHandler</name>
         <value>0x2fe5</value>
      </symbol>
      <symbol id="sm-7d5">
         <name>T32_INTC_IRQHandler</name>
         <value>0x2fe5</value>
      </symbol>
      <symbol id="sm-7d6">
         <name>AES256_IRQHandler</name>
         <value>0x2fe5</value>
      </symbol>
      <symbol id="sm-7d7">
         <name>RTC_C_IRQHandler</name>
         <value>0x2fe5</value>
      </symbol>
      <symbol id="sm-7d8">
         <name>DMA_ERR_IRQHandler</name>
         <value>0x2fe5</value>
      </symbol>
      <symbol id="sm-7d9">
         <name>DMA_INT3_IRQHandler</name>
         <value>0x2fe5</value>
      </symbol>
      <symbol id="sm-7da">
         <name>DMA_INT2_IRQHandler</name>
         <value>0x2fe5</value>
      </symbol>
      <symbol id="sm-7db">
         <name>DMA_INT1_IRQHandler</name>
         <value>0x2fe5</value>
      </symbol>
      <symbol id="sm-7dc">
         <name>DMA_INT0_IRQHandler</name>
         <value>0x2fe5</value>
      </symbol>
      <symbol id="sm-7dd">
         <name>PORT1_IRQHandler</name>
         <value>0x2fe5</value>
      </symbol>
      <symbol id="sm-7de">
         <name>PORT2_IRQHandler</name>
         <value>0x2fe5</value>
      </symbol>
      <symbol id="sm-7df">
         <name>PORT3_IRQHandler</name>
         <value>0x2fe5</value>
      </symbol>
      <symbol id="sm-7e0">
         <name>PORT4_IRQHandler</name>
         <value>0x2fe5</value>
      </symbol>
      <symbol id="sm-7e1">
         <name>PORT5_IRQHandler</name>
         <value>0x2fe5</value>
      </symbol>
      <symbol id="sm-7e2">
         <name>PORT6_IRQHandler</name>
         <value>0x2fe5</value>
      </symbol>
      <symbol id="sm-7e3">
         <name>remove</name>
         <value>0x2e11</value>
      </symbol>
   </symbol_table>
   <title>Link successful</title>
</link_info>
